lumos 測試(2 案例)
  ✓ 到上限提示 human-decides/None 叫人記人裁=True
  ✓ 到上限提示 reshape/None 叫人記人裁=True
  ✓ 到上限提示 can-stop/None 叫人記人裁=False
  ✓ 到上限提示 can-stop/cap-reached 叫人記人裁=True
  ✓ 沒給 env:判不了,不印人裁那行也不呼叫
  ✓ 沒到上限(只有熔斷):不呼叫
  ✓ 1 前置:cap-reached
  ✓ 1 cap-reached:記人裁的指令只印一次
  ✓ 1 前置:converged
  ✓ 1 converged 到上限:記人裁的指令也印(一次)
  ✓ 1 處置閘過閘到上限:記人裁的指令也印(一次)
  ✓ 1 已有人裁:不再叫人記人裁
  ✓ 1 已有人裁(處置閘):不再叫人記人裁
  ✓ 1 治理帳壞(loop next):不叫人記人裁(記了也會回 2),改講治理帳
  ✓ 1 治理帳壞(處置閘):不叫人記人裁(記了也會回 2),改講治理帳
  ✓ 1 [cap-hint] 不自己組記人裁的指令(交給 _cap_retro_next_lines)

最慢 5 支(超時上限 180s;餘裕 = 上限 / 最慢):
     6.7s  t_cap_retro_r4_cap_decision_single_source  (餘裕 27x)
     0.0s  t_cap_hint_at_cap_shows_cap_decision  (餘裕 4098x)

────────────────────────────────────────
16 passed, 0 failed
