  ✓ 清單快取/4:每提交皆有獨立測試與程式變更
  ✓ 清單快取/4:所有候選仍被辨識
  ✓ 清單快取/4:存活版本有界且返回釋放
  ✓ 清單快取/12:每提交皆有獨立測試與程式變更
  ✓ 清單快取/12:所有候選仍被辨識
  ✓ 清單快取/12:存活版本有界且返回釋放
{'strengthened': False, 'no_reuse_mutant': True, 'passed': 6, 'failed': 0, 'skipped': 0}
  ✓ 清單快取/4:每提交皆有獨立測試與程式變更
  ✓ 清單快取/4:所有候選仍被辨識
  ✓ 清單快取/4:存活版本有界且返回釋放
  ✗ 清單快取/4:線性相鄰版本只讀一次  calls=8, expected=5
  ✓ 清單快取/12:每提交皆有獨立測試與程式變更
  ✓ 清單快取/12:所有候選仍被辨識
  ✓ 清單快取/12:存活版本有界且返回釋放
  ✗ 清單快取/12:線性相鄰版本只讀一次  calls=24, expected=13
{'strengthened': True, 'no_reuse_mutant': True, 'passed': 6, 'failed': 2, 'skipped': 0}
  ✓ 清單快取/4:每提交皆有獨立測試與程式變更
  ✓ 清單快取/4:所有候選仍被辨識
  ✓ 清單快取/4:存活版本有界且返回釋放
  ✓ 清單快取/4:線性相鄰版本只讀一次
  ✓ 清單快取/12:每提交皆有獨立測試與程式變更
  ✓ 清單快取/12:所有候選仍被辨識
  ✓ 清單快取/12:存活版本有界且返回釋放
  ✓ 清單快取/12:線性相鄰版本只讀一次
{'strengthened': True, 'no_reuse_mutant': False, 'passed': 8, 'failed': 0, 'skipped': 0}
