lumos 測試(1 案例)
  ✓ 索引證據/False/index-change:現場三項一起staged
  ✓ 索引證據/False/index-change:注入確實發生且暫存區現場符合模式
  ✓ 索引證據/False/index-change:只拒收已撤回的測試證據
  ✓ 索引證據/False/index-change:檢查未改寫暫存區
  ✓ 索引證據/False/stable:現場三項一起staged
  ✓ 索引證據/False/stable:注入確實發生且暫存區現場符合模式
  ✓ 索引證據/False/stable:只拒收已撤回的測試證據
  ✓ 索引證據/False/stable:檢查未改寫暫存區
  ✓ 索引證據/False/worktree-only:現場三項一起staged
  ✓ 索引證據/False/worktree-only:注入確實發生且暫存區現場符合模式
  ✓ 索引證據/False/worktree-only:只拒收已撤回的測試證據
  ✓ 索引證據/False/worktree-only:檢查未改寫暫存區
  ✓ 索引證據/True/index-change:現場三項一起staged
  ✓ 索引證據/True/index-change:注入確實發生且暫存區現場符合模式
  ✓ 索引證據/True/index-change:只拒收已撤回的測試證據
  ✓ 索引證據/True/index-change:檢查未改寫暫存區
  ✓ 索引證據/True/stable:現場三項一起staged
  ✓ 索引證據/True/stable:注入確實發生且暫存區現場符合模式
  ✓ 索引證據/True/stable:只拒收已撤回的測試證據
  ✓ 索引證據/True/stable:檢查未改寫暫存區
  ✓ 索引證據/True/worktree-only:現場三項一起staged
  ✓ 索引證據/True/worktree-only:注入確實發生且暫存區現場符合模式
  ✓ 索引證據/True/worktree-only:只拒收已撤回的測試證據
  ✓ 索引證據/True/worktree-only:檢查未改寫暫存區

最慢 5 支(超時上限 180s;餘裕 = 上限 / 最慢):
    27.9s  t_nodehome_optional_test_index_changed  (餘裕 6x)

────────────────────────────────────────
24 passed, 0 failed
