lumos 測試(1 案例)
  ✓ 索引證據/False/index-change:現場三項一起staged
  ✓ 索引證據/False/index-change:注入確實發生且暫存區現場符合模式
  ✗ 索引證據/False/index-change:只拒收已撤回的測試證據  提醒:src/a.py 改了,它的家 Systems/Production 這次沒動——行為有變的話說明要寫進去。
INDEX-EVIDENCE:[{"mode": "index-change", "test_staged": false}]

  ✓ 索引證據/False/index-change:檢查未改寫暫存區
  ✓ 索引證據/False/stable:現場三項一起staged
  ✓ 索引證據/False/stable:注入確實發生且暫存區現場符合模式
  ✓ 索引證據/False/stable:只拒收已撤回的測試證據
  ✓ 索引證據/False/stable:檢查未改寫暫存區
  ✓ 索引證據/False/worktree-only:現場三項一起staged
  ✓ 索引證據/False/worktree-only:注入確實發生且暫存區現場符合模式
  ✓ 索引證據/False/worktree-only:只拒收已撤回的測試證據
  ✓ 索引證據/False/worktree-only:檢查未改寫暫存區
  ✓ 索引證據/True/index-change:現場三項一起staged
  ✓ 索引證據/True/index-change:注入確實發生且暫存區現場符合模式
  ✗ 索引證據/True/index-change:只拒收已撤回的測試證據  提醒:src/a.py 改了,它的家 Systems/Production 這次沒動——行為有變的話說明要寫進去。
INDEX-EVIDENCE:[{"mode": "index-change", "test_staged": false}]

  ✓ 索引證據/True/index-change:檢查未改寫暫存區
  ✓ 索引證據/True/stable:現場三項一起staged
  ✓ 索引證據/True/stable:注入確實發生且暫存區現場符合模式
  ✓ 索引證據/True/stable:只拒收已撤回的測試證據
  ✓ 索引證據/True/stable:檢查未改寫暫存區
  ✓ 索引證據/True/worktree-only:現場三項一起staged
  ✓ 索引證據/True/worktree-only:注入確實發生且暫存區現場符合模式
  ✓ 索引證據/True/worktree-only:只拒收已撤回的測試證據
  ✓ 索引證據/True/worktree-only:檢查未改寫暫存區
  ✗ FAILED t_nodehome_optional_test_index_changed(2 條斷言)

最慢 5 支(超時上限 180s;餘裕 = 上限 / 最慢):
    24.4s  t_nodehome_optional_test_index_changed  (餘裕 7x)

────────────────────────────────────────
22 passed, 2 failed
  這一輪的暫存現場留著沒刪(有紅或 --keep-tmp):/var/folders/tc/xmllmxtn4q5704lsy80wc1kw0000gn/T/gctl-run-70onujru
