  ✓ 快照編碼 opt=False:首筆rc2指出snapshot編碼
  ✓ 快照編碼 opt=False:首筆不建帳且無成功訊息
  ✓ 快照編碼 opt=False:全錨合法種子確實落帳
  ✓ 快照編碼 opt=False:種子確實解析報告且存同份指紋
  ✓ 快照編碼 opt=False case=0:rc2與欄位診斷
  ✓ 快照編碼 opt=False case=0:無traceback或成功訊息
  ✓ 快照編碼 opt=False case=0:成功帳逐位元不變
  ✓ 快照編碼 opt=False case=1:rc2與欄位診斷
  ✓ 快照編碼 opt=False case=1:無traceback或成功訊息
  ✓ 快照編碼 opt=False case=1:成功帳逐位元不變
  ✓ 快照編碼 opt=False case=2:rc2與欄位診斷
  ✓ 快照編碼 opt=False case=2:無traceback或成功訊息
  ✓ 快照編碼 opt=False case=2:成功帳逐位元不變
  ✓ 快照編碼 opt=False:CRLF合法對照成功
  ✓ 快照編碼 opt=False:CRLF仍記同份原始bytes指紋
  ✓ 快照編碼 opt=False:非編碼故障仍為原RuntimeError
  ✓ 快照編碼 opt=False:非編碼故障不追加成功帳
  ✓ 快照編碼 opt=False:引句解析故障仍為原RuntimeError
  ✓ 快照編碼 opt=False:引句解析故障不追加成功帳
  ✓ 快照編碼 opt=False:非載體原政策仍成功
  ✓ 快照編碼 opt=False:非載體保存壞編碼原bytes指紋
  ✓ 快照編碼 opt=False:缺檔沿用IO診斷而非編碼
  ✓ 快照編碼 opt=False:缺檔無traceback且帳不變
  ✓ 快照編碼 opt=True:首筆rc2指出snapshot編碼
  ✓ 快照編碼 opt=True:首筆不建帳且無成功訊息
  ✓ 快照編碼 opt=True:全錨合法種子確實落帳
  ✓ 快照編碼 opt=True:種子確實解析報告且存同份指紋
  ✓ 快照編碼 opt=True case=0:rc2與欄位診斷
  ✓ 快照編碼 opt=True case=0:無traceback或成功訊息
  ✓ 快照編碼 opt=True case=0:成功帳逐位元不變
  ✓ 快照編碼 opt=True case=1:rc2與欄位診斷
  ✓ 快照編碼 opt=True case=1:無traceback或成功訊息
  ✓ 快照編碼 opt=True case=1:成功帳逐位元不變
  ✓ 快照編碼 opt=True case=2:rc2與欄位診斷
  ✓ 快照編碼 opt=True case=2:無traceback或成功訊息
  ✓ 快照編碼 opt=True case=2:成功帳逐位元不變
  ✓ 快照編碼 opt=True:CRLF合法對照成功
  ✓ 快照編碼 opt=True:CRLF仍記同份原始bytes指紋
  ✓ 快照編碼 opt=True:非編碼故障仍為原RuntimeError
  ✓ 快照編碼 opt=True:非編碼故障不追加成功帳
  ✓ 快照編碼 opt=True:引句解析故障仍為原RuntimeError
  ✓ 快照編碼 opt=True:引句解析故障不追加成功帳
  ✓ 快照編碼 opt=True:非載體原政策仍成功
  ✓ 快照編碼 opt=True:非載體保存壞編碼原bytes指紋
  ✓ 快照編碼 opt=True:缺檔沿用IO診斷而非編碼
  ✓ 快照編碼 opt=True:缺檔無traceback且帳不變
  ✓ 快照IO/False:首次暫時失敗當場拒收並定位IO
  ✓ 快照IO/False:首次不建成功帳
  ✓ 快照IO/False:正常讀取合法材料確實落帳
  ✓ 快照IO/False/valid:暫時失敗當場rc2不誤診
  ✓ 快照IO/False/valid:無traceback或成功訊息
  ✓ 快照IO/False/valid:成功帳逐位元不變
  ✓ 快照IO/False/invalid-encoding:暫時失敗當場rc2不誤診
  ✓ 快照IO/False/invalid-encoding:無traceback或成功訊息
  ✓ 快照IO/False/invalid-encoding:成功帳逐位元不變
  ✓ 快照IO/False/unmatched:暫時失敗當場rc2不誤診
  ✓ 快照IO/False/unmatched:無traceback或成功訊息
  ✓ 快照IO/False/unmatched:成功帳逐位元不變
  ✓ 快照IO/True:首次暫時失敗當場拒收並定位IO
  ✓ 快照IO/True:首次不建成功帳
  ✓ 快照IO/True:正常讀取合法材料確實落帳
  ✓ 快照IO/True/valid:暫時失敗當場rc2不誤診
  ✓ 快照IO/True/valid:無traceback或成功訊息
  ✓ 快照IO/True/valid:成功帳逐位元不變
  ✓ 快照IO/True/invalid-encoding:暫時失敗當場rc2不誤診
  ✓ 快照IO/True/invalid-encoding:無traceback或成功訊息
  ✓ 快照IO/True/invalid-encoding:成功帳逐位元不變
  ✓ 快照IO/True/unmatched:暫時失敗當場rc2不誤診
  ✓ 快照IO/True/unmatched:無traceback或成功訊息
  ✓ 快照IO/True/unmatched:成功帳逐位元不變
{'old_test_version': 'f6787629227f40761e0969ae6e871198551f3e35', 'current_sources': {'scripts/lumos': '57fdf7883ed0dabd9ecb1ad378cc4aa564feb97d0f11559139d0fce0ee91b4e1', 'scripts/test_lumos.py': 'fbe6d14041d598b965f4e53f859528b3b63b429d148123c4168d369cbed8b6df'}, 'scope': 'exact old two H method bodies executed against repaired product; no added OSError expectations; overlaps current74, not additive', 'passed': 70, 'failed': 0, 'skipped': 0}
