lumos 測試(5 案例)
t_codeloop_check_merge_side_dispositions
  ✓ ①合進來那側有表態、主線沒有 → 表態那關放行(沒被擋在表態)
  ✓ ②合進來那側沒表態 → 擋在表態那關
  ✓ ③第一個母不是推送範圍起點 → 擋在表態那關
  ✓ t_codeloop_check_merge_side_dispositions
t_codeloop_check_merge_side_pass
  ✓ ①乾淨合併、合進來那側有 pass → 放行並寫明認的是合進來那側
  ✓ ②目標分支有過期紀錄 → 一樣放行
  ✓ ③合併時手改過 → 照舊擋、講合併結果跟合進來那側不同(先擋在表態或審查哪一關都可以)
  ✓ t_codeloop_check_merge_side_pass
t_codeloop_check_merge_side_reject_record
  ✓ ⑥還原提交把內容退回主線舊版、只有主線舊紀錄 → 照舊擋
  ✓ ⑦合進來那側沒有紀錄 → 照舊擋
  ✓ ⑨紀錄只在合併提交新加的帳本行 → 不算數、照舊擋
  ✓ ⑧紀錄之後又改過程式 → 照舊擋
  ✓ t_codeloop_check_merge_side_reject_record
t_codeloop_check_merge_side_reject_shape
  ✓ ④未審分支擺第一個母(第一個母不是推送範圍起點)→ 照舊擋、講起點
  ✓ ⑤分支沒跟上主線 → 照舊擋、講沒跟上
  ✓ t_codeloop_check_merge_side_reject_shape
t_codeloop_merge_side_edges
  ✓ ①skip 紀錄照認
  ✓ ①b 放行訊息裡分支名的控制字元不原樣印
  ✓ ②起點全零 → 不認、不講理由
  ✓ ②b 不是合併提交 → 不認、不講理由
  ✓ ⑤中文簿記檔的差異照算簿記 → 照認
  ✓ ⑥淺 clone 判斷逾時 → 不認、講判不了、不丟例外
  ✓ ④合併時刪檔 → 不認、講合併結果
  ✓ ③三個母 → 不認
  ✓ ⑦主線本機多了沒推過的提交再合 → 不認、講起點
  ✓ ⑧目標分支有過期表態 → 改認合進來那側的表態
  ✓ t_codeloop_merge_side_edges

最慢 5 支(超時上限 180s;餘裕 = 上限 / 最慢):
    24.5s  t_codeloop_check_merge_side_reject_record  (餘裕 7x)
    17.2s  t_codeloop_check_merge_side_dispositions  (餘裕 10x)
    12.0s  t_codeloop_check_merge_side_reject_shape  (餘裕 15x)
    11.9s  t_codeloop_check_merge_side_pass  (餘裕 15x)
     6.9s  t_codeloop_merge_side_edges  (餘裕 26x)

────────────────────────────────────────
22 passed, 0 failed
