lumos 測試(1 案例)
  ✓ 索引ABA/False/False/False:原始索引種子成立
  ✓ 索引ABA/False/False/False:真實索引注入及還原成立
  ✓ 索引ABA/False/False/False:只借原始版本的測試證據
  ✓ 索引ABA/False/False/False:只依原始版本判斷
  ✓ 索引ABA/False/False/False:檢查後索引內容不變
  ✓ 索引ABA/False/False/True:原始索引種子成立
  ✓ 索引ABA/False/False/True:真實索引注入及還原成立
  ✗ 索引ABA/False/False/True:只借原始版本的測試證據  提醒:src/a.py 改了,它的家 Systems/Production 這次沒動——行為有變的話說明要寫進去。
ABA:[{"restored": true, "transient": "#!/usr/bin/env python3\nx = 99\n", "borrowed": true}]

  ✗ 索引ABA/False/False/True:只依原始版本判斷  提醒:src/a.py 改了,它的家 Systems/Production 這次沒動——行為有變的話說明要寫進去。
ABA:[{"restored": true, "transient": "#!/usr/bin/env python3\nx = 99\n", "borrowed": true}]

  ✓ 索引ABA/False/False/True:檢查後索引內容不變
  ✓ 索引ABA/False/True/True:原始索引種子成立
  ✓ 索引ABA/False/True/True:真實索引注入及還原成立
  ✗ 索引ABA/False/True/True:只借原始版本的測試證據  擋下:這次提交有 1 條「每支檔有家」的新違規。
每支程式檔要有一篇管它的節點(about_code 列了它);沒有家的檔,改它時工具推不出該看的筆記,寫回也不知道該落哪——兩個專案就是這樣長出一篇包全部的節點。

■ 這次寫了說明的節點,不是任何一支改動檔的家(1 篇):
  Systems/TestHome(這次改的檔:src/a.py)
  兩條路:把說明寫進那些檔的家;或這篇真的在講那支檔,就把檔加進它管的範圍(明文、審得到,超過上限要寫負責範圍):
    lumos append <節點> about_code <檔>

真的要先提交 → git commit --no-verify,並在訊息裡留一句為什麼(推送前還會再查一次)。整個專案先改成只提醒:.lumos/config.json 的 node_home.gate 設成 warn。
提醒:src/a.py 改了,它的家 Systems/Production 這次沒動——行為有變的話說明要寫進去。
ABA:[{"restored": true, "transient": "x = 99\n", "borrowed": false}]

  ✗ 索引ABA/False/True/True:只依原始版本判斷  擋下:這次提交有 1 條「每支檔有家」的新違規。
每支程式檔要有一篇管它的節點(about_code 列了它);沒有家的檔,改它時工具推不出該看的筆記,寫回也不知道該落哪——兩個專案就是這樣長出一篇包全部的節點。

■ 這次寫了說明的節點,不是任何一支改動檔的家(1 篇):
  Systems/TestHome(這次改的檔:src/a.py)
  兩條路:把說明寫進那些檔的家;或這篇真的在講那支檔,就把檔加進它管的範圍(明文、審得到,超過上限要寫負責範圍):
    lumos append <節點> about_code <檔>

真的要先提交 → git commit --no-verify,並在訊息裡留一句為什麼(推送前還會再查一次)。整個專案先改成只提醒:.lumos/config.json 的 node_home.gate 設成 warn。
提醒:src/a.py 改了,它的家 Systems/Production 這次沒動——行為有變的話說明要寫進去。
ABA:[{"restored": true, "transient": "x = 99\n", "borrowed": false}]

  ✓ 索引ABA/False/True/True:檢查後索引內容不變
  ✓ 索引ABA/True/False/False:原始索引種子成立
  ✓ 索引ABA/True/False/False:真實索引注入及還原成立
  ✓ 索引ABA/True/False/False:只借原始版本的測試證據
  ✓ 索引ABA/True/False/False:只依原始版本判斷
  ✓ 索引ABA/True/False/False:檢查後索引內容不變
  ✓ 索引ABA/True/False/True:原始索引種子成立
  ✓ 索引ABA/True/False/True:真實索引注入及還原成立
  ✗ 索引ABA/True/False/True:只借原始版本的測試證據  提醒:src/a.py 改了,它的家 Systems/Production 這次沒動——行為有變的話說明要寫進去。
ABA:[{"restored": true, "transient": "#!/usr/bin/env python3\nx = 99\n", "borrowed": true}]

  ✗ 索引ABA/True/False/True:只依原始版本判斷  提醒:src/a.py 改了,它的家 Systems/Production 這次沒動——行為有變的話說明要寫進去。
ABA:[{"restored": true, "transient": "#!/usr/bin/env python3\nx = 99\n", "borrowed": true}]

  ✓ 索引ABA/True/False/True:檢查後索引內容不變
  ✓ 索引ABA/True/True/True:原始索引種子成立
  ✓ 索引ABA/True/True/True:真實索引注入及還原成立
  ✗ 索引ABA/True/True/True:只借原始版本的測試證據  擋下:這次提交有 1 條「每支檔有家」的新違規。
每支程式檔要有一篇管它的節點(about_code 列了它);沒有家的檔,改它時工具推不出該看的筆記,寫回也不知道該落哪——兩個專案就是這樣長出一篇包全部的節點。

■ 這次寫了說明的節點,不是任何一支改動檔的家(1 篇):
  Systems/TestHome(這次改的檔:src/a.py)
  兩條路:把說明寫進那些檔的家;或這篇真的在講那支檔,就把檔加進它管的範圍(明文、審得到,超過上限要寫負責範圍):
    lumos append <節點> about_code <檔>

真的要先提交 → git commit --no-verify,並在訊息裡留一句為什麼(推送前還會再查一次)。整個專案先改成只提醒:.lumos/config.json 的 node_home.gate 設成 warn。
提醒:src/a.py 改了,它的家 Systems/Production 這次沒動——行為有變的話說明要寫進去。
ABA:[{"restored": true, "transient": "x = 99\n", "borrowed": false}]

  ✗ 索引ABA/True/True/True:只依原始版本判斷  擋下:這次提交有 1 條「每支檔有家」的新違規。
每支程式檔要有一篇管它的節點(about_code 列了它);沒有家的檔,改它時工具推不出該看的筆記,寫回也不知道該落哪——兩個專案就是這樣長出一篇包全部的節點。

■ 這次寫了說明的節點,不是任何一支改動檔的家(1 篇):
  Systems/TestHome(這次改的檔:src/a.py)
  兩條路:把說明寫進那些檔的家;或這篇真的在講那支檔,就把檔加進它管的範圍(明文、審得到,超過上限要寫負責範圍):
    lumos append <節點> about_code <檔>

真的要先提交 → git commit --no-verify,並在訊息裡留一句為什麼(推送前還會再查一次)。整個專案先改成只提醒:.lumos/config.json 的 node_home.gate 設成 warn。
提醒:src/a.py 改了,它的家 Systems/Production 這次沒動——行為有變的話說明要寫進去。
ABA:[{"restored": true, "transient": "x = 99\n", "borrowed": false}]

  ✓ 索引ABA/True/True/True:檢查後索引內容不變
  ✗ FAILED t_nodehome_optional_test_index_aba(8 條斷言)

最慢 5 支(超時上限 180s;餘裕 = 上限 / 最慢):
    19.9s  t_nodehome_optional_test_index_aba  (餘裕 9x)

────────────────────────────────────────
22 passed, 8 failed
  這一輪的暫存現場留著沒刪(有紅或 --keep-tmp):/var/folders/tc/xmllmxtn4q5704lsy80wc1kw0000gn/T/gctl-run-bjn4avqq
