lumos 測試(1 案例)
  ✓ 測試家現場/False/mixed:宣告歸屬成立
  ✓ 測試家現場/False/mixed:正式程式啟動條件成立
  ✓ 測試家現場/False/mixed:測試變更條件成立
  ✓ 測試家現場/False/mixed:寫回正文已入索引
  ✓ 測試家寫回/False/mixed:預期rc0
  ✓ 測試家現場/False/test-only:宣告歸屬成立
  ✓ 測試家現場/False/test-only:正式程式啟動條件成立
  ✓ 測試家現場/False/test-only:測試變更條件成立
  ✓ 測試家現場/False/test-only:寫回正文已入索引
  ✓ 測試家寫回/False/test-only:預期rc0
  ✓ 測試家現場/False/untouched-test:宣告歸屬成立
  ✓ 測試家現場/False/untouched-test:正式程式啟動條件成立
  ✓ 測試家現場/False/untouched-test:測試變更條件成立
  ✓ 測試家現場/False/untouched-test:寫回正文已入索引
  ✓ 測試家寫回/False/untouched-test:預期rc1
  ✓ 測試家拒收理由/False/untouched-test:命中目標規則
  ✓ 測試家現場/False/unowned-test:宣告歸屬成立
  ✓ 測試家現場/False/unowned-test:正式程式啟動條件成立
  ✓ 測試家現場/False/unowned-test:測試變更條件成立
  ✓ 測試家現場/False/unowned-test:寫回正文已入索引
  ✓ 測試家寫回/False/unowned-test:預期rc0
  ✓ 測試家現場/False/ignored-test:宣告歸屬成立
  ✓ 測試家現場/False/ignored-test:正式程式啟動條件成立
  ✓ 測試家現場/False/ignored-test:測試變更條件成立
  ✓ 測試家現場/False/ignored-test:索引排除設定成立
  ✓ 測試家現場/False/ignored-test:寫回正文已入索引
  ✓ 測試家寫回/False/ignored-test:預期rc1
  ✓ 測試家拒收理由/False/ignored-test:命中目標規則
  ✓ 測試家現場/False/symlink-test:宣告歸屬成立
  ✓ 測試家現場/False/symlink-test:正式程式啟動條件成立
  ✓ 測試家現場/False/symlink-test:測試變更條件成立
  ✓ 測試家現場/False/symlink-test:索引為連結不是一般檔
  ✓ 測試家現場/False/symlink-test:寫回正文已入索引
  ✓ 測試家寫回/False/symlink-test:預期rc1
  ✓ 測試家拒收理由/False/symlink-test:命中目標規則
  ✓ 測試家現場/False/deleted-test:宣告歸屬成立
  ✓ 測試家現場/False/deleted-test:正式程式啟動條件成立
  ✓ 測試家現場/False/deleted-test:測試變更條件成立
  ✓ 測試家現場/False/deleted-test:寫回正文已入索引
  ✓ 測試家寫回/False/deleted-test:預期rc0
  ✓ 測試家現場/False/renamed-test:宣告歸屬成立
  ✓ 測試家現場/False/renamed-test:正式程式啟動條件成立
  ✓ 測試家現場/False/renamed-test:測試變更條件成立
  ✓ 測試家現場/False/renamed-test:寫回正文已入索引
  ✓ 測試家寫回/False/renamed-test:預期rc0
  ✓ 測試家現場/False/json-home:宣告歸屬成立
  ✓ 測試家現場/False/json-home:正式程式啟動條件成立
  ✓ 測試家現場/False/json-home:測試變更條件成立
  ✓ 測試家現場/False/json-home:寫回正文已入索引
  ✓ 測試家寫回/False/json-home:預期rc1
  ✓ 測試家拒收理由/False/json-home:命中目標規則
  ✓ 測試家現場/False/new-homeless:宣告歸屬成立
  ✓ 測試家現場/False/new-homeless:正式程式啟動條件成立
  ✓ 測試家現場/False/new-homeless:測試變更條件成立
  ✓ 測試家現場/False/new-homeless:寫回正文已入索引
  ✓ 測試家寫回/False/new-homeless:預期rc1
  ✓ 測試家拒收理由/False/new-homeless:命中目標規則
  ✓ 測試家現場/False/diff-mixed:宣告歸屬成立
  ✓ 測試家現場/False/diff-mixed:正式程式啟動條件成立
  ✓ 測試家現場/False/diff-mixed:測試變更條件成立
  ✓ 測試家現場/False/diff-mixed:寫回正文已入索引
  ✓ 測試家寫回/False/diff-mixed:預期rc0
  ✓ 測試家現場/False/diff-split:宣告歸屬成立
  ✓ 測試家現場/False/diff-split:正式程式啟動條件成立
  ✓ 測試家現場/False/diff-split:寫回正文已入索引
  ✓ 測試家寫回/False/diff-split:預期rc1
  ✓ 測試家拒收理由/False/diff-split:命中目標規則
  ✓ 測試家現場/False/pure-test-other-home:宣告歸屬成立
  ✓ 測試家現場/False/pure-test-other-home:正式程式啟動條件成立
  ✓ 測試家現場/False/pure-test-other-home:測試變更條件成立
  ✓ 測試家現場/False/pure-test-other-home:寫回正文已入索引
  ✓ 測試家寫回/False/pure-test-other-home:預期rc0
  ✓ 測試家現場/False/diff-middle-delete:宣告歸屬成立
  ✓ 測試家現場/False/diff-middle-delete:正式程式啟動條件成立
  ✓ 測試家現場/False/diff-middle-delete:寫回正文已入索引
  ✓ 測試家現場/False/diff-middle-delete:唯一候選是中間測試
  ✓ 測試家現場/False/diff-middle-delete:中間測試已宣告家
  ✓ 測試家現場/False/diff-middle-delete:候選不在終點
  ✓ 測試家寫回/False/diff-middle-delete:預期rc0
  ✓ 測試家現場/False/diff-middle-rename:宣告歸屬成立
  ✓ 測試家現場/False/diff-middle-rename:正式程式啟動條件成立
  ✓ 測試家現場/False/diff-middle-rename:寫回正文已入索引
  ✓ 測試家現場/False/diff-middle-rename:唯一候選是中間測試
  ✓ 測試家現場/False/diff-middle-rename:中間測試已宣告家
  ✓ 測試家現場/False/diff-middle-rename:候選不在終點
  ✓ 測試家寫回/False/diff-middle-rename:預期rc0
  ✓ 測試家現場/False/diff-double-rename:宣告歸屬成立
  ✓ 測試家現場/False/diff-double-rename:正式程式啟動條件成立
  ✓ 測試家現場/False/diff-double-rename:寫回正文已入索引
  ✓ 測試家現場/False/diff-double-rename:唯一候選是中間測試
  ✓ 測試家現場/False/diff-double-rename:中間測試已宣告家
  ✓ 測試家現場/False/diff-double-rename:候選不在終點
  ✓ 測試家寫回/False/diff-double-rename:預期rc0
  ✓ 測試家現場/False/shebang-index-positive:宣告歸屬成立
  ✓ 測試家現場/False/shebang-index-positive:正式程式啟動條件成立
  ✓ 測試家現場/False/shebang-index-positive:測試變更條件成立
  ✓ 測試家現場/False/shebang-index-positive:寫回正文已入索引
  ✓ 測試家現場/False/shebang-index-positive:索引與磁碟首行相反
  ✓ 測試家寫回/False/shebang-index-positive:預期rc0
  ✓ 測試家現場/False/shebang-index-negative:宣告歸屬成立
  ✓ 測試家現場/False/shebang-index-negative:正式程式啟動條件成立
  ✓ 測試家現場/False/shebang-index-negative:測試變更條件成立
  ✓ 測試家現場/False/shebang-index-negative:寫回正文已入索引
  ✓ 測試家現場/False/shebang-index-negative:索引與磁碟首行相反
  ✓ 測試家寫回/False/shebang-index-negative:預期rc1
  ✓ 測試家拒收理由/False/shebang-index-negative:命中目標規則
  ✓ 測試家現場/True/mixed:宣告歸屬成立
  ✓ 測試家現場/True/mixed:正式程式啟動條件成立
  ✓ 測試家現場/True/mixed:測試變更條件成立
  ✓ 測試家現場/True/mixed:寫回正文已入索引
  ✓ 測試家寫回/True/mixed:預期rc0
  ✓ 測試家現場/True/test-only:宣告歸屬成立
  ✓ 測試家現場/True/test-only:正式程式啟動條件成立
  ✓ 測試家現場/True/test-only:測試變更條件成立
  ✓ 測試家現場/True/test-only:寫回正文已入索引
  ✓ 測試家寫回/True/test-only:預期rc0
  ✓ 測試家現場/True/untouched-test:宣告歸屬成立
  ✓ 測試家現場/True/untouched-test:正式程式啟動條件成立
  ✓ 測試家現場/True/untouched-test:測試變更條件成立
  ✓ 測試家現場/True/untouched-test:寫回正文已入索引
  ✓ 測試家寫回/True/untouched-test:預期rc1
  ✓ 測試家拒收理由/True/untouched-test:命中目標規則
  ✓ 測試家現場/True/unowned-test:宣告歸屬成立
  ✓ 測試家現場/True/unowned-test:正式程式啟動條件成立
  ✓ 測試家現場/True/unowned-test:測試變更條件成立
  ✓ 測試家現場/True/unowned-test:寫回正文已入索引
  ✓ 測試家寫回/True/unowned-test:預期rc0
  ✓ 測試家現場/True/ignored-test:宣告歸屬成立
  ✓ 測試家現場/True/ignored-test:正式程式啟動條件成立
  ✓ 測試家現場/True/ignored-test:測試變更條件成立
  ✓ 測試家現場/True/ignored-test:索引排除設定成立
  ✓ 測試家現場/True/ignored-test:寫回正文已入索引
  ✓ 測試家寫回/True/ignored-test:預期rc1
  ✓ 測試家拒收理由/True/ignored-test:命中目標規則
  ✓ 測試家現場/True/symlink-test:宣告歸屬成立
  ✓ 測試家現場/True/symlink-test:正式程式啟動條件成立
  ✓ 測試家現場/True/symlink-test:測試變更條件成立
  ✓ 測試家現場/True/symlink-test:索引為連結不是一般檔
  ✓ 測試家現場/True/symlink-test:寫回正文已入索引
  ✓ 測試家寫回/True/symlink-test:預期rc1
  ✓ 測試家拒收理由/True/symlink-test:命中目標規則
  ✓ 測試家現場/True/deleted-test:宣告歸屬成立
  ✓ 測試家現場/True/deleted-test:正式程式啟動條件成立
  ✓ 測試家現場/True/deleted-test:測試變更條件成立
  ✓ 測試家現場/True/deleted-test:寫回正文已入索引
  ✓ 測試家寫回/True/deleted-test:預期rc0
  ✓ 測試家現場/True/renamed-test:宣告歸屬成立
  ✓ 測試家現場/True/renamed-test:正式程式啟動條件成立
  ✓ 測試家現場/True/renamed-test:測試變更條件成立
  ✓ 測試家現場/True/renamed-test:寫回正文已入索引
  ✓ 測試家寫回/True/renamed-test:預期rc0
  ✓ 測試家現場/True/json-home:宣告歸屬成立
  ✓ 測試家現場/True/json-home:正式程式啟動條件成立
  ✓ 測試家現場/True/json-home:測試變更條件成立
  ✓ 測試家現場/True/json-home:寫回正文已入索引
  ✓ 測試家寫回/True/json-home:預期rc1
  ✓ 測試家拒收理由/True/json-home:命中目標規則
  ✓ 測試家現場/True/new-homeless:宣告歸屬成立
  ✓ 測試家現場/True/new-homeless:正式程式啟動條件成立
  ✓ 測試家現場/True/new-homeless:測試變更條件成立
  ✓ 測試家現場/True/new-homeless:寫回正文已入索引
  ✓ 測試家寫回/True/new-homeless:預期rc1
  ✓ 測試家拒收理由/True/new-homeless:命中目標規則
  ✓ 測試家現場/True/diff-mixed:宣告歸屬成立
  ✓ 測試家現場/True/diff-mixed:正式程式啟動條件成立
  ✓ 測試家現場/True/diff-mixed:測試變更條件成立
  ✓ 測試家現場/True/diff-mixed:寫回正文已入索引
  ✓ 測試家寫回/True/diff-mixed:預期rc0
  ✓ 測試家現場/True/diff-split:宣告歸屬成立
  ✓ 測試家現場/True/diff-split:正式程式啟動條件成立
  ✓ 測試家現場/True/diff-split:寫回正文已入索引
  ✓ 測試家寫回/True/diff-split:預期rc1
  ✓ 測試家拒收理由/True/diff-split:命中目標規則
  ✓ 測試家現場/True/pure-test-other-home:宣告歸屬成立
  ✓ 測試家現場/True/pure-test-other-home:正式程式啟動條件成立
  ✓ 測試家現場/True/pure-test-other-home:測試變更條件成立
  ✓ 測試家現場/True/pure-test-other-home:寫回正文已入索引
  ✓ 測試家寫回/True/pure-test-other-home:預期rc0
  ✓ 測試家現場/True/diff-middle-delete:宣告歸屬成立
  ✓ 測試家現場/True/diff-middle-delete:正式程式啟動條件成立
  ✓ 測試家現場/True/diff-middle-delete:寫回正文已入索引
  ✓ 測試家現場/True/diff-middle-delete:唯一候選是中間測試
  ✓ 測試家現場/True/diff-middle-delete:中間測試已宣告家
  ✓ 測試家現場/True/diff-middle-delete:候選不在終點
  ✓ 測試家寫回/True/diff-middle-delete:預期rc0
  ✓ 測試家現場/True/diff-middle-rename:宣告歸屬成立
  ✓ 測試家現場/True/diff-middle-rename:正式程式啟動條件成立
  ✓ 測試家現場/True/diff-middle-rename:寫回正文已入索引
  ✓ 測試家現場/True/diff-middle-rename:唯一候選是中間測試
  ✓ 測試家現場/True/diff-middle-rename:中間測試已宣告家
  ✓ 測試家現場/True/diff-middle-rename:候選不在終點
  ✓ 測試家寫回/True/diff-middle-rename:預期rc0
  ✓ 測試家現場/True/diff-double-rename:宣告歸屬成立
  ✓ 測試家現場/True/diff-double-rename:正式程式啟動條件成立
  ✓ 測試家現場/True/diff-double-rename:寫回正文已入索引
  ✓ 測試家現場/True/diff-double-rename:唯一候選是中間測試
  ✓ 測試家現場/True/diff-double-rename:中間測試已宣告家
  ✓ 測試家現場/True/diff-double-rename:候選不在終點
  ✓ 測試家寫回/True/diff-double-rename:預期rc0
  ✓ 測試家現場/True/shebang-index-positive:宣告歸屬成立
  ✓ 測試家現場/True/shebang-index-positive:正式程式啟動條件成立
  ✓ 測試家現場/True/shebang-index-positive:測試變更條件成立
  ✓ 測試家現場/True/shebang-index-positive:寫回正文已入索引
  ✓ 測試家現場/True/shebang-index-positive:索引與磁碟首行相反
  ✓ 測試家寫回/True/shebang-index-positive:預期rc0
  ✓ 測試家現場/True/shebang-index-negative:宣告歸屬成立
  ✓ 測試家現場/True/shebang-index-negative:正式程式啟動條件成立
  ✓ 測試家現場/True/shebang-index-negative:測試變更條件成立
  ✓ 測試家現場/True/shebang-index-negative:寫回正文已入索引
  ✓ 測試家現場/True/shebang-index-negative:索引與磁碟首行相反
  ✓ 測試家寫回/True/shebang-index-negative:預期rc1
  ✓ 測試家拒收理由/True/shebang-index-negative:命中目標規則

最慢 5 支(超時上限 180s;餘裕 = 上限 / 最慢):
    66.3s  t_nodehome_optional_test_home_writeback  (餘裕 3x)  ⚠ 餘裕不足 3 倍

────────────────────────────────────────
212 passed, 0 failed
