lumos 測試(1 案例)
  ✓ 版本競態/False/False/False:版本種子成立
  ✓ 版本競態/False/False/False:讀取前換檔確實執行
  ✓ 版本競態/False/False/False:仍依版本拒收或放行
  ✓ 版本競態/False/False/True:版本種子成立
  ✓ 版本競態/False/False/True:讀取前換檔確實執行
  ✓ 版本競態/False/False/True:仍依版本拒收或放行
  ✓ 版本競態/False/True/False:版本種子成立
  ✓ 版本競態/False/True/False:讀取前換檔確實執行
  ✓ 版本競態/False/True/False:仍依版本拒收或放行
  ✓ 版本競態/False/True/True:版本種子成立
  ✓ 版本競態/False/True/True:讀取前換檔確實執行
  ✓ 版本競態/False/True/True:仍依版本拒收或放行
  ✓ 版本競態/True/False/False:版本種子成立
  ✓ 版本競態/True/False/False:讀取前換檔確實執行
  ✓ 版本競態/True/False/False:仍依版本拒收或放行
  ✓ 版本競態/True/False/True:版本種子成立
  ✓ 版本競態/True/False/True:讀取前換檔確實執行
  ✓ 版本競態/True/False/True:仍依版本拒收或放行
  ✓ 版本競態/True/True/False:版本種子成立
  ✓ 版本競態/True/True/False:讀取前換檔確實執行
  ✓ 版本競態/True/True/False:仍依版本拒收或放行
  ✓ 版本競態/True/True/True:版本種子成立
  ✓ 版本競態/True/True/True:讀取前換檔確實執行
  ✓ 版本競態/True/True/True:仍依版本拒收或放行

最慢 5 支(超時上限 180s;餘裕 = 上限 / 最慢):
    25.8s  t_nodehome_optional_test_snapshot_race  (餘裕 7x)

────────────────────────────────────────
24 passed, 0 failed
