lumos 測試(1 案例)
  ✓ 快照編碼 opt=False:首筆rc2指出snapshot編碼
  ✓ 快照編碼 opt=False:首筆不建帳且無成功訊息
  ✓ 快照編碼 opt=False:全錨合法種子確實落帳
  ✓ 快照編碼 opt=False:種子確實解析報告且存同份指紋
  ✓ 快照編碼 opt=False case=0:rc2與欄位診斷
  ✓ 快照編碼 opt=False case=0:無traceback或成功訊息
  ✓ 快照編碼 opt=False case=0:成功帳逐位元不變
  ✓ 快照編碼 opt=False case=1:rc2與欄位診斷
  ✓ 快照編碼 opt=False case=1:無traceback或成功訊息
  ✓ 快照編碼 opt=False case=1:成功帳逐位元不變
  ✓ 快照編碼 opt=False case=2:rc2與欄位診斷
  ✓ 快照編碼 opt=False case=2:無traceback或成功訊息
  ✓ 快照編碼 opt=False case=2:成功帳逐位元不變
  ✓ 快照編碼 opt=False:CRLF合法對照成功
  ✓ 快照編碼 opt=False:CRLF仍記同份原始bytes指紋
  ✓ 快照編碼 opt=False:非編碼故障仍為原RuntimeError
  ✓ 快照編碼 opt=False:非編碼故障不追加成功帳
  ✓ 快照編碼 opt=False:引句解析故障仍為原RuntimeError
  ✓ 快照編碼 opt=False:引句解析故障不追加成功帳
  ✓ 快照編碼 opt=False:非載體原政策仍成功
  ✓ 快照編碼 opt=False:非載體保存壞編碼原bytes指紋
  ✓ 快照編碼 opt=False:缺檔沿用IO診斷而非編碼
  ✓ 快照編碼 opt=False:缺檔無traceback且帳不變
  ✓ 快照編碼 opt=True:首筆rc2指出snapshot編碼
  ✓ 快照編碼 opt=True:首筆不建帳且無成功訊息
  ✓ 快照編碼 opt=True:全錨合法種子確實落帳
  ✓ 快照編碼 opt=True:種子確實解析報告且存同份指紋
  ✓ 快照編碼 opt=True case=0:rc2與欄位診斷
  ✓ 快照編碼 opt=True case=0:無traceback或成功訊息
  ✓ 快照編碼 opt=True case=0:成功帳逐位元不變
  ✓ 快照編碼 opt=True case=1:rc2與欄位診斷
  ✓ 快照編碼 opt=True case=1:無traceback或成功訊息
  ✓ 快照編碼 opt=True case=1:成功帳逐位元不變
  ✓ 快照編碼 opt=True case=2:rc2與欄位診斷
  ✓ 快照編碼 opt=True case=2:無traceback或成功訊息
  ✓ 快照編碼 opt=True case=2:成功帳逐位元不變
  ✓ 快照編碼 opt=True:CRLF合法對照成功
  ✓ 快照編碼 opt=True:CRLF仍記同份原始bytes指紋
  ✓ 快照編碼 opt=True:非編碼故障仍為原RuntimeError
  ✓ 快照編碼 opt=True:非編碼故障不追加成功帳
  ✓ 快照編碼 opt=True:引句解析故障仍為原RuntimeError
  ✓ 快照編碼 opt=True:引句解析故障不追加成功帳
  ✓ 快照編碼 opt=True:非載體原政策仍成功
  ✓ 快照編碼 opt=True:非載體保存壞編碼原bytes指紋
  ✓ 快照編碼 opt=True:缺檔沿用IO診斷而非編碼
  ✓ 快照編碼 opt=True:缺檔無traceback且帳不變

最慢 5 支(超時上限 180s;餘裕 = 上限 / 最慢):
    22.6s  t_canary_carrier_invalid_snapshot_encoding  (餘裕 8x)

────────────────────────────────────────
46 passed, 0 failed
