受影響功能面(8292a1d8f7aa15a4b05a78f86ae28d85be7db579..HEAD;2 檔;固定席 28+top 8——審計鏡頭,人判):
   0.88 ★家★ 直接 Systems/design-loop.md ★INVARIANT★ [固定]  ←scripts/lumos,scripts/test_lumos.py
   0.77 ★家★ 直接 Systems/lumos-cli-read.md ★INVARIANT★ [固定]  ←scripts/lumos,scripts/test_lumos.py
   0.70 ★家★ hop1 Systems/bound-tests-gate.md ★INVARIANT★ [固定]  ←scripts/lumos,scripts/test_lumos.py
   0.70 ★家★ hop1 Systems/guard-kill.md ★INVARIANT★ [固定]  ←scripts/lumos,scripts/test_lumos.py
   0.70 ★家★ hop1 Systems/授權與歸屬.md ★INVARIANT★ [固定]  ←scripts/lumos
   0.70 ★家★ hop1 Systems/測試假綠形態.md ★INVARIANT★ [固定]  ←scripts/lumos,scripts/test_lumos.py
   0.68 ★家★ 直接 Systems/loop-convergence-recording.md ★RISK·守衛面★ [固定]  ←scripts/lumos
   0.63 ★家★ 直接 Systems/lumos-cli-lifecycle.md ★INVARIANT★ [固定]  ←scripts/lumos,scripts/test_lumos.py
   0.62 ★家★ 直接 Systems/pitfalls-code-loop.md ★RISK·守衛面★ [固定]  ←scripts/lumos
   0.57 ★家★ 直接 Systems/reversibility-governance-ledger.md ★RISK·守衛面★ [固定]  ←scripts/lumos
   0.55 ★家★ 直接 Systems/lumos-deinit.md ★RISK·不可逆★ [固定]  ←scripts/lumos,scripts/test_lumos.py
   0.46 ★家★ 直接 Systems/doctor-irreversible-hint.md ★RISK·守衛面★ [固定]  ←scripts/lumos
   0.44 ★家★ 直接 Systems/check-r-guard.md ★RISK·守衛面★ [固定]  ←scripts/lumos,scripts/test_lumos.py
   0.43 ★家★ 直接 Systems/cochange-guard.md ★RISK·守衛面★ [固定]  ←scripts/lumos,scripts/test_lumos.py
   0.42 ★家★ 直接 Systems/check-t-sentinel.md ★RISK·守衛面★ [固定]  ←scripts/lumos
   0.39 ★家★ 直接 Systems/節點範圍與索引守衛.md ★INVARIANT★ [固定]  ←scripts/lumos,scripts/test_lumos.py
   0.36 ★家★ 直接 Systems/lumos-refcheck.md ★RISK·守衛面★ [固定]  ←scripts/lumos
   0.74 直接 Systems/slim-install-安裝器.md ★INVARIANT★ [固定]  ←scripts/lumos,scripts/test_lumos.py
   0.70 hop1 Systems/canary-audit.md ★INVARIANT★ [固定]  ←scripts/lumos,scripts/test_lumos.py
   0.70 hop1 Systems/slim-get-一行安裝.md ★INVARIANT★ [固定]  ←scripts/lumos,scripts/test_lumos.py
   0.70 hop1 Systems/slim-uninstall-一行卸載.md ★INVARIANT★ [固定]  ←scripts/lumos,scripts/test_lumos.py
   0.64 直接 Projects/雙向門放行_計劃.md ★RISK·守衛面★ [固定]  ←scripts/lumos
   0.59 直接 Projects/逃逸自動記_計劃.md ★RISK·守衛面★ [固定]  ←scripts/lumos,scripts/test_lumos.py
   0.58 直接 Projects/規格落成可驗收條件_計劃.md ★RISK·守衛面★ [固定]  ←scripts/lumos,scripts/test_lumos.py
   0.56 直接 Projects/異常派工單回報輸入錯誤_計劃.md ★RISK·守衛面★ [固定]  ←scripts/lumos,scripts/test_lumos.py
   0.53 直接 Projects/引用座標依實際換行_計劃.md ★RISK·守衛面★ [固定]  ←scripts/lumos,scripts/test_lumos.py
   0.53 直接 Systems/judge-severity-gate.md ★RISK·守衛面★ [固定]  ←scripts/lumos
   0.50 直接 Systems/core-invariant-baseline.md ★RISK·守衛面★ [固定]  ←scripts/lumos
   1.00 直接 Projects/公開精簡版_實作計畫.md  ←scripts/lumos,scripts/test_lumos.py
   0.97 直接 Projects/test-layers軟提醒_實作計畫.md  ←scripts/lumos,scripts/test_lumos.py
   0.87 直接 Projects/code側刪除傳播守衛_實作計畫.md  ←scripts/lumos,scripts/test_lumos.py
   0.80 ★家★ 直接 Systems/筆記內容閘.md  ←scripts/lumos
   0.80 直接 Projects/否定現況句配回頭條件_計劃.md  ←scripts/lumos
   0.79 hop1 Projects/負數發現計數在追加前拒收_計劃.md  ←scripts/lumos,scripts/test_lumos.py
   0.75 直接 Projects/Android側UI測試綁圖譜工作流_實作計畫.md  ←scripts/lumos
   0.75 直接 Projects/舊句檢查_計劃.md  ←scripts/lumos,scripts/test_lumos.py

落成核對(這批動過 8 篇筆記):
  提醒:下面這些筆記跟改到的程式碼直接相關(家 / 合約 / 事故 / 直接相依),這批沒動:
  ⚠必看 Systems/lumos-cli-read.md  ←scripts/lumos,scripts/test_lumos.py
  ⚠必看 Systems/slim-install-安裝器.md  ←scripts/lumos,scripts/test_lumos.py
  ⚠必看 Systems/bound-tests-gate.md  ←scripts/lumos,scripts/test_lumos.py
  ⚠必看 Systems/guard-kill.md  ←scripts/lumos,scripts/test_lumos.py
  ⚠必看 Systems/授權與歸屬.md  ←scripts/lumos
  ⚠必看 Systems/slim-get-一行安裝.md  ←scripts/lumos,scripts/test_lumos.py
  ⚠必看 Systems/slim-uninstall-一行卸載.md  ←scripts/lumos,scripts/test_lumos.py
  ⚠必看 Systems/loop-convergence-recording.md  ←scripts/lumos
  … 還有 24 篇(lumos impact --diff 8292a1d8f7aa15a4b05a78f86ae28d85be7db579..HEAD --sync-check --json 看全部)
  確定不受影響就略過;受影響的現在補。這裡只提醒不擋。
