lumos 測試(6 案例)
t_summary_line_ambiguous
  ✓ ①對到兩行:rc2、檔不動、列出兩個候選
  ✓ ②同一行出現兩次:rc2、檔不動
  ✓ ③--nth 2:換第二個出現處
  ✓ ④--nth 超出範圍:rc2
  ✓ t_summary_line_ambiguous
t_summary_line_continuation
  ✓ ①續行條目(要人簽):rc2、檔不動、講續行
  ✓ ①續行條目(src/a.py):rc2、檔不動、講續行
  ✓ ②同一篇單行的條目照改
  ✓ t_summary_line_continuation
t_summary_line_delete
  ✓ ①整行刪光:拿掉那一行
  ✓ ②刪完摘要會空:rc2、檔不動
  ✓ t_summary_line_delete
t_summary_line_rejects
  ✓ ①-④找不到:rc2、檔不動、講原因
  ✓ ①-④舊片段空:rc2、檔不動、講原因
  ✓ ①-④舊片段含換行:rc2、檔不動、講原因
  ✓ ①-④新片段含換行:rc2、檔不動、講原因
  ✓ ⑤節點不存在:rc2、講找不到那篇(共用的近名候選訊息)
  ✓ ⑥新片段含換行類字元 '\r':rc2、檔不動
  ✓ ⑥新片段含換行類字元 '\x85':rc2、檔不動
  ✓ ⑥新片段含換行類字元 '\u2028':rc2、檔不動
  ✓ ⑥新片段含換行類字元 '\x0b':rc2、檔不動
  ✓ ⑦新舊片段相同:rc2、講沒有要改的
  ✓ t_summary_line_rejects
t_summary_line_replace
  ✓ ①換掉那一段、其他行不動
  ✓ ②updated 改成今天
  ✓ ③印改前改後
  ✓ ⑤新行跟另一行一樣:照改
  ✓ ④正文一字不動
  ✓ t_summary_line_replace
t_summary_line_verify
  ✓ ①寫入自驗失敗:rc2、原檔不動
  ✓ ②--dry-run:印改後、檔不動
  ✓ ③成功後提示 lint 那一篇
  ✓ t_summary_line_verify

最慢 5 支(超時上限 180s;餘裕 = 上限 / 最慢):
     7.0s  t_summary_line_rejects  (餘裕 26x)
     2.9s  t_summary_line_ambiguous  (餘裕 62x)
     2.3s  t_summary_line_continuation  (餘裕 78x)
     1.5s  t_summary_line_replace  (餘裕 122x)
     1.4s  t_summary_line_delete  (餘裕 129x)

────────────────────────────────────────
27 passed, 0 failed
