lumos 測試(4 案例)
t_doctor_updated_stale
  ✓ ①兩篇落後:印筆數、例子、指令
  ✓ ②都改成今天後:不印
  ✓ ③淺複製:不印 updated 落後
  ✓ ③淺複製:--stale 沒有要改的
  ✓ ④updated 只比 git 日期早一天:不算落後
  ✓ t_doctor_updated_stale
t_updated_sync_nodes
  ✓ ①只改指定那篇
  ✓ ②找不到的走近名候選、rc 非 0、其他照改
  ✓ ③--dry-run:印會改哪幾篇、不寫
  ✓ ④沒給節點也沒給 --stale:rc2
  ✓ ⑤一篇丟例外:其他照改、rc 非 0、講原因
  ✓ ⑥updated 是不存在的日期:列成要改
  ✓ t_updated_sync_nodes
t_updated_sync_stale
  ✓ ①兩篇改成今天
  ✓ ②只動 updated 那一行
  ✓ ③沒有 updated 欄的不加(--stale 本來就不挑它)
  ✓ ③b直接指定沒有 updated 欄的那篇:跳過、不加
  ✓ ④再跑一次(都已是今天、但還沒提交):照樣改成今天、不報錯
  ✓ t_updated_sync_stale
  ✓ stamp_on_updated: body 同但 START 無戳 → updated
  ✓ stamp_on_updated: START 行已帶版本戳
  ✓ stamp_on_updated: sentinel 外前綴 byte-equal
  ✓ stamp_on_updated: sentinel 外後綴 byte-equal
  ✓ stamp_on_updated: body 未變
  ✓ stamp_on_updated: 二跑 unchanged(冪等)

最慢 5 支(超時上限 180s;餘裕 = 上限 / 最慢):
     9.4s  t_doctor_updated_stale  (餘裕 19x)
     6.0s  t_updated_sync_nodes  (餘裕 30x)
     2.1s  t_updated_sync_stale  (餘裕 84x)
     0.1s  t_version_stamp_on_updated_path  (餘裕 2636x)

────────────────────────────────────────
22 passed, 0 failed
