lumos 測試(1 案例)
  ✗ 快照編碼 opt=False:首筆rc2指出snapshot編碼  Traceback (most recent call last):
  File "/private/tmp/lumos-review-snapshot-encoding-preflight/scripts/lumos", line 47724, in <module>
    sys.exit(main())
             ~~~~^^
  File "/private/tmp/lumos-review-snapshot-encoding-preflight/scripts/lumos", line 47421, in main
    return cmd_canary(env, args.kind, args.auditor, args.token, args.note, args.loop,
                      args.severity, findings=args.findings, round_id=args.round_id,
    ...<11 lines>...
                      refuted_set=getattr(args, 'refuted_set', None),
                      regression_set=getattr(args, 'regression_set', None))
  File "/private/tmp/lumos-review-snapshot-encoding-preflight/scripts/lumos", line 9580, in cmd_canary
    _qrows = _quote_rows(_rtext, _sbytes.decode("utf-8"))
                                 ~~~~~~~~~~~~~~^^^^^^^^^
UnicodeDecodeError: 'utf-8' codec can't decode byte 0xff in position 0: invalid start byte

  ✓ 快照編碼 opt=False:首筆不建帳且無成功訊息
  ✓ 快照編碼 opt=False:全錨合法種子確實落帳
  ✓ 快照編碼 opt=False:種子確實解析報告且存同份指紋
  ✗ 快照編碼 opt=False case=0:rc2與欄位診斷  Traceback (most recent call last):
  File "/private/tmp/lumos-review-snapshot-encoding-preflight/scripts/lumos", line 47724, in <module>
    sys.exit(main())
             ~~~~^^
  File "/private/tmp/lumos-review-snapshot-encoding-preflight/scripts/lumos", line 47421, in main
    return cmd_canary(env, args.kind, args.auditor, args.token, args.note, args.loop,
                      args.severity, findings=args.findings, round_id=args.round_id,
    ...<11 lines>...
                      refuted_set=getattr(args, 'refuted_set', None),
                      regression_set=getattr(args, 'regression_set', None))
  File "/private/tmp/lumos-review-snapshot-encoding-preflight/scripts/lumos", line 9580, in cmd_canary
    _qrows = _quote_rows(_rtext, _sbytes.decode("utf-8"))
                                 ~~~~~~~~~~~~~~^^^^^^^^^
UnicodeDecodeError: 'utf-8' codec can't decode byte 0xff in position 0: invalid start byte

  ✗ 快照編碼 opt=False case=0:無traceback或成功訊息  Traceback (most recent call last):
  File "/private/tmp/lumos-review-snapshot-encoding-preflight/scripts/lumos", line 47724, in <module>
    sys.exit(main())
             ~~~~^^
  File "/private/tmp/lumos-review-snapshot-encoding-preflight/scripts/lumos", line 47421, in main
    return cmd_canary(env, args.kind, args.auditor, args.token, args.note, args.loop,
                      args.severity, findings=args.findings, round_id=args.round_id,
    ...<11 lines>...
                      refuted_set=getattr(args, 'refuted_set', None),
                      regression_set=getattr(args, 'regression_set', None))
  File "/private/tmp/lumos-review-snapshot-encoding-preflight/scripts/lumos", line 9580, in cmd_canary
    _qrows = _quote_rows(_rtext, _sbytes.decode("utf-8"))
                                 ~~~~~~~~~~~~~~^^^^^^^^^
UnicodeDecodeError: 'utf-8' codec can't decode byte 0xff in position 0: invalid start byte

  ✓ 快照編碼 opt=False case=0:成功帳逐位元不變
  ✗ 快照編碼 opt=False case=1:rc2與欄位診斷  Traceback (most recent call last):
  File "/private/tmp/lumos-review-snapshot-encoding-preflight/scripts/lumos", line 47724, in <module>
    sys.exit(main())
             ~~~~^^
  File "/private/tmp/lumos-review-snapshot-encoding-preflight/scripts/lumos", line 47421, in main
    return cmd_canary(env, args.kind, args.auditor, args.token, args.note, args.loop,
                      args.severity, findings=args.findings, round_id=args.round_id,
    ...<11 lines>...
                      refuted_set=getattr(args, 'refuted_set', None),
                      regression_set=getattr(args, 'regression_set', None))
  File "/private/tmp/lumos-review-snapshot-encoding-preflight/scripts/lumos", line 9580, in cmd_canary
    _qrows = _quote_rows(_rtext, _sbytes.decode("utf-8"))
                                 ~~~~~~~~~~~~~~^^^^^^^^^
UnicodeDecodeError: 'utf-8' codec can't decode byte 0xff in position 58: invalid start byte

  ✗ 快照編碼 opt=False case=1:無traceback或成功訊息  Traceback (most recent call last):
  File "/private/tmp/lumos-review-snapshot-encoding-preflight/scripts/lumos", line 47724, in <module>
    sys.exit(main())
             ~~~~^^
  File "/private/tmp/lumos-review-snapshot-encoding-preflight/scripts/lumos", line 47421, in main
    return cmd_canary(env, args.kind, args.auditor, args.token, args.note, args.loop,
                      args.severity, findings=args.findings, round_id=args.round_id,
    ...<11 lines>...
                      refuted_set=getattr(args, 'refuted_set', None),
                      regression_set=getattr(args, 'regression_set', None))
  File "/private/tmp/lumos-review-snapshot-encoding-preflight/scripts/lumos", line 9580, in cmd_canary
    _qrows = _quote_rows(_rtext, _sbytes.decode("utf-8"))
                                 ~~~~~~~~~~~~~~^^^^^^^^^
UnicodeDecodeError: 'utf-8' codec can't decode byte 0xff in position 58: invalid start byte

  ✓ 快照編碼 opt=False case=1:成功帳逐位元不變
  ✗ 快照編碼 opt=False case=2:rc2與欄位診斷  Traceback (most recent call last):
  File "/private/tmp/lumos-review-snapshot-encoding-preflight/scripts/lumos", line 47724, in <module>
    sys.exit(main())
             ~~~~^^
  File "/private/tmp/lumos-review-snapshot-encoding-preflight/scripts/lumos", line 47421, in main
    return cmd_canary(env, args.kind, args.auditor, args.token, args.note, args.loop,
                      args.severity, findings=args.findings, round_id=args.round_id,
    ...<11 lines>...
                      refuted_set=getattr(args, 'refuted_set', None),
                      regression_set=getattr(args, 'regression_set', None))
  File "/private/tmp/lumos-review-snapshot-encoding-preflight/scripts/lumos", line 9580, in cmd_canary
    _qrows = _quote_rows(_rtext, _sbytes.decode("utf-8"))
                                 ~~~~~~~~~~~~~~^^^^^^^^^
UnicodeDecodeError: 'utf-8' codec can't decode bytes in position 58-59: unexpected end of data

  ✗ 快照編碼 opt=False case=2:無traceback或成功訊息  Traceback (most recent call last):
  File "/private/tmp/lumos-review-snapshot-encoding-preflight/scripts/lumos", line 47724, in <module>
    sys.exit(main())
             ~~~~^^
  File "/private/tmp/lumos-review-snapshot-encoding-preflight/scripts/lumos", line 47421, in main
    return cmd_canary(env, args.kind, args.auditor, args.token, args.note, args.loop,
                      args.severity, findings=args.findings, round_id=args.round_id,
    ...<11 lines>...
                      refuted_set=getattr(args, 'refuted_set', None),
                      regression_set=getattr(args, 'regression_set', None))
  File "/private/tmp/lumos-review-snapshot-encoding-preflight/scripts/lumos", line 9580, in cmd_canary
    _qrows = _quote_rows(_rtext, _sbytes.decode("utf-8"))
                                 ~~~~~~~~~~~~~~^^^^^^^^^
UnicodeDecodeError: 'utf-8' codec can't decode bytes in position 58-59: unexpected end of data

  ✓ 快照編碼 opt=False case=2:成功帳逐位元不變
  ✓ 快照編碼 opt=False:CRLF合法對照成功
  ✓ 快照編碼 opt=False:CRLF仍記同份原始bytes指紋
  ✓ 快照編碼 opt=False:非編碼故障仍為原RuntimeError
  ✓ 快照編碼 opt=False:非編碼故障不追加成功帳
  ✓ 快照編碼 opt=False:非載體原政策仍成功
  ✓ 快照編碼 opt=False:非載體保存壞編碼原bytes指紋
  ✗ 快照編碼 opt=True:首筆rc2指出snapshot編碼  Traceback (most recent call last):
  File "/private/tmp/lumos-review-snapshot-encoding-preflight/scripts/lumos", line 47724, in <module>
    sys.exit(main())
             ~~~~^^
  File "/private/tmp/lumos-review-snapshot-encoding-preflight/scripts/lumos", line 47421, in main
    return cmd_canary(env, args.kind, args.auditor, args.token, args.note, args.loop,
                      args.severity, findings=args.findings, round_id=args.round_id,
    ...<11 lines>...
                      refuted_set=getattr(args, 'refuted_set', None),
                      regression_set=getattr(args, 'regression_set', None))
  File "/private/tmp/lumos-review-snapshot-encoding-preflight/scripts/lumos", line 9580, in cmd_canary
    _qrows = _quote_rows(_rtext, _sbytes.decode("utf-8"))
                                 ~~~~~~~~~~~~~~^^^^^^^^^
UnicodeDecodeError: 'utf-8' codec can't decode byte 0xff in position 0: invalid start byte

  ✓ 快照編碼 opt=True:首筆不建帳且無成功訊息
  ✓ 快照編碼 opt=True:全錨合法種子確實落帳
  ✓ 快照編碼 opt=True:種子確實解析報告且存同份指紋
  ✗ 快照編碼 opt=True case=0:rc2與欄位診斷  Traceback (most recent call last):
  File "/private/tmp/lumos-review-snapshot-encoding-preflight/scripts/lumos", line 47724, in <module>
    sys.exit(main())
             ~~~~^^
  File "/private/tmp/lumos-review-snapshot-encoding-preflight/scripts/lumos", line 47421, in main
    return cmd_canary(env, args.kind, args.auditor, args.token, args.note, args.loop,
                      args.severity, findings=args.findings, round_id=args.round_id,
    ...<11 lines>...
                      refuted_set=getattr(args, 'refuted_set', None),
                      regression_set=getattr(args, 'regression_set', None))
  File "/private/tmp/lumos-review-snapshot-encoding-preflight/scripts/lumos", line 9580, in cmd_canary
    _qrows = _quote_rows(_rtext, _sbytes.decode("utf-8"))
                                 ~~~~~~~~~~~~~~^^^^^^^^^
UnicodeDecodeError: 'utf-8' codec can't decode byte 0xff in position 0: invalid start byte

  ✗ 快照編碼 opt=True case=0:無traceback或成功訊息  Traceback (most recent call last):
  File "/private/tmp/lumos-review-snapshot-encoding-preflight/scripts/lumos", line 47724, in <module>
    sys.exit(main())
             ~~~~^^
  File "/private/tmp/lumos-review-snapshot-encoding-preflight/scripts/lumos", line 47421, in main
    return cmd_canary(env, args.kind, args.auditor, args.token, args.note, args.loop,
                      args.severity, findings=args.findings, round_id=args.round_id,
    ...<11 lines>...
                      refuted_set=getattr(args, 'refuted_set', None),
                      regression_set=getattr(args, 'regression_set', None))
  File "/private/tmp/lumos-review-snapshot-encoding-preflight/scripts/lumos", line 9580, in cmd_canary
    _qrows = _quote_rows(_rtext, _sbytes.decode("utf-8"))
                                 ~~~~~~~~~~~~~~^^^^^^^^^
UnicodeDecodeError: 'utf-8' codec can't decode byte 0xff in position 0: invalid start byte

  ✓ 快照編碼 opt=True case=0:成功帳逐位元不變
  ✗ 快照編碼 opt=True case=1:rc2與欄位診斷  Traceback (most recent call last):
  File "/private/tmp/lumos-review-snapshot-encoding-preflight/scripts/lumos", line 47724, in <module>
    sys.exit(main())
             ~~~~^^
  File "/private/tmp/lumos-review-snapshot-encoding-preflight/scripts/lumos", line 47421, in main
    return cmd_canary(env, args.kind, args.auditor, args.token, args.note, args.loop,
                      args.severity, findings=args.findings, round_id=args.round_id,
    ...<11 lines>...
                      refuted_set=getattr(args, 'refuted_set', None),
                      regression_set=getattr(args, 'regression_set', None))
  File "/private/tmp/lumos-review-snapshot-encoding-preflight/scripts/lumos", line 9580, in cmd_canary
    _qrows = _quote_rows(_rtext, _sbytes.decode("utf-8"))
                                 ~~~~~~~~~~~~~~^^^^^^^^^
UnicodeDecodeError: 'utf-8' codec can't decode byte 0xff in position 58: invalid start byte

  ✗ 快照編碼 opt=True case=1:無traceback或成功訊息  Traceback (most recent call last):
  File "/private/tmp/lumos-review-snapshot-encoding-preflight/scripts/lumos", line 47724, in <module>
    sys.exit(main())
             ~~~~^^
  File "/private/tmp/lumos-review-snapshot-encoding-preflight/scripts/lumos", line 47421, in main
    return cmd_canary(env, args.kind, args.auditor, args.token, args.note, args.loop,
                      args.severity, findings=args.findings, round_id=args.round_id,
    ...<11 lines>...
                      refuted_set=getattr(args, 'refuted_set', None),
                      regression_set=getattr(args, 'regression_set', None))
  File "/private/tmp/lumos-review-snapshot-encoding-preflight/scripts/lumos", line 9580, in cmd_canary
    _qrows = _quote_rows(_rtext, _sbytes.decode("utf-8"))
                                 ~~~~~~~~~~~~~~^^^^^^^^^
UnicodeDecodeError: 'utf-8' codec can't decode byte 0xff in position 58: invalid start byte

  ✓ 快照編碼 opt=True case=1:成功帳逐位元不變
  ✗ 快照編碼 opt=True case=2:rc2與欄位診斷  Traceback (most recent call last):
  File "/private/tmp/lumos-review-snapshot-encoding-preflight/scripts/lumos", line 47724, in <module>
    sys.exit(main())
             ~~~~^^
  File "/private/tmp/lumos-review-snapshot-encoding-preflight/scripts/lumos", line 47421, in main
    return cmd_canary(env, args.kind, args.auditor, args.token, args.note, args.loop,
                      args.severity, findings=args.findings, round_id=args.round_id,
    ...<11 lines>...
                      refuted_set=getattr(args, 'refuted_set', None),
                      regression_set=getattr(args, 'regression_set', None))
  File "/private/tmp/lumos-review-snapshot-encoding-preflight/scripts/lumos", line 9580, in cmd_canary
    _qrows = _quote_rows(_rtext, _sbytes.decode("utf-8"))
                                 ~~~~~~~~~~~~~~^^^^^^^^^
UnicodeDecodeError: 'utf-8' codec can't decode bytes in position 58-59: unexpected end of data

  ✗ 快照編碼 opt=True case=2:無traceback或成功訊息  Traceback (most recent call last):
  File "/private/tmp/lumos-review-snapshot-encoding-preflight/scripts/lumos", line 47724, in <module>
    sys.exit(main())
             ~~~~^^
  File "/private/tmp/lumos-review-snapshot-encoding-preflight/scripts/lumos", line 47421, in main
    return cmd_canary(env, args.kind, args.auditor, args.token, args.note, args.loop,
                      args.severity, findings=args.findings, round_id=args.round_id,
    ...<11 lines>...
                      refuted_set=getattr(args, 'refuted_set', None),
                      regression_set=getattr(args, 'regression_set', None))
  File "/private/tmp/lumos-review-snapshot-encoding-preflight/scripts/lumos", line 9580, in cmd_canary
    _qrows = _quote_rows(_rtext, _sbytes.decode("utf-8"))
                                 ~~~~~~~~~~~~~~^^^^^^^^^
UnicodeDecodeError: 'utf-8' codec can't decode bytes in position 58-59: unexpected end of data

  ✓ 快照編碼 opt=True case=2:成功帳逐位元不變
  ✓ 快照編碼 opt=True:CRLF合法對照成功
  ✓ 快照編碼 opt=True:CRLF仍記同份原始bytes指紋
  ✓ 快照編碼 opt=True:非編碼故障仍為原RuntimeError
  ✓ 快照編碼 opt=True:非編碼故障不追加成功帳
  ✓ 快照編碼 opt=True:非載體原政策仍成功
  ✓ 快照編碼 opt=True:非載體保存壞編碼原bytes指紋
  ✗ FAILED t_canary_carrier_invalid_snapshot_encoding(14 條斷言)

最慢 5 支(超時上限 180s;餘裕 = 上限 / 最慢):
    13.7s  t_canary_carrier_invalid_snapshot_encoding  (餘裕 13x)

────────────────────────────────────────
24 passed, 14 failed
  這一輪的暫存現場留著沒刪(有紅或 --keep-tmp):/var/folders/tc/xmllmxtn4q5704lsy80wc1kw0000gn/T/gctl-run-s6bzkwx4
