lumos 測試(1 案例)
  ✓ 快照IO/False:首次暫時失敗當場拒收並定位IO
  ✓ 快照IO/False:首次不建成功帳
  ✓ 快照IO/False:正常讀取合法材料確實落帳
  ✓ 快照IO/False/valid:暫時失敗當場rc2不誤診
  ✓ 快照IO/False/valid:無traceback或成功訊息
  ✓ 快照IO/False/valid:成功帳逐位元不變
  ✓ 快照IO/False/invalid-encoding:暫時失敗當場rc2不誤診
  ✓ 快照IO/False/invalid-encoding:無traceback或成功訊息
  ✓ 快照IO/False/invalid-encoding:成功帳逐位元不變
  ✓ 快照IO/False/unmatched:暫時失敗當場rc2不誤診
  ✓ 快照IO/False/unmatched:無traceback或成功訊息
  ✓ 快照IO/False/unmatched:成功帳逐位元不變
  ✓ 快照IO/True:首次暫時失敗當場拒收並定位IO
  ✓ 快照IO/True:首次不建成功帳
  ✓ 快照IO/True:正常讀取合法材料確實落帳
  ✓ 快照IO/True/valid:暫時失敗當場rc2不誤診
  ✓ 快照IO/True/valid:無traceback或成功訊息
  ✓ 快照IO/True/valid:成功帳逐位元不變
  ✓ 快照IO/True/invalid-encoding:暫時失敗當場rc2不誤診
  ✓ 快照IO/True/invalid-encoding:無traceback或成功訊息
  ✓ 快照IO/True/invalid-encoding:成功帳逐位元不變
  ✓ 快照IO/True/unmatched:暫時失敗當場rc2不誤診
  ✓ 快照IO/True/unmatched:無traceback或成功訊息
  ✓ 快照IO/True/unmatched:成功帳逐位元不變

最慢 5 支(超時上限 180s;餘裕 = 上限 / 最慢):
    21.2s  t_canary_carrier_snapshot_io_recovery_rejected  (餘裕 8x)

────────────────────────────────────────
24 passed, 0 failed
