lumos 測試(2 案例)
  ✓ J-c git: 真 sha → rc0
  ✓ J-c git: 假 sha(full clone) → rc1 dangling
  ✓ J-c git: shallow 缺物件 → rc0 warn 顯性標示
  ✓ J: set regen rc0 + 全標記節點 lint rc0
  ✓ J: 非 regen 節點無 J-a 要求
  ✓ J-a: regen ★INVARIANT★ 無意圖證據 → rc1
  ✓ J-a: 有 [src:] → rc0
  ✓ J-b: DECISION 有證據 rc0
  ✓ J-b: DECISION 推測標 rc0
  ✓ J-b: DECISION 佚失標 rc0
  ✓ J-b: DECISION 裸→擋 rc1
  ✓ J-c: 假頂層目錄 → rc1(不因 top_dirs 靜默放行)
  ✓ J-c: 行號越界 → rc1
  ✓ J-c: 合法路徑+行號 → rc0
  ✓ J-c: [src: ] 空 token → rc1(不因 join repo_root 自身判 ok)
  ✓ J-c: 絕對路徑 → rc1(pathlib join 丟左值不放行)
  ✓ J-c: .. traversal → rc1
  ✓ J raw 行: KEY:推測:★INVARI… → rc1 專屬訊息
  ✓ J raw 行: KEY:佚失:★INVARI… → rc1 專屬訊息
  ✓ J raw 行: KEY:推測:★IRREVE… → rc1 專屬訊息
  ✓ J raw 行: DECISION:佚失:★I… → rc1 專屬訊息
  ✓ J 消歧: INVARIANT 組合恰一則(無 generic 位置錯誤)
  ✓ J 消歧: 非 regen 節點 generic 兜底保留
  ✓ J-d: 無標記 KEY 行提醒不擋 rc0
  ✓ INV_TAG_RE: contracts 顯示剝掉 [src:]
  ✓ J doctor: regen 違規 → --ci rc1
  ✓ J doctor: 全合規後 rc0 + J-d warn_soft 不計 issues

最慢 5 支(超時上限 180s;餘裕 = 上限 / 最慢):
    13.8s  t_check_j_regen  (餘裕 13x)
     2.7s  t_check_j_git  (餘裕 66x)

────────────────────────────────────────
27 passed, 0 failed
