lumos 測試(6 案例)
  ✓ refcheck: 綜合 spec rc=1(有 missing+out_of_range)
  ✓ refcheck: ghost 報 missing
  ✓ refcheck: real.py:3 ok 且 excerpt=第3行實際內容
  ✓ refcheck: real.py:99 報 line_out_of_range
  ✓ refcheck: 裸 real.py ok 且 excerpt 空
  ✓ refcheck: 範圍 2-4 ok 且 excerpt 含首尾行
  ✓ refcheck: 同檔多行號不塌成一條(r3-F1,:3/:99/裸/2-4 各自成 claim)
  ✓ refcheck: 目錄型 token ok+dir 註記、excerpt 空
  ✓ refcheck: url/非頂層/無斜線/glob/fenced 皆不入 claims
  ✓ refcheck: 統計欄位正確(ok4/missing1/oor1)
  ✓ refcheck: 全 ok rc=0
  ✓ refcheck: --repo 不存在 rc=2
  ✓ refcheck: md 不存在 rc=2
  ✓ refcheck: 人讀版 rc=1 且含統計行
  ✓ CLI worktree:2:返回碼
  ✓ CLI worktree:2:狀態與統計
  ✓ CLI worktree:合法引文
  ✓ CLI worktree:3:返回碼
  ✓ CLI worktree:3:狀態與統計
  ✓ CLI @7124d35cf88441b70925e49798d59901d6caab9f:2:返回碼
  ✓ CLI @7124d35cf88441b70925e49798d59901d6caab9f:2:狀態與統計
  ✓ CLI @7124d35cf88441b70925e49798d59901d6caab9f:合法引文
  ✓ CLI @7124d35cf88441b70925e49798d59901d6caab9f:3:返回碼
  ✓ CLI @7124d35cf88441b70925e49798d59901d6caab9f:3:狀態與統計
  ✓ 表態前置:合法第二行通過
  ✓ 表態第三行:拒絕並說明超界
  ✓ 來源 fixture:確實完成來源提交
  ✓ 來源 fixture:使用者hook與簽章均未執行
  ✓ 來源 fixture:父程序的設定不改寫
  ✓ 來源 fixture:只提交指定來源
  ✓ 邊界 空檔 None:下一行超界
  ✓ 邊界 空檔 None:反向範圍
  ✓ 邊界 空檔 None:缺檔
  ✓ 邊界 空檔 None:目錄不改語義
  ✓ 邊界 空檔 None:無行號不改語義
  ✓ 邊界 空檔 dcb792183472760416ef162c019d1aff9e7bbfc3:下一行超界
  ✓ 邊界 空檔 dcb792183472760416ef162c019d1aff9e7bbfc3:反向範圍
  ✓ 邊界 空檔 dcb792183472760416ef162c019d1aff9e7bbfc3:缺檔
  ✓ 邊界 空檔 dcb792183472760416ef162c019d1aff9e7bbfc3:目錄不改語義
  ✓ 邊界 空檔 dcb792183472760416ef162c019d1aff9e7bbfc3:無行號不改語義
  ✓ 邊界 空行 None:最後一行
  ✓ 邊界 空行 None:下一行超界
  ✓ 邊界 空行 None:反向範圍
  ✓ 邊界 空行 None:缺檔
  ✓ 邊界 空行 None:目錄不改語義
  ✓ 邊界 空行 None:無行號不改語義
  ✓ 邊界 空行 13f0a94179d4a4cf3991f89d0db80c7c98c23f4e:最後一行
  ✓ 邊界 空行 13f0a94179d4a4cf3991f89d0db80c7c98c23f4e:下一行超界
  ✓ 邊界 空行 13f0a94179d4a4cf3991f89d0db80c7c98c23f4e:反向範圍
  ✓ 邊界 空行 13f0a94179d4a4cf3991f89d0db80c7c98c23f4e:缺檔
  ✓ 邊界 空行 13f0a94179d4a4cf3991f89d0db80c7c98c23f4e:目錄不改語義
  ✓ 邊界 空行 13f0a94179d4a4cf3991f89d0db80c7c98c23f4e:無行號不改語義
  ✓ 邊界 末尾空白行 None:最後一行
  ✓ 邊界 末尾空白行 None:下一行超界
  ✓ 邊界 末尾空白行 None:反向範圍
  ✓ 邊界 末尾空白行 None:缺檔
  ✓ 邊界 末尾空白行 None:目錄不改語義
  ✓ 邊界 末尾空白行 None:無行號不改語義
  ✓ 邊界 末尾空白行 44b1aaf4513877918bce22666602bb701232197c:最後一行
  ✓ 邊界 末尾空白行 44b1aaf4513877918bce22666602bb701232197c:下一行超界
  ✓ 邊界 末尾空白行 44b1aaf4513877918bce22666602bb701232197c:反向範圍
  ✓ 邊界 末尾空白行 44b1aaf4513877918bce22666602bb701232197c:缺檔
  ✓ 邊界 末尾空白行 44b1aaf4513877918bce22666602bb701232197c:目錄不改語義
  ✓ 邊界 末尾空白行 44b1aaf4513877918bce22666602bb701232197c:無行號不改語義
  ✓ 邊界 中間空白行 None:第二行確為空白
  ✓ 邊界 中間空白行 None:最後一行
  ✓ 邊界 中間空白行 None:下一行超界
  ✓ 邊界 中間空白行 None:反向範圍
  ✓ 邊界 中間空白行 None:缺檔
  ✓ 邊界 中間空白行 None:目錄不改語義
  ✓ 邊界 中間空白行 None:無行號不改語義
  ✓ 邊界 中間空白行 9507bbfa883171bfa5fcafe60087f9d7d142561b:第二行確為空白
  ✓ 邊界 中間空白行 9507bbfa883171bfa5fcafe60087f9d7d142561b:最後一行
  ✓ 邊界 中間空白行 9507bbfa883171bfa5fcafe60087f9d7d142561b:下一行超界
  ✓ 邊界 中間空白行 9507bbfa883171bfa5fcafe60087f9d7d142561b:反向範圍
  ✓ 邊界 中間空白行 9507bbfa883171bfa5fcafe60087f9d7d142561b:缺檔
  ✓ 邊界 中間空白行 9507bbfa883171bfa5fcafe60087f9d7d142561b:目錄不改語義
  ✓ 邊界 中間空白行 9507bbfa883171bfa5fcafe60087f9d7d142561b:無行號不改語義
  ✓ 邊界 沒有末尾換行 None:最後一行
  ✓ 邊界 沒有末尾換行 None:下一行超界
  ✓ 邊界 沒有末尾換行 None:反向範圍
  ✓ 邊界 沒有末尾換行 None:缺檔
  ✓ 邊界 沒有末尾換行 None:目錄不改語義
  ✓ 邊界 沒有末尾換行 None:無行號不改語義
  ✓ 邊界 沒有末尾換行 18491a37f8873c1670b3bb7836d9a1cae1cc7534:最後一行
  ✓ 邊界 沒有末尾換行 18491a37f8873c1670b3bb7836d9a1cae1cc7534:下一行超界
  ✓ 邊界 沒有末尾換行 18491a37f8873c1670b3bb7836d9a1cae1cc7534:反向範圍
  ✓ 邊界 沒有末尾換行 18491a37f8873c1670b3bb7836d9a1cae1cc7534:缺檔
  ✓ 邊界 沒有末尾換行 18491a37f8873c1670b3bb7836d9a1cae1cc7534:目錄不改語義
  ✓ 邊界 沒有末尾換行 18491a37f8873c1670b3bb7836d9a1cae1cc7534:無行號不改語義
  ✓ 邊界 常見雙字元換行 None:最後一行
  ✓ 邊界 常見雙字元換行 None:下一行超界
  ✓ 邊界 常見雙字元換行 None:反向範圍
  ✓ 邊界 常見雙字元換行 None:缺檔
  ✓ 邊界 常見雙字元換行 None:目錄不改語義
  ✓ 邊界 常見雙字元換行 None:無行號不改語義
  ✓ 邊界 常見雙字元換行 1658f64dd8863af6e313bef72b5f8d03f4907f52:最後一行
  ✓ 邊界 常見雙字元換行 1658f64dd8863af6e313bef72b5f8d03f4907f52:下一行超界
  ✓ 邊界 常見雙字元換行 1658f64dd8863af6e313bef72b5f8d03f4907f52:反向範圍
  ✓ 邊界 常見雙字元換行 1658f64dd8863af6e313bef72b5f8d03f4907f52:缺檔
  ✓ 邊界 常見雙字元換行 1658f64dd8863af6e313bef72b5f8d03f4907f52:目錄不改語義
  ✓ 邊界 常見雙字元換行 1658f64dd8863af6e313bef72b5f8d03f4907f52:無行號不改語義
  ✓ 邊界 原有單字元正規化 None:最後一行
  ✓ 邊界 原有單字元正規化 None:下一行超界
  ✓ 邊界 原有單字元正規化 None:反向範圍
  ✓ 邊界 原有單字元正規化 None:缺檔
  ✓ 邊界 原有單字元正規化 None:目錄不改語義
  ✓ 邊界 原有單字元正規化 None:無行號不改語義
  ✓ 邊界 原有單字元正規化 21655b7b7ee815a9ead3332595c21fb71bcb5539:最後一行
  ✓ 邊界 原有單字元正規化 21655b7b7ee815a9ead3332595c21fb71bcb5539:下一行超界
  ✓ 邊界 原有單字元正規化 21655b7b7ee815a9ead3332595c21fb71bcb5539:反向範圍
  ✓ 邊界 原有單字元正規化 21655b7b7ee815a9ead3332595c21fb71bcb5539:缺檔
  ✓ 邊界 原有單字元正規化 21655b7b7ee815a9ead3332595c21fb71bcb5539:目錄不改語義
  ✓ 邊界 原有單字元正規化 21655b7b7ee815a9ead3332595c21fb71bcb5539:無行號不改語義
  ✓ 邊界 BOM None:最後一行
  ✓ 邊界 BOM None:下一行超界
  ✓ 邊界 BOM None:反向範圍
  ✓ 邊界 BOM None:缺檔
  ✓ 邊界 BOM None:目錄不改語義
  ✓ 邊界 BOM None:無行號不改語義
  ✓ 邊界 BOM 4ce9306383371a129e9176258f71e6bc52280dfd:最後一行
  ✓ 邊界 BOM 4ce9306383371a129e9176258f71e6bc52280dfd:下一行超界
  ✓ 邊界 BOM 4ce9306383371a129e9176258f71e6bc52280dfd:反向範圍
  ✓ 邊界 BOM 4ce9306383371a129e9176258f71e6bc52280dfd:缺檔
  ✓ 邊界 BOM 4ce9306383371a129e9176258f71e6bc52280dfd:目錄不改語義
  ✓ 邊界 BOM 4ce9306383371a129e9176258f71e6bc52280dfd:無行號不改語義
  ✓ 來源 '\x0b':前置有效 Python 且僅兩個 LF
  ✓ 來源 '\x0b' worktree:第二行引文正確
  ✓ 來源 '\x0b' worktree:第三行超界
  ✓ 來源 '\x0b' worktree:合法範圍保留首尾
  ✓ 來源 '\x0b' worktree:跨到第三行超界
  ✓ 來源 '\x0b' 601d3767e6613ea3c52275e7203c98e4f3075c2c:第二行引文正確
  ✓ 來源 '\x0b' 601d3767e6613ea3c52275e7203c98e4f3075c2c:第三行超界
  ✓ 來源 '\x0b' 601d3767e6613ea3c52275e7203c98e4f3075c2c:合法範圍保留首尾
  ✓ 來源 '\x0b' 601d3767e6613ea3c52275e7203c98e4f3075c2c:跨到第三行超界
  ✓ 來源 '\x0c':前置有效 Python 且僅兩個 LF
  ✓ 來源 '\x0c' worktree:第二行引文正確
  ✓ 來源 '\x0c' worktree:第三行超界
  ✓ 來源 '\x0c' worktree:合法範圍保留首尾
  ✓ 來源 '\x0c' worktree:跨到第三行超界
  ✓ 來源 '\x0c' 00caafa08821e10ee7c30021a05e715dda13bc6a:第二行引文正確
  ✓ 來源 '\x0c' 00caafa08821e10ee7c30021a05e715dda13bc6a:第三行超界
  ✓ 來源 '\x0c' 00caafa08821e10ee7c30021a05e715dda13bc6a:合法範圍保留首尾
  ✓ 來源 '\x0c' 00caafa08821e10ee7c30021a05e715dda13bc6a:跨到第三行超界
  ✓ 來源 '\x1c':前置有效 Python 且僅兩個 LF
  ✓ 來源 '\x1c' worktree:第二行引文正確
  ✓ 來源 '\x1c' worktree:第三行超界
  ✓ 來源 '\x1c' worktree:合法範圍保留首尾
  ✓ 來源 '\x1c' worktree:跨到第三行超界
  ✓ 來源 '\x1c' 6f2e135fafc034c6befb8125a294aa8b15263c22:第二行引文正確
  ✓ 來源 '\x1c' 6f2e135fafc034c6befb8125a294aa8b15263c22:第三行超界
  ✓ 來源 '\x1c' 6f2e135fafc034c6befb8125a294aa8b15263c22:合法範圍保留首尾
  ✓ 來源 '\x1c' 6f2e135fafc034c6befb8125a294aa8b15263c22:跨到第三行超界
  ✓ 來源 '\x1d':前置有效 Python 且僅兩個 LF
  ✓ 來源 '\x1d' worktree:第二行引文正確
  ✓ 來源 '\x1d' worktree:第三行超界
  ✓ 來源 '\x1d' worktree:合法範圍保留首尾
  ✓ 來源 '\x1d' worktree:跨到第三行超界
  ✓ 來源 '\x1d' 2969fdf13519c2d353155f798946f2c0e3a16e26:第二行引文正確
  ✓ 來源 '\x1d' 2969fdf13519c2d353155f798946f2c0e3a16e26:第三行超界
  ✓ 來源 '\x1d' 2969fdf13519c2d353155f798946f2c0e3a16e26:合法範圍保留首尾
  ✓ 來源 '\x1d' 2969fdf13519c2d353155f798946f2c0e3a16e26:跨到第三行超界
  ✓ 來源 '\x1e':前置有效 Python 且僅兩個 LF
  ✓ 來源 '\x1e' worktree:第二行引文正確
  ✓ 來源 '\x1e' worktree:第三行超界
  ✓ 來源 '\x1e' worktree:合法範圍保留首尾
  ✓ 來源 '\x1e' worktree:跨到第三行超界
  ✓ 來源 '\x1e' 12e3e9acd3413256d35995deb791322a4d868750:第二行引文正確
  ✓ 來源 '\x1e' 12e3e9acd3413256d35995deb791322a4d868750:第三行超界
  ✓ 來源 '\x1e' 12e3e9acd3413256d35995deb791322a4d868750:合法範圍保留首尾
  ✓ 來源 '\x1e' 12e3e9acd3413256d35995deb791322a4d868750:跨到第三行超界
  ✓ 來源 '\x85':前置有效 Python 且僅兩個 LF
  ✓ 來源 '\x85' worktree:第二行引文正確
  ✓ 來源 '\x85' worktree:第三行超界
  ✓ 來源 '\x85' worktree:合法範圍保留首尾
  ✓ 來源 '\x85' worktree:跨到第三行超界
  ✓ 來源 '\x85' e7c1f0eaee33e5f2bf0966f46e11a2923801bd6d:第二行引文正確
  ✓ 來源 '\x85' e7c1f0eaee33e5f2bf0966f46e11a2923801bd6d:第三行超界
  ✓ 來源 '\x85' e7c1f0eaee33e5f2bf0966f46e11a2923801bd6d:合法範圍保留首尾
  ✓ 來源 '\x85' e7c1f0eaee33e5f2bf0966f46e11a2923801bd6d:跨到第三行超界
  ✓ 來源 '\u2028':前置有效 Python 且僅兩個 LF
  ✓ 來源 '\u2028' worktree:第二行引文正確
  ✓ 來源 '\u2028' worktree:第三行超界
  ✓ 來源 '\u2028' worktree:合法範圍保留首尾
  ✓ 來源 '\u2028' worktree:跨到第三行超界
  ✓ 來源 '\u2028' b7fb18762de9051df97a4f780ffeca8359020df4:第二行引文正確
  ✓ 來源 '\u2028' b7fb18762de9051df97a4f780ffeca8359020df4:第三行超界
  ✓ 來源 '\u2028' b7fb18762de9051df97a4f780ffeca8359020df4:合法範圍保留首尾
  ✓ 來源 '\u2028' b7fb18762de9051df97a4f780ffeca8359020df4:跨到第三行超界
  ✓ 來源 '\u2029':前置有效 Python 且僅兩個 LF
  ✓ 來源 '\u2029' worktree:第二行引文正確
  ✓ 來源 '\u2029' worktree:第三行超界
  ✓ 來源 '\u2029' worktree:合法範圍保留首尾
  ✓ 來源 '\u2029' worktree:跨到第三行超界
  ✓ 來源 '\u2029' 5bcafe17afbbb84bfae1a688a5c23a6c8e191570:第二行引文正確
  ✓ 來源 '\u2029' 5bcafe17afbbb84bfae1a688a5c23a6c8e191570:第三行超界
  ✓ 來源 '\u2029' 5bcafe17afbbb84bfae1a688a5c23a6c8e191570:合法範圍保留首尾
  ✓ 來源 '\u2029' 5bcafe17afbbb84bfae1a688a5c23a6c8e191570:跨到第三行超界

最慢 5 支(超時上限 180s;餘裕 = 上限 / 最慢):
     3.1s  t_refcheck_physical_legacy  (餘裕 59x)
     2.6s  t_refcheck_physical_unicode  (餘裕 69x)
     2.6s  t_refcheck  (餘裕 69x)
     2.5s  t_refcheck_physical_cli  (餘裕 73x)
     2.0s  t_refcheck_physical_dispositions  (餘裕 92x)

────────────────────────────────────────
198 passed, 0 failed
