這是第 2 片(共 4 片),分到 420 支
lumos 測試(18 案例)
t_doctor_nodehome_bypass_split_all_sections
  ✓ ①S8:改名繞過的 r2.py 算上線後
  ✓ ②S9:上線後才寫進的別人檔名單獨一群
  ✓ ③S10:上線後才變成管太多的單獨一群
t_doctor_nodehome_splits_bypassed_from_legacy
  ✓ ①兩群都在,繞過的那群排前面
  ✓ ②sneak.py 在繞過那群、old.py 在舊帳那群
t_nodehome_check_blocks_home_removal
  ✓ ①從 about_code 拿掉 → rc1
  ✓ ②家那篇改成 superseded → rc1
  ✓ ③改成 stale → rc0(stale 照樣是家)
  ✓ ④家那篇被刪 → rc1
t_nodehome_check_blocks_write_back_to_non_home
  ✓ ①改 a.py、說明寫進 B(不是 a 的家)→ rc1
  ✓ ②寫進 A(a 的家)→ rc0
  ✓ ③同一個提交新開一篇、它不管任何改動檔 → rc1
t_nodehome_check_message_groups_and_truncates
  ✓ ①擋
  ✓ ②依資料夾分組
  ✓ ③列滿 10 支就截,印還有幾支
  ✓ ④附新開一篇的指令樣板(--code 與 --responsibility)
  ✓ ⑤附候選家(同資料夾其他檔的家)
t_nodehome_decisions_compared_by_value
  ✓ ①等價寫法 → 內容沒變
  ✓ ②值真的變了 → 內容有變
t_nodehome_diff_shares_unchanged_notes
  ✓ ①起點那一側只讀有變動的節點(N3 一篇),其餘 19 篇跟終點共用
  ✓ ②判定照樣正確(沒有新違規)
t_nodehome_foreign_ref_uses_impact_extraction
  ✓ ①_refcheck_scan 呼叫共用抽取 _node_code_ref_tokens
  ✓ ①_impact_reverse_lookup 呼叫共用抽取 _node_code_ref_tokens
  ✓ ①_nodehome_refs 呼叫共用抽取 _node_code_ref_tokens
  ✓ ②_refcheck_scan 不再自己跑 INLINE_CODE_RE(不另寫一套)
  ✓ ②_impact_reverse_lookup 不再自己跑 INLINE_CODE_RE(不另寫一套)
  ✓ ②_nodehome_refs 不再自己跑 INLINE_CODE_RE(不另寫一套)
  ✓ ③推筆記會把 A 推給 src/b.py,每支檔有家也認得 A 寫到 src/b.py
t_nodehome_home_definition
  ✓ ①doing/done/stale 算家
  ✓ ②planned/deferred/rejected/superseded 不算
  ✓ ③預標指紋對不上照樣算家(只看欄位值)
  ✓ ④Issues 的 about_code 不算家
t_nodehome_merge_rename_one_side_not_blocked
  ✓ ① 現場成立:改名那支合併時衝突
  ✓ ① 現場成立:remerge-diff 把改名那支只列成新檔名、沒標改名
  ✓ ② 改名那支解衝突只是兩邊都留(換順序),合併沒改任何程式 → 合併在 B 補的說明不被判成寫給 a2.py 的 → 不擋
t_nodehome_newly_required_file_counts_as_new
  ✓ ①捷徑檔換成真程式檔(git 標 T)、沒家 → rc1,當成新增
  ✓ ②同一個提交順手建家 → rc0
  ✓ ③沒副檔名的舊檔補上 #! 變成程式、沒家 → rc1
  ✓ ④推送前也一樣擋
  ✓ 測試家現場/False/mixed:宣告歸屬成立
  ✓ 測試家現場/False/mixed:正式程式啟動條件成立
  ✓ 測試家現場/False/mixed:測試變更條件成立
  ✓ 測試家現場/False/mixed:寫回正文已入索引
  ✓ 測試家寫回/False/mixed:預期rc0
  ✓ 測試家現場/False/test-only:宣告歸屬成立
  ✓ 測試家現場/False/test-only:正式程式啟動條件成立
  ✓ 測試家現場/False/test-only:測試變更條件成立
  ✓ 測試家現場/False/test-only:寫回正文已入索引
  ✓ 測試家寫回/False/test-only:預期rc0
  ✓ 測試家現場/False/untouched-test:宣告歸屬成立
  ✓ 測試家現場/False/untouched-test:正式程式啟動條件成立
  ✓ 測試家現場/False/untouched-test:測試變更條件成立
  ✓ 測試家現場/False/untouched-test:寫回正文已入索引
  ✓ 測試家寫回/False/untouched-test:預期rc1
  ✓ 測試家拒收理由/False/untouched-test:命中目標規則
  ✓ 測試家現場/False/unowned-test:宣告歸屬成立
  ✓ 測試家現場/False/unowned-test:正式程式啟動條件成立
  ✓ 測試家現場/False/unowned-test:測試變更條件成立
  ✓ 測試家現場/False/unowned-test:寫回正文已入索引
  ✓ 測試家寫回/False/unowned-test:預期rc0
  ✓ 測試家現場/False/ignored-test:宣告歸屬成立
  ✓ 測試家現場/False/ignored-test:正式程式啟動條件成立
  ✓ 測試家現場/False/ignored-test:測試變更條件成立
  ✓ 測試家現場/False/ignored-test:索引排除設定成立
  ✓ 測試家現場/False/ignored-test:寫回正文已入索引
  ✓ 測試家寫回/False/ignored-test:預期rc1
  ✓ 測試家拒收理由/False/ignored-test:命中目標規則
  ✓ 測試家現場/False/symlink-test:宣告歸屬成立
  ✓ 測試家現場/False/symlink-test:正式程式啟動條件成立
  ✓ 測試家現場/False/symlink-test:測試變更條件成立
  ✓ 測試家現場/False/symlink-test:索引為連結不是一般檔
  ✓ 測試家現場/False/symlink-test:寫回正文已入索引
  ✓ 測試家寫回/False/symlink-test:預期rc1
  ✓ 測試家拒收理由/False/symlink-test:命中目標規則
  ✓ 測試家現場/False/deleted-test:宣告歸屬成立
  ✓ 測試家現場/False/deleted-test:正式程式啟動條件成立
  ✓ 測試家現場/False/deleted-test:測試變更條件成立
  ✓ 測試家現場/False/deleted-test:寫回正文已入索引
  ✓ 測試家寫回/False/deleted-test:預期rc0
  ✓ 測試家現場/False/renamed-test:宣告歸屬成立
  ✓ 測試家現場/False/renamed-test:正式程式啟動條件成立
  ✓ 測試家現場/False/renamed-test:測試變更條件成立
  ✓ 測試家現場/False/renamed-test:寫回正文已入索引
  ✓ 測試家寫回/False/renamed-test:預期rc0
  ✓ 測試家現場/False/json-home:宣告歸屬成立
  ✓ 測試家現場/False/json-home:正式程式啟動條件成立
  ✓ 測試家現場/False/json-home:測試變更條件成立
  ✓ 測試家現場/False/json-home:寫回正文已入索引
  ✓ 測試家寫回/False/json-home:預期rc1
  ✓ 測試家拒收理由/False/json-home:命中目標規則
  ✓ 測試家現場/False/new-homeless:宣告歸屬成立
  ✓ 測試家現場/False/new-homeless:正式程式啟動條件成立
  ✓ 測試家現場/False/new-homeless:測試變更條件成立
  ✓ 測試家現場/False/new-homeless:寫回正文已入索引
  ✓ 測試家寫回/False/new-homeless:預期rc1
  ✓ 測試家拒收理由/False/new-homeless:命中目標規則
  ✓ 測試家現場/False/diff-mixed:宣告歸屬成立
  ✓ 測試家現場/False/diff-mixed:正式程式啟動條件成立
  ✓ 測試家現場/False/diff-mixed:測試變更條件成立
  ✓ 測試家現場/False/diff-mixed:寫回正文已入索引
  ✓ 測試家寫回/False/diff-mixed:預期rc0
  ✓ 測試家現場/False/diff-split:宣告歸屬成立
  ✓ 測試家現場/False/diff-split:正式程式啟動條件成立
  ✓ 測試家現場/False/diff-split:寫回正文已入索引
  ✓ 測試家寫回/False/diff-split:預期rc1
  ✓ 測試家拒收理由/False/diff-split:命中目標規則
  ✓ 測試家現場/False/pure-test-other-home:宣告歸屬成立
  ✓ 測試家現場/False/pure-test-other-home:正式程式啟動條件成立
  ✓ 測試家現場/False/pure-test-other-home:測試變更條件成立
  ✓ 測試家現場/False/pure-test-other-home:寫回正文已入索引
  ✓ 測試家寫回/False/pure-test-other-home:預期rc0
  ✓ 測試家現場/False/diff-middle-delete:宣告歸屬成立
  ✓ 測試家現場/False/diff-middle-delete:正式程式啟動條件成立
  ✓ 測試家現場/False/diff-middle-delete:寫回正文已入索引
  ✓ 測試家現場/False/diff-middle-delete:唯一候選是中間測試
  ✓ 測試家現場/False/diff-middle-delete:中間測試已宣告家
  ✓ 測試家現場/False/diff-middle-delete:候選不在終點
  ✓ 測試家寫回/False/diff-middle-delete:預期rc0
  ✓ 測試家現場/False/diff-middle-rename:宣告歸屬成立
  ✓ 測試家現場/False/diff-middle-rename:正式程式啟動條件成立
  ✓ 測試家現場/False/diff-middle-rename:寫回正文已入索引
  ✓ 測試家現場/False/diff-middle-rename:唯一候選是中間測試
  ✓ 測試家現場/False/diff-middle-rename:中間測試已宣告家
  ✓ 測試家現場/False/diff-middle-rename:候選不在終點
  ✓ 測試家寫回/False/diff-middle-rename:預期rc0
  ✓ 測試家現場/False/diff-double-rename:宣告歸屬成立
  ✓ 測試家現場/False/diff-double-rename:正式程式啟動條件成立
  ✓ 測試家現場/False/diff-double-rename:寫回正文已入索引
  ✓ 測試家現場/False/diff-double-rename:唯一候選是中間測試
  ✓ 測試家現場/False/diff-double-rename:中間測試已宣告家
  ✓ 測試家現場/False/diff-double-rename:候選不在終點
  ✓ 測試家寫回/False/diff-double-rename:預期rc0
  ✓ 測試家現場/False/shebang-index-positive:宣告歸屬成立
  ✓ 測試家現場/False/shebang-index-positive:正式程式啟動條件成立
  ✓ 測試家現場/False/shebang-index-positive:測試變更條件成立
  ✓ 測試家現場/False/shebang-index-positive:寫回正文已入索引
  ✓ 測試家現場/False/shebang-index-positive:索引與磁碟首行相反
  ✓ 測試家寫回/False/shebang-index-positive:預期rc0
  ✓ 測試家現場/False/shebang-index-negative:宣告歸屬成立
  ✓ 測試家現場/False/shebang-index-negative:正式程式啟動條件成立
  ✓ 測試家現場/False/shebang-index-negative:測試變更條件成立
  ✓ 測試家現場/False/shebang-index-negative:寫回正文已入索引
  ✓ 測試家現場/False/shebang-index-negative:索引與磁碟首行相反
  ✓ 測試家寫回/False/shebang-index-negative:預期rc1
  ✓ 測試家拒收理由/False/shebang-index-negative:命中目標規則
  ✓ 測試家現場/True/mixed:宣告歸屬成立
  ✓ 測試家現場/True/mixed:正式程式啟動條件成立
  ✓ 測試家現場/True/mixed:測試變更條件成立
  ✓ 測試家現場/True/mixed:寫回正文已入索引
  ✓ 測試家寫回/True/mixed:預期rc0
  ✓ 測試家現場/True/test-only:宣告歸屬成立
  ✓ 測試家現場/True/test-only:正式程式啟動條件成立
  ✓ 測試家現場/True/test-only:測試變更條件成立
  ✓ 測試家現場/True/test-only:寫回正文已入索引
  ✓ 測試家寫回/True/test-only:預期rc0
  ✓ 測試家現場/True/untouched-test:宣告歸屬成立
  ✓ 測試家現場/True/untouched-test:正式程式啟動條件成立
  ✓ 測試家現場/True/untouched-test:測試變更條件成立
  ✓ 測試家現場/True/untouched-test:寫回正文已入索引
  ✓ 測試家寫回/True/untouched-test:預期rc1
  ✓ 測試家拒收理由/True/untouched-test:命中目標規則
  ✓ 測試家現場/True/unowned-test:宣告歸屬成立
  ✓ 測試家現場/True/unowned-test:正式程式啟動條件成立
  ✓ 測試家現場/True/unowned-test:測試變更條件成立
  ✓ 測試家現場/True/unowned-test:寫回正文已入索引
  ✓ 測試家寫回/True/unowned-test:預期rc0
  ✓ 測試家現場/True/ignored-test:宣告歸屬成立
  ✓ 測試家現場/True/ignored-test:正式程式啟動條件成立
  ✓ 測試家現場/True/ignored-test:測試變更條件成立
  ✓ 測試家現場/True/ignored-test:索引排除設定成立
  ✓ 測試家現場/True/ignored-test:寫回正文已入索引
  ✓ 測試家寫回/True/ignored-test:預期rc1
  ✓ 測試家拒收理由/True/ignored-test:命中目標規則
  ✓ 測試家現場/True/symlink-test:宣告歸屬成立
  ✓ 測試家現場/True/symlink-test:正式程式啟動條件成立
  ✓ 測試家現場/True/symlink-test:測試變更條件成立
  ✓ 測試家現場/True/symlink-test:索引為連結不是一般檔
  ✓ 測試家現場/True/symlink-test:寫回正文已入索引
  ✓ 測試家寫回/True/symlink-test:預期rc1
  ✓ 測試家拒收理由/True/symlink-test:命中目標規則
  ✓ 測試家現場/True/deleted-test:宣告歸屬成立
  ✓ 測試家現場/True/deleted-test:正式程式啟動條件成立
  ✓ 測試家現場/True/deleted-test:測試變更條件成立
  ✓ 測試家現場/True/deleted-test:寫回正文已入索引
  ✓ 測試家寫回/True/deleted-test:預期rc0
  ✓ 測試家現場/True/renamed-test:宣告歸屬成立
  ✓ 測試家現場/True/renamed-test:正式程式啟動條件成立
  ✓ 測試家現場/True/renamed-test:測試變更條件成立
  ✓ 測試家現場/True/renamed-test:寫回正文已入索引
  ✓ 測試家寫回/True/renamed-test:預期rc0
  ✓ 測試家現場/True/json-home:宣告歸屬成立
  ✓ 測試家現場/True/json-home:正式程式啟動條件成立
  ✓ 測試家現場/True/json-home:測試變更條件成立
  ✓ 測試家現場/True/json-home:寫回正文已入索引
  ✓ 測試家寫回/True/json-home:預期rc1
  ✓ 測試家拒收理由/True/json-home:命中目標規則
  ✓ 測試家現場/True/new-homeless:宣告歸屬成立
  ✓ 測試家現場/True/new-homeless:正式程式啟動條件成立
  ✓ 測試家現場/True/new-homeless:測試變更條件成立
  ✓ 測試家現場/True/new-homeless:寫回正文已入索引
  ✓ 測試家寫回/True/new-homeless:預期rc1
  ✓ 測試家拒收理由/True/new-homeless:命中目標規則
  ✓ 測試家現場/True/diff-mixed:宣告歸屬成立
  ✓ 測試家現場/True/diff-mixed:正式程式啟動條件成立
  ✓ 測試家現場/True/diff-mixed:測試變更條件成立
  ✓ 測試家現場/True/diff-mixed:寫回正文已入索引
  ✓ 測試家寫回/True/diff-mixed:預期rc0
  ✓ 測試家現場/True/diff-split:宣告歸屬成立
  ✓ 測試家現場/True/diff-split:正式程式啟動條件成立
  ✓ 測試家現場/True/diff-split:寫回正文已入索引
  ✓ 測試家寫回/True/diff-split:預期rc1
  ✓ 測試家拒收理由/True/diff-split:命中目標規則
  ✓ 測試家現場/True/pure-test-other-home:宣告歸屬成立
  ✓ 測試家現場/True/pure-test-other-home:正式程式啟動條件成立
  ✓ 測試家現場/True/pure-test-other-home:測試變更條件成立
  ✓ 測試家現場/True/pure-test-other-home:寫回正文已入索引
  ✓ 測試家寫回/True/pure-test-other-home:預期rc0
  ✓ 測試家現場/True/diff-middle-delete:宣告歸屬成立
  ✓ 測試家現場/True/diff-middle-delete:正式程式啟動條件成立
  ✓ 測試家現場/True/diff-middle-delete:寫回正文已入索引
  ✓ 測試家現場/True/diff-middle-delete:唯一候選是中間測試
  ✓ 測試家現場/True/diff-middle-delete:中間測試已宣告家
  ✓ 測試家現場/True/diff-middle-delete:候選不在終點
  ✓ 測試家寫回/True/diff-middle-delete:預期rc0
  ✓ 測試家現場/True/diff-middle-rename:宣告歸屬成立
  ✓ 測試家現場/True/diff-middle-rename:正式程式啟動條件成立
  ✓ 測試家現場/True/diff-middle-rename:寫回正文已入索引
  ✓ 測試家現場/True/diff-middle-rename:唯一候選是中間測試
  ✓ 測試家現場/True/diff-middle-rename:中間測試已宣告家
  ✓ 測試家現場/True/diff-middle-rename:候選不在終點
  ✓ 測試家寫回/True/diff-middle-rename:預期rc0
  ✓ 測試家現場/True/diff-double-rename:宣告歸屬成立
  ✓ 測試家現場/True/diff-double-rename:正式程式啟動條件成立
  ✓ 測試家現場/True/diff-double-rename:寫回正文已入索引
  ✓ 測試家現場/True/diff-double-rename:唯一候選是中間測試
  ✓ 測試家現場/True/diff-double-rename:中間測試已宣告家
  ✓ 測試家現場/True/diff-double-rename:候選不在終點
  ✓ 測試家寫回/True/diff-double-rename:預期rc0
  ✓ 測試家現場/True/shebang-index-positive:宣告歸屬成立
  ✓ 測試家現場/True/shebang-index-positive:正式程式啟動條件成立
  ✓ 測試家現場/True/shebang-index-positive:測試變更條件成立
  ✓ 測試家現場/True/shebang-index-positive:寫回正文已入索引
  ✓ 測試家現場/True/shebang-index-positive:索引與磁碟首行相反
  ✓ 測試家寫回/True/shebang-index-positive:預期rc0
  ✓ 測試家現場/True/shebang-index-negative:宣告歸屬成立
  ✓ 測試家現場/True/shebang-index-negative:正式程式啟動條件成立
  ✓ 測試家現場/True/shebang-index-negative:測試變更條件成立
  ✓ 測試家現場/True/shebang-index-negative:寫回正文已入索引
  ✓ 測試家現場/True/shebang-index-negative:索引與磁碟首行相反
  ✓ 測試家寫回/True/shebang-index-negative:預期rc1
  ✓ 測試家拒收理由/True/shebang-index-negative:命中目標規則
t_nodehome_planned_to_doing_requires_responsibility
  ✓ ①planned → doing、管 1 支、沒寫負責範圍 → rc1
  ✓ ②寫了 → rc0
t_nodehome_required_files_definition
  ✓ ①程式副檔名算
  ✓ ②沒副檔名但首行 #! 算;沒 #! 不算
  ✓ ③非程式檔不算
  ✓ ④測試地圖認得的測試檔不算(tests/test_a.py)
  ✓ ④b 測試地圖不認得的副檔名套同一組規則:tests/ 底下的 .sh、Go 的 foo_test.go 都不算
  ✓ ⑤建置輸出夾與 docs/ 不算
  ✓ ⑥ignore 樣式:比對 repo 相對路徑,**/ 開頭的也吃得到根目錄
  ✓ ⑦副檔名大小寫敏感(照提交前掛鉤那條正則)
  ✓ ⑧排除表跟提交前掛鉤 should_exclude 的目錄那行逐字一致
  ✓ ⑨ignore 不是清單 → 整段略過並出聲
  ✓ ⑩清單裡不是字串的項略過並出聲,其餘照用
t_nodehome_route_does_not_require_content_change
  ✓ ①只改程式 → rc0
t_nodehome_side_deadline_reread
  ✓ ①不給截止時間:結果跟原本相同
  ✓ ②截止時間已過 → None
  ✓ ③每篇讀 0.2 秒、上限 0.5 秒:印逾時、回 0,讀到上限就停(沒把 18 篇讀完)
t_nodehome_sync_nudge_by_home
  ✓ ①改 a.py、它的家 A 沒動 → 提醒點名 A
  ✓ ②家超過 8 篇 → 只印一句「有 N 個家」
  ✓ ③這句不叫人去查計劃的 lands_in(代碼審 r1 邊界席:那是計劃的欄位,這裡沒有對應的計劃)
t_nodehome_touched_legacy_homeless_warns_without_write_back
  ✓ ①只改舊檔+簿記性質的圖譜 → rc0、有提醒
  ✓ ②同時寫了說明 → rc1,要求 legacy.py 先安家

最慢 5 支(超時上限 180s;餘裕 = 上限 / 最慢):
    91.5s  t_nodehome_optional_test_home_writeback  (餘裕 2x)  ⚠ 餘裕不足 3 倍
    10.2s  t_nodehome_check_blocks_home_removal  (餘裕 18x)
     7.8s  t_nodehome_newly_required_file_counts_as_new  (餘裕 23x)
     7.4s  t_nodehome_check_blocks_write_back_to_non_home  (餘裕 24x)
     4.7s  t_doctor_nodehome_splits_bypassed_from_legacy  (餘裕 39x)

────────────────────────────────────────
273 passed, 0 failed
