這是第 3 片(共 4 片),分到 420 支
lumos 測試(17 案例)
t_doctor_nodehome_lists_non_utf8_names
  ✓ ①S8 講有檔名不是 UTF-8 的程式檔
t_nodehome_check_blocks_new_foreign_ref
  ✓ ①舊帳留著、沒新增 → rc0
  ✓ ②新寫進別人的檔名 → rc1
  ✓ ③新開的節點:別人的檔名全部算新 → rc1
t_nodehome_check_cli_modes
  ✓ ①--diff 把範圍兩端當一次改動比 → 抓到 c.py 沒家 rc1
  ✓ ②沒帶 --staged / --diff → rc2
  ✓ ③起點在本機找不到、也沒有主線 → 從空樹算、照查(不再 fail-open;2026-09-28 漏網修正)
  ✓ ③b 範圍寫法不對(HEAD~1...HEAD)→ rc2、講明要兩個點兩端都有,不當成找不到放行
  ✓ ③b 範圍寫法不對(HEAD~1..HEAD..HEAD)→ rc2、講明要兩個點兩端都有,不當成找不到放行
  ✓ ③b 範圍寫法不對(..HEAD)→ rc2、講明要兩個點兩端都有,不當成找不到放行
  ✓ ③b 範圍寫法不對(HEAD~1..)→ rc2、講明要兩個點兩端都有,不當成找不到放行
  ✓ ③b 範圍寫法不對()→ rc2、講明要兩個點兩端都有,不當成找不到放行
  ✓ ④沒有圖譜 → 說一句跳過 rc0
t_nodehome_cli_rejects_both_modes
  ✓ ①同給 → rc2
  ✓ ②訊息是白話中文、講明擇一(不是 argparse 的英文)
t_nodehome_diff_clamps_to_golive
  ✓ ①從空樹比也只擋上線後新增的 new.py,不擋上線前的 old.py
t_nodehome_diff_test_tag_only_edit_is_not_write_back
  ✓ ①推送前:同一個提交改程式、B 只換綁定 → rc0
  ✓ ②推送前:同一個提交改程式、B 改散文 → rc1
t_nodehome_gate_switch
  ✓ ①gate=warn → rc0、訊息有「提醒(node_home.gate=warn,不擋)」
  ✓ ②gate=warn 時健檢開頭就講
  ✓ ①gate=off → rc0、訊息有「關掉了」
  ✓ ②gate=off 時健檢開頭就講
  ✓ ①gate=bogus → rc1、訊息有「看不懂」
t_nodehome_legacy_regen_node_only_listed
  ✓ ①沒動它的時候不擋
  ✓ ②健檢把這種舊帳列出來
t_nodehome_new_file_awakens_foreign_ref
  ✓ ①新增 later.py(家是 L),A 沒改但從此是它的入口 → rc1、講明是被喚醒的
  ✓ ②訊息指出要另開一個提交先改那篇,並分「原本就在講它」與「只是剛好同名」兩種改法
  ✓ ③同一個提交裡順手改 A → 還是擋(A 不是這次改動檔的家),所以才要另開提交
  ✓ ④照訊息先提交一個只改 A 的提交 → rc0(沒動程式的提交不查寫回落點)
  ✓ ⑤再提交新檔與它的家 → rc0
  ✓ ⑥推送前把兩個提交一起查 → rc0
t_nodehome_octopus_merge_own_violation_still_blocked
  ✓ ① 現場成立:合併有三個上一版
  ✓ ② 章魚合併自己夾帶的違規 → 照擋
  ✓ 索引證據/False/index-change:現場三項一起staged
  ✓ 索引證據/False/index-change:注入確實發生且暫存區現場符合模式
  ✓ 索引證據/False/index-change:只拒收已撤回的測試證據
  ✓ 索引證據/False/index-change:檢查未改寫暫存區
  ✓ 索引證據/False/stable:現場三項一起staged
  ✓ 索引證據/False/stable:注入確實發生且暫存區現場符合模式
  ✓ 索引證據/False/stable:只拒收已撤回的測試證據
  ✓ 索引證據/False/stable:檢查未改寫暫存區
  ✓ 索引證據/False/worktree-only:現場三項一起staged
  ✓ 索引證據/False/worktree-only:注入確實發生且暫存區現場符合模式
  ✓ 索引證據/False/worktree-only:只拒收已撤回的測試證據
  ✓ 索引證據/False/worktree-only:檢查未改寫暫存區
  ✓ 索引證據/True/index-change:現場三項一起staged
  ✓ 索引證據/True/index-change:注入確實發生且暫存區現場符合模式
  ✓ 索引證據/True/index-change:只拒收已撤回的測試證據
  ✓ 索引證據/True/index-change:檢查未改寫暫存區
  ✓ 索引證據/True/stable:現場三項一起staged
  ✓ 索引證據/True/stable:注入確實發生且暫存區現場符合模式
  ✓ 索引證據/True/stable:只拒收已撤回的測試證據
  ✓ 索引證據/True/stable:檢查未改寫暫存區
  ✓ 索引證據/True/worktree-only:現場三項一起staged
  ✓ 索引證據/True/worktree-only:注入確實發生且暫存區現場符合模式
  ✓ 索引證據/True/worktree-only:只拒收已撤回的測試證據
  ✓ 索引證據/True/worktree-only:檢查未改寫暫存區
t_nodehome_reads_index_not_worktree
  ✓ ①索引裡 C 有管 c.py、工作目錄的過渡狀態不算 → rc0
  ✓ ②反過來:工作目錄有、索引沒有 → 照索引判 rc1
t_nodehome_responsibility_field_validation
  ✓ ①十個字以上有實字 → 合格
  ✓ ②太短 → 不合格
  ✓ ③全標點 → 不合格
  ✓ ④不是字串 → 不合格
  ✓ ⑤純量白名單有 responsibility
  ✓ ⑥lumos set 寫得進去
t_nodehome_route_message_offers_two_ways
  ✓ ①兩條路都在
  ✓ ②逃生只講整道閘的開關與 --no-verify,沒有單條放行旗標
t_nodehome_side_deadline_reread_base_side
  ✓ 起點那側每篇讀 0.2 秒、上限=走到起點的實測時間+0.5 秒:印逾時、回 0,起點讀到上限就停(沒把 16 篇讀完)
t_nodehome_tag_only_new_names_must_be_real_tests
  ✓ ①推送前:合約行新寫 [test:a now retries three times then logs] → rc1、點名 B
  ✓ ②推送前:合約行新寫 [test-gone:a now retries three times] → rc1、點名 B
  ✓ ③推送前:合約行新寫 [test-gone:a now retries@abc1234] → rc1、點名 B
  ✓ ④推送前:新綁定是真測試 → rc0
  ✓ ④b 推送時已追蹤的測試檔有沒提交的改動(測試索引對不上被推的版本)→ 不豁免、rc1
  ✓ ⑤推送的不是目前簽出的版本(測試索引對不上)→ 不豁免、rc1
t_nodehome_unmentioned_matches_whole_name
  ✓ ①只提到 xa2.py 不算提到 a2.py

最慢 5 支(超時上限 180s;餘裕 = 上限 / 最慢):
    22.5s  t_nodehome_optional_test_index_changed  (餘裕 8x)
    13.5s  t_nodehome_tag_only_new_names_must_be_real_tests  (餘裕 13x)
    10.5s  t_nodehome_new_file_awakens_foreign_ref  (餘裕 17x)
     9.4s  t_nodehome_check_cli_modes  (餘裕 19x)
     8.5s  t_nodehome_gate_switch  (餘裕 21x)

────────────────────────────────────────
75 passed, 0 failed
