這是第 4 片(共 4 片),分到 419 支
lumos 測試(19 案例)
t_doctor_nodehome_sections
  ✓ ①三段都在,順序 S7 < S8 < S9 < S10 < H
  ✓ ①b S9、S10 前面各空一行(代碼審 r1 邊界席:原本三段黏在一起)
  ✓ ②S8 列出沒家的舊檔
  ✓ ③S9 列出寫了別人檔名的節點
  ✓ ④S10 列出管超過上限沒寫負責範圍的節點
  ✓ ⑤只有軟提醒時 rc 不因這三段改變(空圖譜也不炸)
t_impact_home_uses_nodehome_definition
  ✓ ①兩邊餵同一支純函式,拿到同一張家對照表
  ✓ ②只算 Systems 與 doing/done/stale(計劃型不算家)
  ✓ ③反引號裡寫完整路徑 → 確認
  ✓ ④正文(沒有反引號)寫出完整路徑 → 確認
  ✓ ⑤反引號裡寫唯一的裸檔名 → 確認(沒有副檔名的檔也一樣)
  ✓ ⑥完全沒提到 → 不算確認
  ✓ ⑦裸檔名不在反引號裡不算確認(普通詞會誤判)
t_nodehome_birth_commit_requires_homes
  ✓ ①第一個提交沒有任何家 → rc1
  ✓ ②出生時就切好家 → rc0
t_nodehome_check_blocks_new_homeless_file
  ✓ ①新增 src/c.py 沒家 → rc1,訊息講出是哪一支
  ✓ ②同一個提交順手建家 → rc0
  ✓ ③改名成新路徑、about_code 沒跟上 → rc1(新路徑算新增)
  ✓ ④複製一支既有的檔(同時改原檔)→ 複製出來的那支算新增、沒家 rc1
t_nodehome_check_edge_paths
  ✓ ①非 UTF-8 檔名:不炸、不擋、提醒改名
t_nodehome_config_and_vendored_from_snapshot
  ✓ ①只在工作目錄把開關改成 off、沒暫存 → 照樣擋
  ✓ ②把 off 一起加進索引 → 才照設定跳過
  ✓ ③推送前讀終點那個提交的設定(off),不讀工作目錄(on)
t_nodehome_diff_route_counts_content_per_commit
  ✓ ①前一個提交改 B 的內容、後一個改程式的提交只替 B 補簿記欄位 → rc0
  ✓ ②改程式的那個提交裡真的改了 B 的內容 → 照擋
  ✓ ③同一篇在一次推送裡改名兩次,內容是在沒動程式的那個提交改的 → rc0
  ✓ ⑤改名後在改程式的那個提交裡內容也變了、之後又改名 → 照擋
  ✓ ⑥兩條分支合併進來、另一條在改不相干程式的提交裡改了 A 的內容 → 照擋(不因為另一條把它改名就放過)
  ✓ ⑦降成規劃中的同一個提交裡寫內容又改不相干的程式、下一個提交再升回來 → 照擋
  ✓ ⑧先降格、在規劃中時寫內容加改程式、再升回來(推送終點能當家)→ 照擋
  ✓ ⑨合併提交自己多改的:在 B 寫說明、同時改了家不是 B 的 a → 照擋
  ✓ ⑩一般的合併(兩邊各自守規矩、合併沒多改東西)→ rc0
  ✓ ⑪原本能當家的節點在改程式的提交裡降格又寫了不相干的說明(之後一直是規劃中)→ 照擋
  ✓ ④判定函式不呼叫任何會讀 git 的函式(包一層的也算)
t_nodehome_foreign_message_points_to_home
  ✓ ①指出家、建議 [[連結]]
  ✓ ②沒家的指回安家
t_nodehome_gov_event_shape
  ✓ ①nodes 只有程式檔
  ✓ ②節點另放 notes
  ✓ ③配對有(檔,節點)
t_nodehome_merge_auto_combined_not_blocked
  ✓ ① 現場成立:合併自動完成、沒有衝突
  ✓ ① 現場成立:docs/kg-knowledge/Systems/A.md 合併後跟兩邊都不一樣(兩邊都改過、git 自動合起來)
  ✓ ① 現場成立:src/b.py 合併後跟兩邊都不一樣(兩邊都改過、git 自動合起來)
  ✓ ② 兩邊各自配好家的說明,合併自動合起來 → 不擋
  ✓ ③ 有自訂合併驅動器時,那個驅動器的指令完全沒被執行
t_nodehome_new_home_unmentioned_reminds
  ✓ ①正文沒提到的那支 → 提醒
  ✓ ②正文有寫出來的那支 → 不唸
  ✓ ③只提醒不擋
  ✓ ④指路兩條:寫一句它負責什麼,或改掛真的在講它的那篇
  ✓ 清單快取/4:每提交皆有獨立測試與程式變更
  ✓ 清單快取/4:所有候選仍被辨識
  ✓ 清單快取/4:存活版本有界且返回釋放
  ✓ 清單快取/4:線性相鄰版本只讀一次
  ✓ 清單快取/12:每提交皆有獨立測試與程式變更
  ✓ 清單快取/12:所有候選仍被辨識
  ✓ 清單快取/12:存活版本有界且返回釋放
  ✓ 清單快取/12:線性相鄰版本只讀一次
  ✓ 版本競態/False/False/False:版本種子成立
  ✓ 版本競態/False/False/False:讀取前換檔確實執行
  ✓ 版本競態/False/False/False:仍依版本拒收或放行
  ✓ 版本競態/False/False/True:版本種子成立
  ✓ 版本競態/False/False/True:讀取前換檔確實執行
  ✓ 版本競態/False/False/True:仍依版本拒收或放行
  ✓ 版本競態/False/True/False:版本種子成立
  ✓ 版本競態/False/True/False:讀取前換檔確實執行
  ✓ 版本競態/False/True/False:仍依版本拒收或放行
  ✓ 版本競態/False/True/True:版本種子成立
  ✓ 版本競態/False/True/True:讀取前換檔確實執行
  ✓ 版本競態/False/True/True:仍依版本拒收或放行
  ✓ 版本競態/True/False/False:版本種子成立
  ✓ 版本競態/True/False/False:讀取前換檔確實執行
  ✓ 版本競態/True/False/False:仍依版本拒收或放行
  ✓ 版本競態/True/False/True:版本種子成立
  ✓ 版本競態/True/False/True:讀取前換檔確實執行
  ✓ 版本競態/True/False/True:仍依版本拒收或放行
  ✓ 版本競態/True/True/False:版本種子成立
  ✓ 版本競態/True/True/False:讀取前換檔確實執行
  ✓ 版本競態/True/True/False:仍依版本拒收或放行
  ✓ 版本競態/True/True/True:版本種子成立
  ✓ 版本競態/True/True/True:讀取前換檔確實執行
  ✓ 版本競態/True/True/True:仍依版本拒收或放行
t_nodehome_regen_gate_only_for_home_status
  ✓ ①規劃中的節點蓋了章也不擋
  ✓ ②對照:升成現況就擋得到(證明這條規則還活著)
t_nodehome_route_content_change_definition
  ✓ ①只加驗證連結、改狀態 → 不算內容有變
  ✓ ②摘要變 → 算
  ✓ ③決策變 → 算
  ✓ ④正文變 → 算
  ✓ ⑤不沿用只算正文的那支雜湊
t_nodehome_route_skips_docs_only_commit
  ✓ ①只改節點內容 → rc0
t_nodehome_skips_symlinks_and_submodules
  ✓ ①連結檔與子模組不算需要家的檔 → rc0
t_nodehome_test_tag_only_edit_is_not_write_back
  ✓ ①B 只把 [test:test_old] 換成真測試 test_new(摘要與正文)→ rc0
  ✓ ②多加綁定(逗號清單、大寫鍵與全形冒號)、刪掉一個綁定 → rc0
  ✓ ③上一版綁著的 [test:x] 改成 [test-gone:x@提交] → rc0
  ✓ ④新加的綁定指不到真測試(a now retries three times then logs)→ rc1、點名 B
  ✓ ④新加的綁定指不到真測試(test_not_there)→ rc1、點名 B
  ✓ ④新加的綁定指不到真測試(`a long english test name`)→ rc1、點名 B
  ✓ ⑤新寫的 [test-gone:] 不是上一版綁過的名稱(一句英文)→ rc1
  ✓ ⑤b 新名稱不是識別字形狀(From now on the retry count is three.test_new)→ rc1
  ✓ ⑤b 新名稱不是識別字形狀(NoSuchClass.test_new)→ rc1
  ✓ ⑤b 新名稱不是識別字形狀(Cls::test_new)→ rc1
  ✓ ⑤b 新名稱不是識別字形狀(Cls#test_new)→ rc1
  ✓ ⑤c test-gone 的 @ 後面不是提交編號(test_drop@1a2b3c4 now ev)→ rc1
  ✓ ⑤c test-gone 的 @ 後面不是提交編號(test_drop@zzzzzzz)→ rc1
  ✓ ⑤d test-gone 的名稱跟上一版綁的不是整串一致(前綴 Every-order-now-need)→ rc1(前綴不核對就能夾帶說明)
  ✓ ⑤d test-gone 的名稱跟上一版綁的不是整串一致(前綴 python)→ rc1(前綴不核對就能夾帶說明)
  ✓ ⑤e @ 規則(test-gone:test_drop@1A2B3C4)→ rc1(只認小寫十六進位、一般綁定不帶 @)
  ✓ ⑤e @ 規則(test:test_new@1a2b3c4)→ rc1(只認小寫十六進位、一般綁定不帶 @)
  ✓ ⑥換綁定同時改了一個散文字 → rc1、點名 B
  ✓ ⑦綁定的值是中文(藏說明)→ rc1
  ✓ ⑧空的綁定標記不算綁定 → rc1
  ✓ ⑨同一個提交測試改名、B 換成新名 → rc0
  ✓ ⑩改到沒家舊檔+B 只換綁定 → rc0(只提醒)
  ✓ ⑪改的是行內程式碼裡舉例的標記 → rc1
t_nodehome_unmentioned_only_for_home_nodes
  ✓ ①計劃筆記不唸

最慢 5 支(超時上限 180s;餘裕 = 上限 / 最慢):
    42.6s  t_nodehome_test_tag_only_edit_is_not_write_back  (餘裕 4x)
    33.9s  t_nodehome_diff_route_counts_content_per_commit  (餘裕 5x)
    29.6s  t_nodehome_optional_test_snapshot_race  (餘裕 6x)
     8.1s  t_nodehome_check_blocks_new_homeless_file  (餘裕 22x)
     7.0s  t_nodehome_merge_auto_combined_not_blocked  (餘裕 26x)

────────────────────────────────────────
113 passed, 0 failed
