lumos 測試(1 案例)
  ✓ 宣告讀取上限/False/normal:新增宣告確實入索引
  ✓ 宣告讀取上限/False/normal:批次上限及共用截止實際接上
  ✓ 宣告讀取上限/False/normal:截止或大小上限確實生效
  ✓ 宣告讀取上限/False/normal:只借完整可信的宣告證據
  ✓ 宣告讀取上限/False/single:新增宣告確實入索引
  ✓ 宣告讀取上限/False/single:批次上限及共用截止實際接上
  ✓ 宣告讀取上限/False/single:截止或大小上限確實生效
  ✓ 宣告讀取上限/False/single:只借完整可信的宣告證據
  ✓ 宣告讀取上限/False/total:新增宣告確實入索引
  ✓ 宣告讀取上限/False/total:批次上限及共用截止實際接上
  ✓ 宣告讀取上限/False/total:截止或大小上限確實生效
  ✗ 宣告讀取上限/False/total:只借完整可信的宣告證據  擋下:這次提交有 45 條「每支檔有家」的新違規。
每支程式檔要有一篇管它的節點(about_code 列了它);沒有家的檔,改它時工具推不出該看的筆記,寫回也不知道該落哪——兩個專案就是這樣長出一篇包全部的節點。

■ 這次寫了說明的節點,不是任何一支改動檔的家(45 篇):
  Systems/Other0(這次改的檔:src/a.py)
  Systems/Other1(這次改的檔:src/a.py)
  Systems/Other10(這次改的檔:src/a.py)
  Systems/Other11(這次改的檔:src/a.py)
  Systems/Other12(這次改的檔:src/a.py)
  Systems/Other13(這次改的檔:src/a.py)
  Systems/Other14(這次改的檔:src/a.py)
  Systems/Other15(這次改的檔:src/a.py)
  Systems/Other16(這次改的檔:src/a.py)
  Systems/Other17(這次改的檔:src/a.py)
  兩條路:把說明寫進那些檔的家;或這篇真的在講那支檔,就把檔加進它管的範圍(明文、審得到,超過上限要寫負責範圍):
    lumos append <節點> about_code <檔>

真的要先提交 → git commit --no-verify,並在訊息裡留一句為什麼(推送前還會再查一次)。整個專案先改成只提醒:.lumos/config.json 的 node_home.gate 設成 warn。
提醒:src/a.py 改了,它的家 Systems/Production 這次沒動——行為有變的話說明要寫進去。
提醒:Systems/Other0 這次多管了 tests/check.py,可是它的摘要和正文連這個檔名都沒提到——改這支檔的時候會把這篇推到看的人眼前,推錯篇比沒推更花時間。
  在那篇寫一句它負責 tests/check.py 的什麼;或改掛到真的在講它的那篇:
    lumos remove Systems/Other0 about_code tests/check.py
提醒:Systems/Other1 這次多管了 tests/check.py,可是它的摘要和正文連這個檔名都沒提到——改這支檔的時候會把這篇推到看的人眼前,推錯篇比沒推更花時間。
  在那篇寫一句它負責 tests/check.py 的什麼;或改掛到真的在講它的那篇:
    lumos remove Systems/Other1 about_code tests/check.py
提醒:Systems/Other10 這次多管了 tests/check.py,可是它的摘要和正文連這個檔名都沒提到——改這支檔的時候會把這篇推到看的人眼前,推錯篇比沒推更花時間。
  在那篇寫一句它負責 tests/check.py 的什麼;或改掛到真的在講它的那篇:
    lumos remove Systems/Other10 about_code tests/check.py
提醒:Systems/Other11 這次多管了 tests/check.py,可是它的摘要和正文連這個檔名都沒提到——改這支檔的時候會把這篇推到看的人眼前,推錯篇比沒推更花時間。
  在那篇寫一句它負責 tests/check.py 的什麼;或改掛到真的在講它的那篇:
    lumos remove Systems/Other11 about_code tests/check.py
提醒:Systems/Other12 這次多管了 tests/check.py,可是它的摘要和正文連這個檔名都沒提到——改這支檔的時候會把這篇推到看的人眼前,推錯篇比沒推更花時間。
  在那篇寫一句它負責 tests/check.py 的什麼;或改掛到真的在講它的那篇:
    lumos remove Systems/Other12 about_code tests/check.py
提醒:Systems/Other13 這次多管了 tests/check.py,可是它的摘要和正文連這個檔名都沒提到——改這支檔的時候會把這篇推到看的人眼前,推錯篇比沒推更花時間。
  在那篇寫一句它負責 tests/check.py 的什麼;或改掛到真的在講它的那篇:
    lumos remove Systems/Other13 about_code tests/check.py
提醒:Systems/Other14 這次多管了 tests/check.py,可是它的摘要和正文連這個檔名都沒提到——改這支檔的時候會把這篇推到看的人眼前,推錯篇比沒推更花時間。
  在那篇寫一句它負責 tests/check.py 的什麼;或改掛到真的在講它的那篇:
    lumos remove Systems/Other14 about_code tests/check.py
提醒:Systems/Other15 這次多管了 tests/check.py,可是它的摘要和正文連這個檔名都沒提到——改這支檔的時候會把這篇推到看的人眼前,推錯篇比沒推更花時間。
  在那篇寫一句它負責 tests/check.py 的什麼;或改掛到真的在講它的那篇:
    lumos remove Systems/Other15 about_code tests/check.py
提醒:Systems/Other16 這次多管了 tests/check.py,可是它的摘要和正文連這個檔名都沒提到——改這支檔的時候會把這篇推到看的人眼前,推錯篇比沒推更花時間。
  在那篇寫一句它負責 tests/check.py 的什麼;或改掛到真的在講它的那篇:
    lumos remove Systems/Other16 about_code tests/check.py
提醒:Systems/Other17 這次多管了 tests/check.py,可是它的摘要和正文連這個檔名都沒提到——改這支檔的時候會把這篇推到看的人眼前,推錯篇比沒推更花時間。
  在那篇寫一句它負責 tests/check.py 的什麼;或改掛到真的在講它的那篇:
    lumos remove Systems/Other17 about_code tests/check.py
ROUTE-LIMITS:[{"per_file": 262144, "total": 8388608, "remaining": 4.999987334012985, "expired": false, "read_count": 40}]

  ✓ 宣告讀取上限/False/deadline:新增宣告確實入索引
  ✓ 宣告讀取上限/False/deadline:批次上限及共用截止實際接上
  ✓ 宣告讀取上限/False/deadline:截止或大小上限確實生效
  ✓ 宣告讀取上限/False/deadline:只借完整可信的宣告證據
  ✓ 宣告讀取上限/True/normal:新增宣告確實入索引
  ✓ 宣告讀取上限/True/normal:批次上限及共用截止實際接上
  ✓ 宣告讀取上限/True/normal:截止或大小上限確實生效
  ✓ 宣告讀取上限/True/normal:只借完整可信的宣告證據
  ✓ 宣告讀取上限/True/single:新增宣告確實入索引
  ✓ 宣告讀取上限/True/single:批次上限及共用截止實際接上
  ✓ 宣告讀取上限/True/single:截止或大小上限確實生效
  ✓ 宣告讀取上限/True/single:只借完整可信的宣告證據
  ✓ 宣告讀取上限/True/total:新增宣告確實入索引
  ✓ 宣告讀取上限/True/total:批次上限及共用截止實際接上
  ✓ 宣告讀取上限/True/total:截止或大小上限確實生效
  ✗ 宣告讀取上限/True/total:只借完整可信的宣告證據  擋下:這次提交有 45 條「每支檔有家」的新違規。
每支程式檔要有一篇管它的節點(about_code 列了它);沒有家的檔,改它時工具推不出該看的筆記,寫回也不知道該落哪——兩個專案就是這樣長出一篇包全部的節點。

■ 這次寫了說明的節點,不是任何一支改動檔的家(45 篇):
  Systems/Other0(這次改的檔:src/a.py)
  Systems/Other1(這次改的檔:src/a.py)
  Systems/Other10(這次改的檔:src/a.py)
  Systems/Other11(這次改的檔:src/a.py)
  Systems/Other12(這次改的檔:src/a.py)
  Systems/Other13(這次改的檔:src/a.py)
  Systems/Other14(這次改的檔:src/a.py)
  Systems/Other15(這次改的檔:src/a.py)
  Systems/Other16(這次改的檔:src/a.py)
  Systems/Other17(這次改的檔:src/a.py)
  兩條路:把說明寫進那些檔的家;或這篇真的在講那支檔,就把檔加進它管的範圍(明文、審得到,超過上限要寫負責範圍):
    lumos append <節點> about_code <檔>

真的要先提交 → git commit --no-verify,並在訊息裡留一句為什麼(推送前還會再查一次)。整個專案先改成只提醒:.lumos/config.json 的 node_home.gate 設成 warn。
提醒:src/a.py 改了,它的家 Systems/Production 這次沒動——行為有變的話說明要寫進去。
提醒:Systems/Other0 這次多管了 tests/check.py,可是它的摘要和正文連這個檔名都沒提到——改這支檔的時候會把這篇推到看的人眼前,推錯篇比沒推更花時間。
  在那篇寫一句它負責 tests/check.py 的什麼;或改掛到真的在講它的那篇:
    lumos remove Systems/Other0 about_code tests/check.py
提醒:Systems/Other1 這次多管了 tests/check.py,可是它的摘要和正文連這個檔名都沒提到——改這支檔的時候會把這篇推到看的人眼前,推錯篇比沒推更花時間。
  在那篇寫一句它負責 tests/check.py 的什麼;或改掛到真的在講它的那篇:
    lumos remove Systems/Other1 about_code tests/check.py
提醒:Systems/Other10 這次多管了 tests/check.py,可是它的摘要和正文連這個檔名都沒提到——改這支檔的時候會把這篇推到看的人眼前,推錯篇比沒推更花時間。
  在那篇寫一句它負責 tests/check.py 的什麼;或改掛到真的在講它的那篇:
    lumos remove Systems/Other10 about_code tests/check.py
提醒:Systems/Other11 這次多管了 tests/check.py,可是它的摘要和正文連這個檔名都沒提到——改這支檔的時候會把這篇推到看的人眼前,推錯篇比沒推更花時間。
  在那篇寫一句它負責 tests/check.py 的什麼;或改掛到真的在講它的那篇:
    lumos remove Systems/Other11 about_code tests/check.py
提醒:Systems/Other12 這次多管了 tests/check.py,可是它的摘要和正文連這個檔名都沒提到——改這支檔的時候會把這篇推到看的人眼前,推錯篇比沒推更花時間。
  在那篇寫一句它負責 tests/check.py 的什麼;或改掛到真的在講它的那篇:
    lumos remove Systems/Other12 about_code tests/check.py
提醒:Systems/Other13 這次多管了 tests/check.py,可是它的摘要和正文連這個檔名都沒提到——改這支檔的時候會把這篇推到看的人眼前,推錯篇比沒推更花時間。
  在那篇寫一句它負責 tests/check.py 的什麼;或改掛到真的在講它的那篇:
    lumos remove Systems/Other13 about_code tests/check.py
提醒:Systems/Other14 這次多管了 tests/check.py,可是它的摘要和正文連這個檔名都沒提到——改這支檔的時候會把這篇推到看的人眼前,推錯篇比沒推更花時間。
  在那篇寫一句它負責 tests/check.py 的什麼;或改掛到真的在講它的那篇:
    lumos remove Systems/Other14 about_code tests/check.py
提醒:Systems/Other15 這次多管了 tests/check.py,可是它的摘要和正文連這個檔名都沒提到——改這支檔的時候會把這篇推到看的人眼前,推錯篇比沒推更花時間。
  在那篇寫一句它負責 tests/check.py 的什麼;或改掛到真的在講它的那篇:
    lumos remove Systems/Other15 about_code tests/check.py
提醒:Systems/Other16 這次多管了 tests/check.py,可是它的摘要和正文連這個檔名都沒提到——改這支檔的時候會把這篇推到看的人眼前,推錯篇比沒推更花時間。
  在那篇寫一句它負責 tests/check.py 的什麼;或改掛到真的在講它的那篇:
    lumos remove Systems/Other16 about_code tests/check.py
提醒:Systems/Other17 這次多管了 tests/check.py,可是它的摘要和正文連這個檔名都沒提到——改這支檔的時候會把這篇推到看的人眼前,推錯篇比沒推更花時間。
  在那篇寫一句它負責 tests/check.py 的什麼;或改掛到真的在講它的那篇:
    lumos remove Systems/Other17 about_code tests/check.py
ROUTE-LIMITS:[{"per_file": 262144, "total": 8388608, "remaining": 4.999987083487213, "expired": false, "read_count": 40}]

  ✓ 宣告讀取上限/True/deadline:新增宣告確實入索引
  ✓ 宣告讀取上限/True/deadline:批次上限及共用截止實際接上
  ✓ 宣告讀取上限/True/deadline:截止或大小上限確實生效
  ✓ 宣告讀取上限/True/deadline:只借完整可信的宣告證據
  ✗ FAILED t_nodehome_optional_test_declaration_read_limits(2 條斷言)

最慢 5 支(超時上限 180s;餘裕 = 上限 / 最慢):
    47.8s  t_nodehome_optional_test_declaration_read_limits  (餘裕 4x)

────────────────────────────────────────
30 passed, 2 failed
  這一輪的暫存現場留著沒刪(有紅或 --keep-tmp):/var/folders/tc/xmllmxtn4q5704lsy80wc1kw0000gn/T/gctl-run-1fe60a5v
