lumos 測試(1 案例)
  ✓ 宣告讀取上限/False/normal:新增宣告確實入索引
  ✗ 宣告讀取上限/False/normal:批次上限及共用截止實際接上  提醒:src/a.py 改了,它的家 Systems/Production 這次沒動——行為有變的話說明要寫進去。
提醒:Systems/TestHome 這次多管了 tests/check.py,可是它的摘要和正文連這個檔名都沒提到——改這支檔的時候會把這篇推到看的人眼前,推錯篇比沒推更花時間。
  在那篇寫一句它負責 tests/check.py 的什麼;或改掛到真的在講它的那篇:
    lumos remove Systems/TestHome about_code tests/check.py
ROUTE-LIMITS:[]

  ✗ 宣告讀取上限/False/normal:截止或大小上限確實生效  提醒:src/a.py 改了,它的家 Systems/Production 這次沒動——行為有變的話說明要寫進去。
提醒:Systems/TestHome 這次多管了 tests/check.py,可是它的摘要和正文連這個檔名都沒提到——改這支檔的時候會把這篇推到看的人眼前,推錯篇比沒推更花時間。
  在那篇寫一句它負責 tests/check.py 的什麼;或改掛到真的在講它的那篇:
    lumos remove Systems/TestHome about_code tests/check.py
ROUTE-LIMITS:[]

  ✓ 宣告讀取上限/False/normal:只借完整可信的宣告證據
  ✓ 宣告讀取上限/False/single:新增宣告確實入索引
  ✗ 宣告讀取上限/False/single:批次上限及共用截止實際接上  提醒:src/a.py 改了,它的家 Systems/Production 這次沒動——行為有變的話說明要寫進去。
提醒:Systems/TestHome 這次多管了 tests/check.py,可是它的摘要和正文連這個檔名都沒提到——改這支檔的時候會把這篇推到看的人眼前,推錯篇比沒推更花時間。
  在那篇寫一句它負責 tests/check.py 的什麼;或改掛到真的在講它的那篇:
    lumos remove Systems/TestHome about_code tests/check.py
ROUTE-LIMITS:[]

  ✗ 宣告讀取上限/False/single:截止或大小上限確實生效  提醒:src/a.py 改了,它的家 Systems/Production 這次沒動——行為有變的話說明要寫進去。
提醒:Systems/TestHome 這次多管了 tests/check.py,可是它的摘要和正文連這個檔名都沒提到——改這支檔的時候會把這篇推到看的人眼前,推錯篇比沒推更花時間。
  在那篇寫一句它負責 tests/check.py 的什麼;或改掛到真的在講它的那篇:
    lumos remove Systems/TestHome about_code tests/check.py
ROUTE-LIMITS:[]

  ✗ 宣告讀取上限/False/single:只借完整可信的宣告證據  提醒:src/a.py 改了,它的家 Systems/Production 這次沒動——行為有變的話說明要寫進去。
提醒:Systems/TestHome 這次多管了 tests/check.py,可是它的摘要和正文連這個檔名都沒提到——改這支檔的時候會把這篇推到看的人眼前,推錯篇比沒推更花時間。
  在那篇寫一句它負責 tests/check.py 的什麼;或改掛到真的在講它的那篇:
    lumos remove Systems/TestHome about_code tests/check.py
ROUTE-LIMITS:[]

  ✓ 宣告讀取上限/False/total:新增宣告確實入索引
  ✗ 宣告讀取上限/False/total:批次上限及共用截止實際接上  提醒:src/a.py 改了,它的家 Systems/Production 這次沒動——行為有變的話說明要寫進去。
提醒:Systems/Other0 這次多管了 tests/check.py,可是它的摘要和正文連這個檔名都沒提到——改這支檔的時候會把這篇推到看的人眼前,推錯篇比沒推更花時間。
  在那篇寫一句它負責 tests/check.py 的什麼;或改掛到真的在講它的那篇:
    lumos remove Systems/Other0 about_code tests/check.py
提醒:Systems/Other1 這次多管了 tests/check.py,可是它的摘要和正文連這個檔名都沒提到——改這支檔的時候會把這篇推到看的人眼前,推錯篇比沒推更花時間。
  在那篇寫一句它負責 tests/check.py 的什麼;或改掛到真的在講它的那篇:
    lumos remove Systems/Other1 about_code tests/check.py
提醒:Systems/Other10 這次多管了 tests/check.py,可是它的摘要和正文連這個檔名都沒提到——改這支檔的時候會把這篇推到看的人眼前,推錯篇比沒推更花時間。
  在那篇寫一句它負責 tests/check.py 的什麼;或改掛到真的在講它的那篇:
    lumos remove Systems/Other10 about_code tests/check.py
提醒:Systems/Other11 這次多管了 tests/check.py,可是它的摘要和正文連這個檔名都沒提到——改這支檔的時候會把這篇推到看的人眼前,推錯篇比沒推更花時間。
  在那篇寫一句它負責 tests/check.py 的什麼;或改掛到真的在講它的那篇:
    lumos remove Systems/Other11 about_code tests/check.py
提醒:Systems/Other12 這次多管了 tests/check.py,可是它的摘要和正文連這個檔名都沒提到——改這支檔的時候會把這篇推到看的人眼前,推錯篇比沒推更花時間。
  在那篇寫一句它負責 tests/check.py 的什麼;或改掛到真的在講它的那篇:
    lumos remove Systems/Other12 about_code tests/check.py
提醒:Systems/Other13 這次多管了 tests/check.py,可是它的摘要和正文連這個檔名都沒提到——改這支檔的時候會把這篇推到看的人眼前,推錯篇比沒推更花時間。
  在那篇寫一句它負責 tests/check.py 的什麼;或改掛到真的在講它的那篇:
    lumos remove Systems/Other13 about_code tests/check.py
提醒:Systems/Other14 這次多管了 tests/check.py,可是它的摘要和正文連這個檔名都沒提到——改這支檔的時候會把這篇推到看的人眼前,推錯篇比沒推更花時間。
  在那篇寫一句它負責 tests/check.py 的什麼;或改掛到真的在講它的那篇:
    lumos remove Systems/Other14 about_code tests/check.py
提醒:Systems/Other15 這次多管了 tests/check.py,可是它的摘要和正文連這個檔名都沒提到——改這支檔的時候會把這篇推到看的人眼前,推錯篇比沒推更花時間。
  在那篇寫一句它負責 tests/check.py 的什麼;或改掛到真的在講它的那篇:
    lumos remove Systems/Other15 about_code tests/check.py
提醒:Systems/Other16 這次多管了 tests/check.py,可是它的摘要和正文連這個檔名都沒提到——改這支檔的時候會把這篇推到看的人眼前,推錯篇比沒推更花時間。
  在那篇寫一句它負責 tests/check.py 的什麼;或改掛到真的在講它的那篇:
    lumos remove Systems/Other16 about_code tests/check.py
提醒:Systems/Other17 這次多管了 tests/check.py,可是它的摘要和正文連這個檔名都沒提到——改這支檔的時候會把這篇推到看的人眼前,推錯篇比沒推更花時間。
  在那篇寫一句它負責 tests/check.py 的什麼;或改掛到真的在講它的那篇:
    lumos remove Systems/Other17 about_code tests/check.py
ROUTE-LIMITS:[]

  ✗ 宣告讀取上限/False/total:截止或大小上限確實生效  提醒:src/a.py 改了,它的家 Systems/Production 這次沒動——行為有變的話說明要寫進去。
提醒:Systems/Other0 這次多管了 tests/check.py,可是它的摘要和正文連這個檔名都沒提到——改這支檔的時候會把這篇推到看的人眼前,推錯篇比沒推更花時間。
  在那篇寫一句它負責 tests/check.py 的什麼;或改掛到真的在講它的那篇:
    lumos remove Systems/Other0 about_code tests/check.py
提醒:Systems/Other1 這次多管了 tests/check.py,可是它的摘要和正文連這個檔名都沒提到——改這支檔的時候會把這篇推到看的人眼前,推錯篇比沒推更花時間。
  在那篇寫一句它負責 tests/check.py 的什麼;或改掛到真的在講它的那篇:
    lumos remove Systems/Other1 about_code tests/check.py
提醒:Systems/Other10 這次多管了 tests/check.py,可是它的摘要和正文連這個檔名都沒提到——改這支檔的時候會把這篇推到看的人眼前,推錯篇比沒推更花時間。
  在那篇寫一句它負責 tests/check.py 的什麼;或改掛到真的在講它的那篇:
    lumos remove Systems/Other10 about_code tests/check.py
提醒:Systems/Other11 這次多管了 tests/check.py,可是它的摘要和正文連這個檔名都沒提到——改這支檔的時候會把這篇推到看的人眼前,推錯篇比沒推更花時間。
  在那篇寫一句它負責 tests/check.py 的什麼;或改掛到真的在講它的那篇:
    lumos remove Systems/Other11 about_code tests/check.py
提醒:Systems/Other12 這次多管了 tests/check.py,可是它的摘要和正文連這個檔名都沒提到——改這支檔的時候會把這篇推到看的人眼前,推錯篇比沒推更花時間。
  在那篇寫一句它負責 tests/check.py 的什麼;或改掛到真的在講它的那篇:
    lumos remove Systems/Other12 about_code tests/check.py
提醒:Systems/Other13 這次多管了 tests/check.py,可是它的摘要和正文連這個檔名都沒提到——改這支檔的時候會把這篇推到看的人眼前,推錯篇比沒推更花時間。
  在那篇寫一句它負責 tests/check.py 的什麼;或改掛到真的在講它的那篇:
    lumos remove Systems/Other13 about_code tests/check.py
提醒:Systems/Other14 這次多管了 tests/check.py,可是它的摘要和正文連這個檔名都沒提到——改這支檔的時候會把這篇推到看的人眼前,推錯篇比沒推更花時間。
  在那篇寫一句它負責 tests/check.py 的什麼;或改掛到真的在講它的那篇:
    lumos remove Systems/Other14 about_code tests/check.py
提醒:Systems/Other15 這次多管了 tests/check.py,可是它的摘要和正文連這個檔名都沒提到——改這支檔的時候會把這篇推到看的人眼前,推錯篇比沒推更花時間。
  在那篇寫一句它負責 tests/check.py 的什麼;或改掛到真的在講它的那篇:
    lumos remove Systems/Other15 about_code tests/check.py
提醒:Systems/Other16 這次多管了 tests/check.py,可是它的摘要和正文連這個檔名都沒提到——改這支檔的時候會把這篇推到看的人眼前,推錯篇比沒推更花時間。
  在那篇寫一句它負責 tests/check.py 的什麼;或改掛到真的在講它的那篇:
    lumos remove Systems/Other16 about_code tests/check.py
提醒:Systems/Other17 這次多管了 tests/check.py,可是它的摘要和正文連這個檔名都沒提到——改這支檔的時候會把這篇推到看的人眼前,推錯篇比沒推更花時間。
  在那篇寫一句它負責 tests/check.py 的什麼;或改掛到真的在講它的那篇:
    lumos remove Systems/Other17 about_code tests/check.py
ROUTE-LIMITS:[]

  ✗ 宣告讀取上限/False/total:只借完整可信的宣告證據  提醒:src/a.py 改了,它的家 Systems/Production 這次沒動——行為有變的話說明要寫進去。
提醒:Systems/Other0 這次多管了 tests/check.py,可是它的摘要和正文連這個檔名都沒提到——改這支檔的時候會把這篇推到看的人眼前,推錯篇比沒推更花時間。
  在那篇寫一句它負責 tests/check.py 的什麼;或改掛到真的在講它的那篇:
    lumos remove Systems/Other0 about_code tests/check.py
提醒:Systems/Other1 這次多管了 tests/check.py,可是它的摘要和正文連這個檔名都沒提到——改這支檔的時候會把這篇推到看的人眼前,推錯篇比沒推更花時間。
  在那篇寫一句它負責 tests/check.py 的什麼;或改掛到真的在講它的那篇:
    lumos remove Systems/Other1 about_code tests/check.py
提醒:Systems/Other10 這次多管了 tests/check.py,可是它的摘要和正文連這個檔名都沒提到——改這支檔的時候會把這篇推到看的人眼前,推錯篇比沒推更花時間。
  在那篇寫一句它負責 tests/check.py 的什麼;或改掛到真的在講它的那篇:
    lumos remove Systems/Other10 about_code tests/check.py
提醒:Systems/Other11 這次多管了 tests/check.py,可是它的摘要和正文連這個檔名都沒提到——改這支檔的時候會把這篇推到看的人眼前,推錯篇比沒推更花時間。
  在那篇寫一句它負責 tests/check.py 的什麼;或改掛到真的在講它的那篇:
    lumos remove Systems/Other11 about_code tests/check.py
提醒:Systems/Other12 這次多管了 tests/check.py,可是它的摘要和正文連這個檔名都沒提到——改這支檔的時候會把這篇推到看的人眼前,推錯篇比沒推更花時間。
  在那篇寫一句它負責 tests/check.py 的什麼;或改掛到真的在講它的那篇:
    lumos remove Systems/Other12 about_code tests/check.py
提醒:Systems/Other13 這次多管了 tests/check.py,可是它的摘要和正文連這個檔名都沒提到——改這支檔的時候會把這篇推到看的人眼前,推錯篇比沒推更花時間。
  在那篇寫一句它負責 tests/check.py 的什麼;或改掛到真的在講它的那篇:
    lumos remove Systems/Other13 about_code tests/check.py
提醒:Systems/Other14 這次多管了 tests/check.py,可是它的摘要和正文連這個檔名都沒提到——改這支檔的時候會把這篇推到看的人眼前,推錯篇比沒推更花時間。
  在那篇寫一句它負責 tests/check.py 的什麼;或改掛到真的在講它的那篇:
    lumos remove Systems/Other14 about_code tests/check.py
提醒:Systems/Other15 這次多管了 tests/check.py,可是它的摘要和正文連這個檔名都沒提到——改這支檔的時候會把這篇推到看的人眼前,推錯篇比沒推更花時間。
  在那篇寫一句它負責 tests/check.py 的什麼;或改掛到真的在講它的那篇:
    lumos remove Systems/Other15 about_code tests/check.py
提醒:Systems/Other16 這次多管了 tests/check.py,可是它的摘要和正文連這個檔名都沒提到——改這支檔的時候會把這篇推到看的人眼前,推錯篇比沒推更花時間。
  在那篇寫一句它負責 tests/check.py 的什麼;或改掛到真的在講它的那篇:
    lumos remove Systems/Other16 about_code tests/check.py
提醒:Systems/Other17 這次多管了 tests/check.py,可是它的摘要和正文連這個檔名都沒提到——改這支檔的時候會把這篇推到看的人眼前,推錯篇比沒推更花時間。
  在那篇寫一句它負責 tests/check.py 的什麼;或改掛到真的在講它的那篇:
    lumos remove Systems/Other17 about_code tests/check.py
ROUTE-LIMITS:[]

  ✓ 宣告讀取上限/False/deadline:新增宣告確實入索引
  ✗ 宣告讀取上限/False/deadline:批次上限及共用截止實際接上  提醒:src/a.py 改了,它的家 Systems/Production 這次沒動——行為有變的話說明要寫進去。
提醒:Systems/TestHome 這次多管了 tests/check.py,可是它的摘要和正文連這個檔名都沒提到——改這支檔的時候會把這篇推到看的人眼前,推錯篇比沒推更花時間。
  在那篇寫一句它負責 tests/check.py 的什麼;或改掛到真的在講它的那篇:
    lumos remove Systems/TestHome about_code tests/check.py
ROUTE-LIMITS:[]

  ✗ 宣告讀取上限/False/deadline:截止或大小上限確實生效  提醒:src/a.py 改了,它的家 Systems/Production 這次沒動——行為有變的話說明要寫進去。
提醒:Systems/TestHome 這次多管了 tests/check.py,可是它的摘要和正文連這個檔名都沒提到——改這支檔的時候會把這篇推到看的人眼前,推錯篇比沒推更花時間。
  在那篇寫一句它負責 tests/check.py 的什麼;或改掛到真的在講它的那篇:
    lumos remove Systems/TestHome about_code tests/check.py
ROUTE-LIMITS:[]

  ✗ 宣告讀取上限/False/deadline:只借完整可信的宣告證據  提醒:src/a.py 改了,它的家 Systems/Production 這次沒動——行為有變的話說明要寫進去。
提醒:Systems/TestHome 這次多管了 tests/check.py,可是它的摘要和正文連這個檔名都沒提到——改這支檔的時候會把這篇推到看的人眼前,推錯篇比沒推更花時間。
  在那篇寫一句它負責 tests/check.py 的什麼;或改掛到真的在講它的那篇:
    lumos remove Systems/TestHome about_code tests/check.py
ROUTE-LIMITS:[]

  ✓ 宣告讀取上限/True/normal:新增宣告確實入索引
  ✗ 宣告讀取上限/True/normal:批次上限及共用截止實際接上  提醒:src/a.py 改了,它的家 Systems/Production 這次沒動——行為有變的話說明要寫進去。
提醒:Systems/TestHome 這次多管了 tests/check.py,可是它的摘要和正文連這個檔名都沒提到——改這支檔的時候會把這篇推到看的人眼前,推錯篇比沒推更花時間。
  在那篇寫一句它負責 tests/check.py 的什麼;或改掛到真的在講它的那篇:
    lumos remove Systems/TestHome about_code tests/check.py
ROUTE-LIMITS:[]

  ✗ 宣告讀取上限/True/normal:截止或大小上限確實生效  提醒:src/a.py 改了,它的家 Systems/Production 這次沒動——行為有變的話說明要寫進去。
提醒:Systems/TestHome 這次多管了 tests/check.py,可是它的摘要和正文連這個檔名都沒提到——改這支檔的時候會把這篇推到看的人眼前,推錯篇比沒推更花時間。
  在那篇寫一句它負責 tests/check.py 的什麼;或改掛到真的在講它的那篇:
    lumos remove Systems/TestHome about_code tests/check.py
ROUTE-LIMITS:[]

  ✓ 宣告讀取上限/True/normal:只借完整可信的宣告證據
  ✓ 宣告讀取上限/True/single:新增宣告確實入索引
  ✗ 宣告讀取上限/True/single:批次上限及共用截止實際接上  提醒:src/a.py 改了,它的家 Systems/Production 這次沒動——行為有變的話說明要寫進去。
提醒:Systems/TestHome 這次多管了 tests/check.py,可是它的摘要和正文連這個檔名都沒提到——改這支檔的時候會把這篇推到看的人眼前,推錯篇比沒推更花時間。
  在那篇寫一句它負責 tests/check.py 的什麼;或改掛到真的在講它的那篇:
    lumos remove Systems/TestHome about_code tests/check.py
ROUTE-LIMITS:[]

  ✗ 宣告讀取上限/True/single:截止或大小上限確實生效  提醒:src/a.py 改了,它的家 Systems/Production 這次沒動——行為有變的話說明要寫進去。
提醒:Systems/TestHome 這次多管了 tests/check.py,可是它的摘要和正文連這個檔名都沒提到——改這支檔的時候會把這篇推到看的人眼前,推錯篇比沒推更花時間。
  在那篇寫一句它負責 tests/check.py 的什麼;或改掛到真的在講它的那篇:
    lumos remove Systems/TestHome about_code tests/check.py
ROUTE-LIMITS:[]

  ✗ 宣告讀取上限/True/single:只借完整可信的宣告證據  提醒:src/a.py 改了,它的家 Systems/Production 這次沒動——行為有變的話說明要寫進去。
提醒:Systems/TestHome 這次多管了 tests/check.py,可是它的摘要和正文連這個檔名都沒提到——改這支檔的時候會把這篇推到看的人眼前,推錯篇比沒推更花時間。
  在那篇寫一句它負責 tests/check.py 的什麼;或改掛到真的在講它的那篇:
    lumos remove Systems/TestHome about_code tests/check.py
ROUTE-LIMITS:[]

  ✓ 宣告讀取上限/True/total:新增宣告確實入索引
  ✗ 宣告讀取上限/True/total:批次上限及共用截止實際接上  提醒:src/a.py 改了,它的家 Systems/Production 這次沒動——行為有變的話說明要寫進去。
提醒:Systems/Other0 這次多管了 tests/check.py,可是它的摘要和正文連這個檔名都沒提到——改這支檔的時候會把這篇推到看的人眼前,推錯篇比沒推更花時間。
  在那篇寫一句它負責 tests/check.py 的什麼;或改掛到真的在講它的那篇:
    lumos remove Systems/Other0 about_code tests/check.py
提醒:Systems/Other1 這次多管了 tests/check.py,可是它的摘要和正文連這個檔名都沒提到——改這支檔的時候會把這篇推到看的人眼前,推錯篇比沒推更花時間。
  在那篇寫一句它負責 tests/check.py 的什麼;或改掛到真的在講它的那篇:
    lumos remove Systems/Other1 about_code tests/check.py
提醒:Systems/Other10 這次多管了 tests/check.py,可是它的摘要和正文連這個檔名都沒提到——改這支檔的時候會把這篇推到看的人眼前,推錯篇比沒推更花時間。
  在那篇寫一句它負責 tests/check.py 的什麼;或改掛到真的在講它的那篇:
    lumos remove Systems/Other10 about_code tests/check.py
提醒:Systems/Other11 這次多管了 tests/check.py,可是它的摘要和正文連這個檔名都沒提到——改這支檔的時候會把這篇推到看的人眼前,推錯篇比沒推更花時間。
  在那篇寫一句它負責 tests/check.py 的什麼;或改掛到真的在講它的那篇:
    lumos remove Systems/Other11 about_code tests/check.py
提醒:Systems/Other12 這次多管了 tests/check.py,可是它的摘要和正文連這個檔名都沒提到——改這支檔的時候會把這篇推到看的人眼前,推錯篇比沒推更花時間。
  在那篇寫一句它負責 tests/check.py 的什麼;或改掛到真的在講它的那篇:
    lumos remove Systems/Other12 about_code tests/check.py
提醒:Systems/Other13 這次多管了 tests/check.py,可是它的摘要和正文連這個檔名都沒提到——改這支檔的時候會把這篇推到看的人眼前,推錯篇比沒推更花時間。
  在那篇寫一句它負責 tests/check.py 的什麼;或改掛到真的在講它的那篇:
    lumos remove Systems/Other13 about_code tests/check.py
提醒:Systems/Other14 這次多管了 tests/check.py,可是它的摘要和正文連這個檔名都沒提到——改這支檔的時候會把這篇推到看的人眼前,推錯篇比沒推更花時間。
  在那篇寫一句它負責 tests/check.py 的什麼;或改掛到真的在講它的那篇:
    lumos remove Systems/Other14 about_code tests/check.py
提醒:Systems/Other15 這次多管了 tests/check.py,可是它的摘要和正文連這個檔名都沒提到——改這支檔的時候會把這篇推到看的人眼前,推錯篇比沒推更花時間。
  在那篇寫一句它負責 tests/check.py 的什麼;或改掛到真的在講它的那篇:
    lumos remove Systems/Other15 about_code tests/check.py
提醒:Systems/Other16 這次多管了 tests/check.py,可是它的摘要和正文連這個檔名都沒提到——改這支檔的時候會把這篇推到看的人眼前,推錯篇比沒推更花時間。
  在那篇寫一句它負責 tests/check.py 的什麼;或改掛到真的在講它的那篇:
    lumos remove Systems/Other16 about_code tests/check.py
提醒:Systems/Other17 這次多管了 tests/check.py,可是它的摘要和正文連這個檔名都沒提到——改這支檔的時候會把這篇推到看的人眼前,推錯篇比沒推更花時間。
  在那篇寫一句它負責 tests/check.py 的什麼;或改掛到真的在講它的那篇:
    lumos remove Systems/Other17 about_code tests/check.py
ROUTE-LIMITS:[]

  ✗ 宣告讀取上限/True/total:截止或大小上限確實生效  提醒:src/a.py 改了,它的家 Systems/Production 這次沒動——行為有變的話說明要寫進去。
提醒:Systems/Other0 這次多管了 tests/check.py,可是它的摘要和正文連這個檔名都沒提到——改這支檔的時候會把這篇推到看的人眼前,推錯篇比沒推更花時間。
  在那篇寫一句它負責 tests/check.py 的什麼;或改掛到真的在講它的那篇:
    lumos remove Systems/Other0 about_code tests/check.py
提醒:Systems/Other1 這次多管了 tests/check.py,可是它的摘要和正文連這個檔名都沒提到——改這支檔的時候會把這篇推到看的人眼前,推錯篇比沒推更花時間。
  在那篇寫一句它負責 tests/check.py 的什麼;或改掛到真的在講它的那篇:
    lumos remove Systems/Other1 about_code tests/check.py
提醒:Systems/Other10 這次多管了 tests/check.py,可是它的摘要和正文連這個檔名都沒提到——改這支檔的時候會把這篇推到看的人眼前,推錯篇比沒推更花時間。
  在那篇寫一句它負責 tests/check.py 的什麼;或改掛到真的在講它的那篇:
    lumos remove Systems/Other10 about_code tests/check.py
提醒:Systems/Other11 這次多管了 tests/check.py,可是它的摘要和正文連這個檔名都沒提到——改這支檔的時候會把這篇推到看的人眼前,推錯篇比沒推更花時間。
  在那篇寫一句它負責 tests/check.py 的什麼;或改掛到真的在講它的那篇:
    lumos remove Systems/Other11 about_code tests/check.py
提醒:Systems/Other12 這次多管了 tests/check.py,可是它的摘要和正文連這個檔名都沒提到——改這支檔的時候會把這篇推到看的人眼前,推錯篇比沒推更花時間。
  在那篇寫一句它負責 tests/check.py 的什麼;或改掛到真的在講它的那篇:
    lumos remove Systems/Other12 about_code tests/check.py
提醒:Systems/Other13 這次多管了 tests/check.py,可是它的摘要和正文連這個檔名都沒提到——改這支檔的時候會把這篇推到看的人眼前,推錯篇比沒推更花時間。
  在那篇寫一句它負責 tests/check.py 的什麼;或改掛到真的在講它的那篇:
    lumos remove Systems/Other13 about_code tests/check.py
提醒:Systems/Other14 這次多管了 tests/check.py,可是它的摘要和正文連這個檔名都沒提到——改這支檔的時候會把這篇推到看的人眼前,推錯篇比沒推更花時間。
  在那篇寫一句它負責 tests/check.py 的什麼;或改掛到真的在講它的那篇:
    lumos remove Systems/Other14 about_code tests/check.py
提醒:Systems/Other15 這次多管了 tests/check.py,可是它的摘要和正文連這個檔名都沒提到——改這支檔的時候會把這篇推到看的人眼前,推錯篇比沒推更花時間。
  在那篇寫一句它負責 tests/check.py 的什麼;或改掛到真的在講它的那篇:
    lumos remove Systems/Other15 about_code tests/check.py
提醒:Systems/Other16 這次多管了 tests/check.py,可是它的摘要和正文連這個檔名都沒提到——改這支檔的時候會把這篇推到看的人眼前,推錯篇比沒推更花時間。
  在那篇寫一句它負責 tests/check.py 的什麼;或改掛到真的在講它的那篇:
    lumos remove Systems/Other16 about_code tests/check.py
提醒:Systems/Other17 這次多管了 tests/check.py,可是它的摘要和正文連這個檔名都沒提到——改這支檔的時候會把這篇推到看的人眼前,推錯篇比沒推更花時間。
  在那篇寫一句它負責 tests/check.py 的什麼;或改掛到真的在講它的那篇:
    lumos remove Systems/Other17 about_code tests/check.py
ROUTE-LIMITS:[]

  ✗ 宣告讀取上限/True/total:只借完整可信的宣告證據  提醒:src/a.py 改了,它的家 Systems/Production 這次沒動——行為有變的話說明要寫進去。
提醒:Systems/Other0 這次多管了 tests/check.py,可是它的摘要和正文連這個檔名都沒提到——改這支檔的時候會把這篇推到看的人眼前,推錯篇比沒推更花時間。
  在那篇寫一句它負責 tests/check.py 的什麼;或改掛到真的在講它的那篇:
    lumos remove Systems/Other0 about_code tests/check.py
提醒:Systems/Other1 這次多管了 tests/check.py,可是它的摘要和正文連這個檔名都沒提到——改這支檔的時候會把這篇推到看的人眼前,推錯篇比沒推更花時間。
  在那篇寫一句它負責 tests/check.py 的什麼;或改掛到真的在講它的那篇:
    lumos remove Systems/Other1 about_code tests/check.py
提醒:Systems/Other10 這次多管了 tests/check.py,可是它的摘要和正文連這個檔名都沒提到——改這支檔的時候會把這篇推到看的人眼前,推錯篇比沒推更花時間。
  在那篇寫一句它負責 tests/check.py 的什麼;或改掛到真的在講它的那篇:
    lumos remove Systems/Other10 about_code tests/check.py
提醒:Systems/Other11 這次多管了 tests/check.py,可是它的摘要和正文連這個檔名都沒提到——改這支檔的時候會把這篇推到看的人眼前,推錯篇比沒推更花時間。
  在那篇寫一句它負責 tests/check.py 的什麼;或改掛到真的在講它的那篇:
    lumos remove Systems/Other11 about_code tests/check.py
提醒:Systems/Other12 這次多管了 tests/check.py,可是它的摘要和正文連這個檔名都沒提到——改這支檔的時候會把這篇推到看的人眼前,推錯篇比沒推更花時間。
  在那篇寫一句它負責 tests/check.py 的什麼;或改掛到真的在講它的那篇:
    lumos remove Systems/Other12 about_code tests/check.py
提醒:Systems/Other13 這次多管了 tests/check.py,可是它的摘要和正文連這個檔名都沒提到——改這支檔的時候會把這篇推到看的人眼前,推錯篇比沒推更花時間。
  在那篇寫一句它負責 tests/check.py 的什麼;或改掛到真的在講它的那篇:
    lumos remove Systems/Other13 about_code tests/check.py
提醒:Systems/Other14 這次多管了 tests/check.py,可是它的摘要和正文連這個檔名都沒提到——改這支檔的時候會把這篇推到看的人眼前,推錯篇比沒推更花時間。
  在那篇寫一句它負責 tests/check.py 的什麼;或改掛到真的在講它的那篇:
    lumos remove Systems/Other14 about_code tests/check.py
提醒:Systems/Other15 這次多管了 tests/check.py,可是它的摘要和正文連這個檔名都沒提到——改這支檔的時候會把這篇推到看的人眼前,推錯篇比沒推更花時間。
  在那篇寫一句它負責 tests/check.py 的什麼;或改掛到真的在講它的那篇:
    lumos remove Systems/Other15 about_code tests/check.py
提醒:Systems/Other16 這次多管了 tests/check.py,可是它的摘要和正文連這個檔名都沒提到——改這支檔的時候會把這篇推到看的人眼前,推錯篇比沒推更花時間。
  在那篇寫一句它負責 tests/check.py 的什麼;或改掛到真的在講它的那篇:
    lumos remove Systems/Other16 about_code tests/check.py
提醒:Systems/Other17 這次多管了 tests/check.py,可是它的摘要和正文連這個檔名都沒提到——改這支檔的時候會把這篇推到看的人眼前,推錯篇比沒推更花時間。
  在那篇寫一句它負責 tests/check.py 的什麼;或改掛到真的在講它的那篇:
    lumos remove Systems/Other17 about_code tests/check.py
ROUTE-LIMITS:[]

  ✓ 宣告讀取上限/True/deadline:新增宣告確實入索引
  ✗ 宣告讀取上限/True/deadline:批次上限及共用截止實際接上  提醒:src/a.py 改了,它的家 Systems/Production 這次沒動——行為有變的話說明要寫進去。
提醒:Systems/TestHome 這次多管了 tests/check.py,可是它的摘要和正文連這個檔名都沒提到——改這支檔的時候會把這篇推到看的人眼前,推錯篇比沒推更花時間。
  在那篇寫一句它負責 tests/check.py 的什麼;或改掛到真的在講它的那篇:
    lumos remove Systems/TestHome about_code tests/check.py
ROUTE-LIMITS:[]

  ✗ 宣告讀取上限/True/deadline:截止或大小上限確實生效  提醒:src/a.py 改了,它的家 Systems/Production 這次沒動——行為有變的話說明要寫進去。
提醒:Systems/TestHome 這次多管了 tests/check.py,可是它的摘要和正文連這個檔名都沒提到——改這支檔的時候會把這篇推到看的人眼前,推錯篇比沒推更花時間。
  在那篇寫一句它負責 tests/check.py 的什麼;或改掛到真的在講它的那篇:
    lumos remove Systems/TestHome about_code tests/check.py
ROUTE-LIMITS:[]

  ✗ 宣告讀取上限/True/deadline:只借完整可信的宣告證據  提醒:src/a.py 改了,它的家 Systems/Production 這次沒動——行為有變的話說明要寫進去。
提醒:Systems/TestHome 這次多管了 tests/check.py,可是它的摘要和正文連這個檔名都沒提到——改這支檔的時候會把這篇推到看的人眼前,推錯篇比沒推更花時間。
  在那篇寫一句它負責 tests/check.py 的什麼;或改掛到真的在講它的那篇:
    lumos remove Systems/TestHome about_code tests/check.py
ROUTE-LIMITS:[]

  ✗ FAILED t_nodehome_optional_test_declaration_read_limits(22 條斷言)

最慢 5 支(超時上限 180s;餘裕 = 上限 / 最慢):
    43.0s  t_nodehome_optional_test_declaration_read_limits  (餘裕 4x)

────────────────────────────────────────
10 passed, 22 failed
  這一輪的暫存現場留著沒刪(有紅或 --keep-tmp):/var/folders/tc/xmllmxtn4q5704lsy80wc1kw0000gn/T/gctl-run-wopu1iuc
