lumos 測試(1 案例)
  ✓ 宣告讀取上限/False/normal:新增宣告確實入索引
  ✓ 宣告讀取上限/False/normal:批次上限及共用截止實際接上
  ✓ 宣告讀取上限/False/normal:截止或大小上限確實生效
  ✓ 宣告讀取上限/False/normal:只借完整可信的宣告證據
  ✓ 宣告讀取上限/False/single:新增宣告確實入索引
  ✓ 宣告讀取上限/False/single:批次上限及共用截止實際接上
  ✓ 宣告讀取上限/False/single:截止或大小上限確實生效
  ✓ 宣告讀取上限/False/single:只借完整可信的宣告證據
  ✓ 宣告讀取上限/False/total:新增宣告確實入索引
  ✓ 宣告讀取上限/False/total:批次上限及共用截止實際接上
  ✓ 宣告讀取上限/False/total:截止或大小上限確實生效
  ✓ 宣告讀取上限/False/total:只借完整可信的宣告證據
  ✓ 宣告讀取上限/False/deadline:新增宣告確實入索引
  ✓ 宣告讀取上限/False/deadline:批次上限及共用截止實際接上
  ✓ 宣告讀取上限/False/deadline:截止或大小上限確實生效
  ✓ 宣告讀取上限/False/deadline:只借完整可信的宣告證據
  ✓ 宣告讀取上限/True/normal:新增宣告確實入索引
  ✓ 宣告讀取上限/True/normal:批次上限及共用截止實際接上
  ✓ 宣告讀取上限/True/normal:截止或大小上限確實生效
  ✓ 宣告讀取上限/True/normal:只借完整可信的宣告證據
  ✓ 宣告讀取上限/True/single:新增宣告確實入索引
  ✓ 宣告讀取上限/True/single:批次上限及共用截止實際接上
  ✓ 宣告讀取上限/True/single:截止或大小上限確實生效
  ✓ 宣告讀取上限/True/single:只借完整可信的宣告證據
  ✓ 宣告讀取上限/True/total:新增宣告確實入索引
  ✓ 宣告讀取上限/True/total:批次上限及共用截止實際接上
  ✓ 宣告讀取上限/True/total:截止或大小上限確實生效
  ✓ 宣告讀取上限/True/total:只借完整可信的宣告證據
  ✓ 宣告讀取上限/True/deadline:新增宣告確實入索引
  ✓ 宣告讀取上限/True/deadline:批次上限及共用截止實際接上
  ✓ 宣告讀取上限/True/deadline:截止或大小上限確實生效
  ✓ 宣告讀取上限/True/deadline:只借完整可信的宣告證據

最慢 5 支(超時上限 180s;餘裕 = 上限 / 最慢):
    41.6s  t_nodehome_optional_test_declaration_read_limits  (餘裕 4x)

────────────────────────────────────────
32 passed, 0 failed
