E...............E..E...EEEE.....
======================================================================
ERROR: test_ablation_notes_are_not_results_but_legacy_shards_are (__main__.TestScenarioProbeAblation.test_ablation_notes_are_not_results_but_legacy_shards_are)
----------------------------------------------------------------------
Traceback (most recent call last):
  File "/Users/enzo/orca/workspaces/lumos-toolchain/aspidochelone/scripts/test_autonomous_loop.py", line 2043, in test_ablation_notes_are_not_results_but_legacy_shards_are
    self.assertEqual(self.rn.collect_skills_health(root), [])
                     ~~~~~~~~~~~~~~~~~~~~~~~~~~~~~^^^^^^
  File "/Users/enzo/orca/workspaces/lumos-toolchain/aspidochelone/governance/eval/ablation_lumos_first.py", line 193, in collect_skills_health
    for p in sorted([*_result_json_files(out_dir), *Path(out_dir).glob("*.pending"),
                      ~~~~~~~~~~~~~~~~~~^^^^^^^^^
  File "/Users/enzo/orca/workspaces/lumos-toolchain/aspidochelone/governance/eval/ablation_lumos_first.py", line 161, in _result_json_files
    return sorted(p for p in Path(out_dir).glob("*.json")
                  if re.fullmatch(r"(?:with|without)-(?:q-.+|shard[0-9]+)\.json", p.name))
  File "/Users/enzo/orca/workspaces/lumos-toolchain/aspidochelone/governance/eval/ablation_lumos_first.py", line 162, in <genexpr>
    if re.fullmatch(r"(?:with|without)-(?:q-.+|shard[0-9]+)\.json", p.name))
       ^^
NameError: name 're' is not defined. Did you forget to import 're'?

======================================================================
ERROR: test_collect_skills_health (__main__.TestScenarioProbeAblation.test_collect_skills_health)
----------------------------------------------------------------------
Traceback (most recent call last):
  File "/Users/enzo/orca/workspaces/lumos-toolchain/aspidochelone/scripts/test_autonomous_loop.py", line 2244, in test_collect_skills_health
    hits = self.rn.collect_skills_health(d)
  File "/Users/enzo/orca/workspaces/lumos-toolchain/aspidochelone/governance/eval/ablation_lumos_first.py", line 193, in collect_skills_health
    for p in sorted([*_result_json_files(out_dir), *Path(out_dir).glob("*.pending"),
                      ~~~~~~~~~~~~~~~~~~^^^^^^^^^
  File "/Users/enzo/orca/workspaces/lumos-toolchain/aspidochelone/governance/eval/ablation_lumos_first.py", line 161, in _result_json_files
    return sorted(p for p in Path(out_dir).glob("*.json")
                  if re.fullmatch(r"(?:with|without)-(?:q-.+|shard[0-9]+)\.json", p.name))
  File "/Users/enzo/orca/workspaces/lumos-toolchain/aspidochelone/governance/eval/ablation_lumos_first.py", line 162, in <genexpr>
    if re.fullmatch(r"(?:with|without)-(?:q-.+|shard[0-9]+)\.json", p.name))
       ^^
NameError: name 're' is not defined. Did you forget to import 're'?

======================================================================
ERROR: test_load_results_skips_bad_json (__main__.TestScenarioProbeAblation.test_load_results_skips_bad_json)
----------------------------------------------------------------------
Traceback (most recent call last):
  File "/Users/enzo/orca/workspaces/lumos-toolchain/aspidochelone/scripts/test_autonomous_loop.py", line 2251, in test_load_results_skips_bad_json
    by = self.rn.load_results(d)   # 不該炸
  File "/Users/enzo/orca/workspaces/lumos-toolchain/aspidochelone/governance/eval/ablation_lumos_first.py", line 171, in load_results
    for p in _result_json_files(out_dir):
             ~~~~~~~~~~~~~~~~~~^^^^^^^^^
  File "/Users/enzo/orca/workspaces/lumos-toolchain/aspidochelone/governance/eval/ablation_lumos_first.py", line 161, in _result_json_files
    return sorted(p for p in Path(out_dir).glob("*.json")
                  if re.fullmatch(r"(?:with|without)-(?:q-.+|shard[0-9]+)\.json", p.name))
  File "/Users/enzo/orca/workspaces/lumos-toolchain/aspidochelone/governance/eval/ablation_lumos_first.py", line 162, in <genexpr>
    if re.fullmatch(r"(?:with|without)-(?:q-.+|shard[0-9]+)\.json", p.name))
       ^^
NameError: name 're' is not defined. Did you forget to import 're'?

======================================================================
ERROR: test_merge_computes_four_metrics (__main__.TestScenarioProbeAblation.test_merge_computes_four_metrics)
----------------------------------------------------------------------
Traceback (most recent call last):
  File "/Users/enzo/orca/workspaces/lumos-toolchain/aspidochelone/scripts/test_autonomous_loop.py", line 2129, in test_merge_computes_four_metrics
    s = self.rn.merge(d, expected_ids=["s01", "a01"], runs=2)
  File "/Users/enzo/orca/workspaces/lumos-toolchain/aspidochelone/governance/eval/ablation_lumos_first.py", line 398, in merge
    by_arm = load_results(out_dir)
  File "/Users/enzo/orca/workspaces/lumos-toolchain/aspidochelone/governance/eval/ablation_lumos_first.py", line 171, in load_results
    for p in _result_json_files(out_dir):
             ~~~~~~~~~~~~~~~~~~^^^^^^^^^
  File "/Users/enzo/orca/workspaces/lumos-toolchain/aspidochelone/governance/eval/ablation_lumos_first.py", line 161, in _result_json_files
    return sorted(p for p in Path(out_dir).glob("*.json")
                  if re.fullmatch(r"(?:with|without)-(?:q-.+|shard[0-9]+)\.json", p.name))
  File "/Users/enzo/orca/workspaces/lumos-toolchain/aspidochelone/governance/eval/ablation_lumos_first.py", line 162, in <genexpr>
    if re.fullmatch(r"(?:with|without)-(?:q-.+|shard[0-9]+)\.json", p.name))
       ^^
NameError: name 're' is not defined. Did you forget to import 're'?

======================================================================
ERROR: test_merge_counts_missing (__main__.TestScenarioProbeAblation.test_merge_counts_missing)
----------------------------------------------------------------------
Traceback (most recent call last):
  File "/Users/enzo/orca/workspaces/lumos-toolchain/aspidochelone/scripts/test_autonomous_loop.py", line 2258, in test_merge_counts_missing
    s = self.rn.merge(d, expected_ids=["s01", "s02"], runs=3)
  File "/Users/enzo/orca/workspaces/lumos-toolchain/aspidochelone/governance/eval/ablation_lumos_first.py", line 398, in merge
    by_arm = load_results(out_dir)
  File "/Users/enzo/orca/workspaces/lumos-toolchain/aspidochelone/governance/eval/ablation_lumos_first.py", line 171, in load_results
    for p in _result_json_files(out_dir):
             ~~~~~~~~~~~~~~~~~~^^^^^^^^^
  File "/Users/enzo/orca/workspaces/lumos-toolchain/aspidochelone/governance/eval/ablation_lumos_first.py", line 161, in _result_json_files
    return sorted(p for p in Path(out_dir).glob("*.json")
                  if re.fullmatch(r"(?:with|without)-(?:q-.+|shard[0-9]+)\.json", p.name))
  File "/Users/enzo/orca/workspaces/lumos-toolchain/aspidochelone/governance/eval/ablation_lumos_first.py", line 162, in <genexpr>
    if re.fullmatch(r"(?:with|without)-(?:q-.+|shard[0-9]+)\.json", p.name))
       ^^
NameError: name 're' is not defined. Did you forget to import 're'?

======================================================================
ERROR: test_needed_counts_only_valid (__main__.TestScenarioProbeAblation.test_needed_counts_only_valid)
----------------------------------------------------------------------
Traceback (most recent call last):
  File "/Users/enzo/orca/workspaces/lumos-toolchain/aspidochelone/scripts/test_autonomous_loop.py", line 2110, in test_needed_counts_only_valid
    by = self.rn.load_results(d)
  File "/Users/enzo/orca/workspaces/lumos-toolchain/aspidochelone/governance/eval/ablation_lumos_first.py", line 171, in load_results
    for p in _result_json_files(out_dir):
             ~~~~~~~~~~~~~~~~~~^^^^^^^^^
  File "/Users/enzo/orca/workspaces/lumos-toolchain/aspidochelone/governance/eval/ablation_lumos_first.py", line 161, in _result_json_files
    return sorted(p for p in Path(out_dir).glob("*.json")
                  if re.fullmatch(r"(?:with|without)-(?:q-.+|shard[0-9]+)\.json", p.name))
  File "/Users/enzo/orca/workspaces/lumos-toolchain/aspidochelone/governance/eval/ablation_lumos_first.py", line 162, in <genexpr>
    if re.fullmatch(r"(?:with|without)-(?:q-.+|shard[0-9]+)\.json", p.name))
       ^^
NameError: name 're' is not defined. Did you forget to import 're'?

======================================================================
ERROR: test_runs_in_window_counts_recent_only (__main__.TestScenarioProbeAblation.test_runs_in_window_counts_recent_only)
----------------------------------------------------------------------
Traceback (most recent call last):
  File "/Users/enzo/orca/workspaces/lumos-toolchain/aspidochelone/scripts/test_autonomous_loop.py", line 2161, in test_runs_in_window_counts_recent_only
    self.assertEqual(self.rn.runs_in_window(d, hours=5), 3, "六小時前的檔不算、summary 不算")
                     ~~~~~~~~~~~~~~~~~~~~~~^^^^^^^^^^^^
  File "/Users/enzo/orca/workspaces/lumos-toolchain/aspidochelone/governance/eval/ablation_lumos_first.py", line 222, in runs_in_window
    for p in _result_json_files(out_dir):
             ~~~~~~~~~~~~~~~~~~^^^^^^^^^
  File "/Users/enzo/orca/workspaces/lumos-toolchain/aspidochelone/governance/eval/ablation_lumos_first.py", line 161, in _result_json_files
    return sorted(p for p in Path(out_dir).glob("*.json")
                  if re.fullmatch(r"(?:with|without)-(?:q-.+|shard[0-9]+)\.json", p.name))
  File "/Users/enzo/orca/workspaces/lumos-toolchain/aspidochelone/governance/eval/ablation_lumos_first.py", line 162, in <genexpr>
    if re.fullmatch(r"(?:with|without)-(?:q-.+|shard[0-9]+)\.json", p.name))
       ^^
NameError: name 're' is not defined. Did you forget to import 're'?

----------------------------------------------------------------------
Ran 32 tests in 5.549s

FAILED (errors=7)
