F..
======================================================================
FAIL: test_attempt_ledger_parent_error_preserves_incident_before_launch (__main__.TestScenarioProbeAblation.test_attempt_ledger_parent_error_preserves_incident_before_launch)
----------------------------------------------------------------------
Traceback (most recent call last):
  File "/Users/enzo/orca/workspaces/lumos-toolchain/aspidochelone/scripts/test_autonomous_loop.py", line 1858, in test_attempt_ledger_parent_error_preserves_incident_before_launch
    result = self.rn.run_job("with", "q", 1, [], 1, 1, root, 0, max_per_window=1, stop=stop)
  File "/Users/enzo/orca/workspaces/lumos-toolchain/aspidochelone/governance/eval/ablation_lumos_first.py", line 265, in run_job
    r = subprocess.run(cmd, cwd=str(ROOT), stdout=lf, stderr=subprocess.STDOUT, text=True)
  File "/opt/homebrew/Cellar/python@3.14/3.14.6/Frameworks/Python.framework/Versions/3.14/lib/python3.14/unittest/mock.py", line 1176, in __call__
    return self._mock_call(*args, **kwargs)
           ~~~~~~~~~~~~~~~^^^^^^^^^^^^^^^^^
  File "/opt/homebrew/Cellar/python@3.14/3.14.6/Frameworks/Python.framework/Versions/3.14/lib/python3.14/unittest/mock.py", line 1180, in _mock_call
    return self._execute_mock_call(*args, **kwargs)
           ~~~~~~~~~~~~~~~~~~~~~~~^^^^^^^^^^^^^^^^^
  File "/opt/homebrew/Cellar/python@3.14/3.14.6/Frameworks/Python.framework/Versions/3.14/lib/python3.14/unittest/mock.py", line 1241, in _execute_mock_call
    raise effect
AssertionError: model must not launch

----------------------------------------------------------------------
Ran 3 tests in 0.171s

FAILED (failures=1)
