  ✓ S9: 沒開 --role-cards → 沒有角色段
  ✓ S9: 開了、改到前端 → 前端卡全文與題號、沒有後端卡
  ✓ S9: 角色段在參考資料框外(框結束線之後)、且回傳 text 本身就含(舊掛鉤照附)
  ✓ S9: 全端改動 → 兩張都附
  ✓ S9: 判不出或逾時 → 有效回應且一張卡都不附
  ✓ S9: 宣告壞掉、全部判不出 → 只附警告那一行
  ✓ S9: 掛鉤沒有 LUMOS-ROLE-CARDS: on 不傳 --role-cards、有才傳
t_drift_c7_settled_summary_pending
  ✓ ①已收尾、摘要那行含待定詞 → 列一筆 c7(那一行)
  ✓ ②有已裁定括號 → 不列
  ✓ ③待定詞只在雙括號連結裡 → 不列
  ✓ ④沒收尾 → 不列
  ✓ ⑤種類表有 c7 的名字
  ✓ ⑥WHY、PITFALL 行是決策與事故紀錄,不列
  ✓ ⑦drift fix --kind c7 → 指向 lumos summary-line
  ✓ t_drift_c7_settled_summary_pending
  ✓ ①前置:名單非空
  ✓ ②名單的閘名都在 _KNOWN_GATES
  ✓ ③每個「閘名+種類」在程式裡有寫入點
  ✓ ④code-loop、fix-check、design-loop 不在名單上
  ✓ t_gov_split_pairs_drift
  ✓ 清單快取/4:每提交皆有獨立測試與程式變更
  ✓ 清單快取/4:所有候選仍被辨識
  ✓ 清單快取/4:存活版本有界且返回釋放
  ✓ 清單快取/4:線性相鄰版本只讀一次
  ✓ 清單快取/12:每提交皆有獨立測試與程式變更
  ✓ 清單快取/12:所有候選仍被辨識
  ✓ 清單快取/12:存活版本有界且返回釋放
  ✓ 清單快取/12:線性相鄰版本只讀一次
  ✓ 索引輸入快照/False/config:程式與測試及家一起staged
  ✓ 索引輸入快照/False/config:真實索引輸入已變動並還原
  ✓ 索引輸入快照/False/config:不採信暫時輸入而誤放路由
  ✓ 索引輸入快照/False/declaration:程式與測試及家一起staged
  ✓ 索引輸入快照/False/declaration:真實索引輸入已變動並還原
  ✓ 索引輸入快照/False/declaration:不採信暫時輸入而誤放路由
  ✓ 索引輸入快照/False/file-mode:程式與測試及家一起staged
  ✓ 索引輸入快照/False/file-mode:真實索引輸入已變動並還原
  ✓ 索引輸入快照/False/file-mode:不採信暫時輸入而誤放路由
  ✓ 索引輸入快照/True/config:程式與測試及家一起staged
  ✓ 索引輸入快照/True/config:真實索引輸入已變動並還原
  ✓ 索引輸入快照/True/config:不採信暫時輸入而誤放路由
  ✓ 索引輸入快照/True/declaration:程式與測試及家一起staged
  ✓ 索引輸入快照/True/declaration:真實索引輸入已變動並還原
  ✓ 索引輸入快照/True/declaration:不採信暫時輸入而誤放路由
  ✓ 索引輸入快照/True/file-mode:程式與測試及家一起staged
  ✓ 索引輸入快照/True/file-mode:真實索引輸入已變動並還原
  ✓ 索引輸入快照/True/file-mode:不採信暫時輸入而誤放路由
  ✓ 另一個測試家:普通/-O宣告案例各確實新增
  ✓ 另一個測試家:起點與索引合法宣告保持原樣
  ✓ 另一個測試家:起點與索引合法宣告保持原樣
  ✓ 宣告讀取上限/False/normal:新增宣告確實入索引
  ✓ 宣告讀取上限/False/normal:批次上限及共用截止實際接上
  ✓ 宣告讀取上限/False/normal:截止或大小上限確實生效
  ✓ 宣告讀取上限/False/normal:只借完整可信的宣告證據
  ✓ 宣告讀取上限/False/single:新增宣告確實入索引
  ✓ 宣告讀取上限/False/single:批次上限及共用截止實際接上
  ✓ 宣告讀取上限/False/single:截止或大小上限確實生效
  ✓ 宣告讀取上限/False/single:只借完整可信的宣告證據
  ✓ 宣告讀取上限/False/total:新增宣告確實入索引
  ✓ 宣告讀取上限/False/total:批次上限及共用截止實際接上
  ✓ 宣告讀取上限/False/total:截止或大小上限確實生效
  ✓ 宣告讀取上限/False/total:只借完整可信的宣告證據
  ✓ 宣告讀取上限/False/deadline:新增宣告確實入索引
  ✓ 宣告讀取上限/False/deadline:批次上限及共用截止實際接上
  ✓ 宣告讀取上限/False/deadline:截止或大小上限確實生效
  ✓ 宣告讀取上限/False/deadline:只借完整可信的宣告證據
  ✓ 宣告讀取上限/True/normal:新增宣告確實入索引
  ✓ 宣告讀取上限/True/normal:批次上限及共用截止實際接上
  ✓ 宣告讀取上限/True/normal:截止或大小上限確實生效
  ✓ 宣告讀取上限/True/normal:只借完整可信的宣告證據
  ✓ 宣告讀取上限/True/single:新增宣告確實入索引
  ✓ 宣告讀取上限/True/single:批次上限及共用截止實際接上
  ✓ 宣告讀取上限/True/single:截止或大小上限確實生效
  ✓ 宣告讀取上限/True/single:只借完整可信的宣告證據
  ✓ 宣告讀取上限/True/total:新增宣告確實入索引
  ✓ 宣告讀取上限/True/total:批次上限及共用截止實際接上
  ✓ 宣告讀取上限/True/total:截止或大小上限確實生效
  ✓ 宣告讀取上限/True/total:只借完整可信的宣告證據
  ✓ 宣告讀取上限/True/deadline:新增宣告確實入索引
  ✓ 宣告讀取上限/True/deadline:批次上限及共用截止實際接上
  ✓ 宣告讀取上限/True/deadline:截止或大小上限確實生效
  ✓ 宣告讀取上限/True/deadline:只借完整可信的宣告證據
  ✓ 各版設定/False/True/False:刪除現場成立
  ✓ 各版設定/False/True/False:起終設定確實不同或同為忽略
  ✓ 各版設定/False/True/False:各版各自合法後才聯集
  ✓ 各版設定/False/False/True:刪除現場成立
  ✓ 各版設定/False/False/True:起終設定確實不同或同為忽略
  ✓ 各版設定/False/False/True:各版各自合法後才聯集
  ✓ 各版設定/False/True/True:刪除現場成立
  ✓ 各版設定/False/True/True:起終設定確實不同或同為忽略
  ✓ 各版設定/False/True/True:各版各自合法後才聯集
  ✓ 各版設定/True/True/False:刪除現場成立
  ✓ 各版設定/True/True/False:起終設定確實不同或同為忽略
  ✓ 各版設定/True/True/False:各版各自合法後才聯集
  ✓ 各版設定/True/False/True:刪除現場成立
  ✓ 各版設定/True/False/True:起終設定確實不同或同為忽略
  ✓ 各版設定/True/False/True:各版各自合法後才聯集
  ✓ 各版設定/True/True/True:刪除現場成立
  ✓ 各版設定/True/True/True:起終設定確實不同或同為忽略
  ✓ 各版設定/True/True/True:各版各自合法後才聯集
  ✓ 固定變更集合/False/False:原始測試變動符合模式
  ✓ 固定變更集合/False/False:真實變動已注入且還原
  ✓ 固定變更集合/False/False:只借捕獲樹的真實變動
  ✓ 固定變更集合/False/False:測試索引未被改寫
  ✓ 固定變更集合/False/True:原始測試變動符合模式
  ✓ 固定變更集合/False/True:真實變動已注入且還原
  ✓ 固定變更集合/False/True:只借捕獲樹的真實變動
  ✓ 固定變更集合/False/True:測試索引未被改寫
  ✓ 固定變更集合/True/False:原始測試變動符合模式
  ✓ 固定變更集合/True/False:真實變動已注入且還原
  ✓ 固定變更集合/True/False:只借捕獲樹的真實變動
  ✓ 固定變更集合/True/False:測試索引未被改寫
  ✓ 固定變更集合/True/True:原始測試變動符合模式
  ✓ 固定變更集合/True/True:真實變動已注入且還原
  ✓ 固定變更集合/True/True:只借捕獲樹的真實變動
  ✓ 固定變更集合/True/True:測試索引未被改寫
  ✓ 分組失敗:測試只在前一提交變更
  ✓ 分組失敗/False:故障入口確實執行
  ✓ 分組失敗/False:不跨提交借測試
  ✓ 分組失敗/True:故障入口確實執行
  ✓ 分組失敗/True:不跨提交借測試
  ✓ 測試家現場/False/mixed:宣告歸屬成立
  ✓ 測試家現場/False/mixed:正式程式啟動條件成立
  ✓ 測試家現場/False/mixed:測試變更條件成立
  ✓ 測試家現場/False/mixed:寫回正文已入索引
  ✓ 測試家寫回/False/mixed:預期rc0
  ✓ 測試家現場/False/test-only:宣告歸屬成立
  ✓ 測試家現場/False/test-only:正式程式啟動條件成立
  ✓ 測試家現場/False/test-only:測試變更條件成立
  ✓ 測試家現場/False/test-only:寫回正文已入索引
  ✓ 測試家寫回/False/test-only:預期rc0
  ✓ 測試家現場/False/untouched-test:宣告歸屬成立
  ✓ 測試家現場/False/untouched-test:正式程式啟動條件成立
  ✓ 測試家現場/False/untouched-test:測試變更條件成立
  ✓ 測試家現場/False/untouched-test:寫回正文已入索引
  ✓ 測試家寫回/False/untouched-test:預期rc1
  ✓ 測試家拒收理由/False/untouched-test:命中目標規則
  ✓ 測試家現場/False/unowned-test:宣告歸屬成立
  ✓ 測試家現場/False/unowned-test:正式程式啟動條件成立
  ✓ 測試家現場/False/unowned-test:測試變更條件成立
  ✓ 測試家現場/False/unowned-test:寫回正文已入索引
  ✓ 測試家寫回/False/unowned-test:預期rc0
  ✓ 測試家現場/False/ignored-test:宣告歸屬成立
  ✓ 測試家現場/False/ignored-test:正式程式啟動條件成立
  ✓ 測試家現場/False/ignored-test:測試變更條件成立
  ✓ 測試家現場/False/ignored-test:索引排除設定成立
  ✓ 測試家現場/False/ignored-test:寫回正文已入索引
  ✓ 測試家寫回/False/ignored-test:預期rc1
  ✓ 測試家拒收理由/False/ignored-test:命中目標規則
  ✓ 測試家現場/False/symlink-test:宣告歸屬成立
  ✓ 測試家現場/False/symlink-test:正式程式啟動條件成立
  ✓ 測試家現場/False/symlink-test:測試變更條件成立
  ✓ 測試家現場/False/symlink-test:索引為連結不是一般檔
  ✓ 測試家現場/False/symlink-test:寫回正文已入索引
  ✓ 測試家寫回/False/symlink-test:預期rc1
  ✓ 測試家拒收理由/False/symlink-test:命中目標規則
  ✓ 測試家現場/False/deleted-test:宣告歸屬成立
  ✓ 測試家現場/False/deleted-test:正式程式啟動條件成立
  ✓ 測試家現場/False/deleted-test:測試變更條件成立
  ✓ 測試家現場/False/deleted-test:寫回正文已入索引
  ✓ 測試家寫回/False/deleted-test:預期rc0
  ✓ 測試家現場/False/renamed-test:宣告歸屬成立
  ✓ 測試家現場/False/renamed-test:正式程式啟動條件成立
  ✓ 測試家現場/False/renamed-test:測試變更條件成立
  ✓ 測試家現場/False/renamed-test:寫回正文已入索引
  ✓ 測試家寫回/False/renamed-test:預期rc0
  ✓ 測試家現場/False/json-home:宣告歸屬成立
  ✓ 測試家現場/False/json-home:正式程式啟動條件成立
  ✓ 測試家現場/False/json-home:測試變更條件成立
  ✓ 測試家現場/False/json-home:寫回正文已入索引
  ✓ 測試家寫回/False/json-home:預期rc1
  ✓ 測試家拒收理由/False/json-home:命中目標規則
  ✓ 測試家現場/False/new-homeless:宣告歸屬成立
  ✓ 測試家現場/False/new-homeless:正式程式啟動條件成立
  ✓ 測試家現場/False/new-homeless:測試變更條件成立
  ✓ 測試家現場/False/new-homeless:寫回正文已入索引
  ✓ 測試家寫回/False/new-homeless:預期rc1
  ✓ 測試家拒收理由/False/new-homeless:命中目標規則
  ✓ 測試家現場/False/diff-mixed:宣告歸屬成立
  ✓ 測試家現場/False/diff-mixed:正式程式啟動條件成立
  ✓ 測試家現場/False/diff-mixed:測試變更條件成立
  ✓ 測試家現場/False/diff-mixed:寫回正文已入索引
  ✓ 測試家寫回/False/diff-mixed:預期rc0
  ✓ 測試家現場/False/diff-split:宣告歸屬成立
  ✓ 測試家現場/False/diff-split:正式程式啟動條件成立
  ✓ 測試家現場/False/diff-split:寫回正文已入索引
  ✓ 測試家寫回/False/diff-split:預期rc1
  ✓ 測試家拒收理由/False/diff-split:命中目標規則
  ✓ 測試家現場/False/pure-test-other-home:宣告歸屬成立
  ✓ 測試家現場/False/pure-test-other-home:正式程式啟動條件成立
  ✓ 測試家現場/False/pure-test-other-home:測試變更條件成立
  ✓ 測試家現場/False/pure-test-other-home:寫回正文已入索引
  ✓ 測試家寫回/False/pure-test-other-home:預期rc0
  ✓ 測試家現場/False/diff-middle-delete:宣告歸屬成立
  ✓ 測試家現場/False/diff-middle-delete:正式程式啟動條件成立
  ✓ 測試家現場/False/diff-middle-delete:寫回正文已入索引
  ✓ 測試家現場/False/diff-middle-delete:唯一候選是中間測試
  ✓ 測試家現場/False/diff-middle-delete:中間測試已宣告家
  ✓ 測試家現場/False/diff-middle-delete:候選不在終點
  ✓ 測試家寫回/False/diff-middle-delete:預期rc0
  ✓ 測試家現場/False/diff-middle-rename:宣告歸屬成立
  ✓ 測試家現場/False/diff-middle-rename:正式程式啟動條件成立
  ✓ 測試家現場/False/diff-middle-rename:寫回正文已入索引
  ✓ 測試家現場/False/diff-middle-rename:唯一候選是中間測試
  ✓ 測試家現場/False/diff-middle-rename:中間測試已宣告家
  ✓ 測試家現場/False/diff-middle-rename:候選不在終點
  ✓ 測試家寫回/False/diff-middle-rename:預期rc0
  ✓ 測試家現場/False/diff-double-rename:宣告歸屬成立
  ✓ 測試家現場/False/diff-double-rename:正式程式啟動條件成立
  ✓ 測試家現場/False/diff-double-rename:寫回正文已入索引
  ✓ 測試家現場/False/diff-double-rename:唯一候選是中間測試
  ✓ 測試家現場/False/diff-double-rename:中間測試已宣告家
  ✓ 測試家現場/False/diff-double-rename:候選不在終點
  ✓ 測試家寫回/False/diff-double-rename:預期rc0
  ✓ 測試家現場/False/shebang-index-positive:宣告歸屬成立
  ✓ 測試家現場/False/shebang-index-positive:正式程式啟動條件成立
  ✓ 測試家現場/False/shebang-index-positive:測試變更條件成立
  ✓ 測試家現場/False/shebang-index-positive:寫回正文已入索引
  ✓ 測試家現場/False/shebang-index-positive:索引與磁碟首行相反
  ✓ 測試家寫回/False/shebang-index-positive:預期rc0
  ✓ 測試家現場/False/shebang-index-negative:宣告歸屬成立
  ✓ 測試家現場/False/shebang-index-negative:正式程式啟動條件成立
  ✓ 測試家現場/False/shebang-index-negative:測試變更條件成立
  ✓ 測試家現場/False/shebang-index-negative:寫回正文已入索引
  ✓ 測試家現場/False/shebang-index-negative:索引與磁碟首行相反
  ✓ 測試家寫回/False/shebang-index-negative:預期rc1
  ✓ 測試家拒收理由/False/shebang-index-negative:命中目標規則
  ✓ 測試家現場/True/mixed:宣告歸屬成立
  ✓ 測試家現場/True/mixed:正式程式啟動條件成立
  ✓ 測試家現場/True/mixed:測試變更條件成立
  ✓ 測試家現場/True/mixed:寫回正文已入索引
  ✓ 測試家寫回/True/mixed:預期rc0
  ✓ 測試家現場/True/test-only:宣告歸屬成立
  ✓ 測試家現場/True/test-only:正式程式啟動條件成立
  ✓ 測試家現場/True/test-only:測試變更條件成立
  ✓ 測試家現場/True/test-only:寫回正文已入索引
  ✓ 測試家寫回/True/test-only:預期rc0
  ✓ 測試家現場/True/untouched-test:宣告歸屬成立
  ✓ 測試家現場/True/untouched-test:正式程式啟動條件成立
  ✓ 測試家現場/True/untouched-test:測試變更條件成立
  ✓ 測試家現場/True/untouched-test:寫回正文已入索引
  ✓ 測試家寫回/True/untouched-test:預期rc1
  ✓ 測試家拒收理由/True/untouched-test:命中目標規則
  ✓ 測試家現場/True/unowned-test:宣告歸屬成立
  ✓ 測試家現場/True/unowned-test:正式程式啟動條件成立
  ✓ 測試家現場/True/unowned-test:測試變更條件成立
  ✓ 測試家現場/True/unowned-test:寫回正文已入索引
  ✓ 測試家寫回/True/unowned-test:預期rc0
  ✓ 測試家現場/True/ignored-test:宣告歸屬成立
  ✓ 測試家現場/True/ignored-test:正式程式啟動條件成立
  ✓ 測試家現場/True/ignored-test:測試變更條件成立
  ✓ 測試家現場/True/ignored-test:索引排除設定成立
  ✓ 測試家現場/True/ignored-test:寫回正文已入索引
  ✓ 測試家寫回/True/ignored-test:預期rc1
  ✓ 測試家拒收理由/True/ignored-test:命中目標規則
  ✓ 測試家現場/True/symlink-test:宣告歸屬成立
  ✓ 測試家現場/True/symlink-test:正式程式啟動條件成立
  ✓ 測試家現場/True/symlink-test:測試變更條件成立
  ✓ 測試家現場/True/symlink-test:索引為連結不是一般檔
  ✓ 測試家現場/True/symlink-test:寫回正文已入索引
  ✓ 測試家寫回/True/symlink-test:預期rc1
  ✓ 測試家拒收理由/True/symlink-test:命中目標規則
  ✓ 測試家現場/True/deleted-test:宣告歸屬成立
  ✓ 測試家現場/True/deleted-test:正式程式啟動條件成立
  ✓ 測試家現場/True/deleted-test:測試變更條件成立
  ✓ 測試家現場/True/deleted-test:寫回正文已入索引
  ✓ 測試家寫回/True/deleted-test:預期rc0
  ✓ 測試家現場/True/renamed-test:宣告歸屬成立
  ✓ 測試家現場/True/renamed-test:正式程式啟動條件成立
  ✓ 測試家現場/True/renamed-test:測試變更條件成立
  ✓ 測試家現場/True/renamed-test:寫回正文已入索引
  ✓ 測試家寫回/True/renamed-test:預期rc0
  ✓ 測試家現場/True/json-home:宣告歸屬成立
  ✓ 測試家現場/True/json-home:正式程式啟動條件成立
  ✓ 測試家現場/True/json-home:測試變更條件成立
  ✓ 測試家現場/True/json-home:寫回正文已入索引
  ✓ 測試家寫回/True/json-home:預期rc1
  ✓ 測試家拒收理由/True/json-home:命中目標規則
  ✓ 測試家現場/True/new-homeless:宣告歸屬成立
  ✓ 測試家現場/True/new-homeless:正式程式啟動條件成立
  ✓ 測試家現場/True/new-homeless:測試變更條件成立
  ✓ 測試家現場/True/new-homeless:寫回正文已入索引
  ✓ 測試家寫回/True/new-homeless:預期rc1
  ✓ 測試家拒收理由/True/new-homeless:命中目標規則
  ✓ 測試家現場/True/diff-mixed:宣告歸屬成立
  ✓ 測試家現場/True/diff-mixed:正式程式啟動條件成立
  ✓ 測試家現場/True/diff-mixed:測試變更條件成立
  ✓ 測試家現場/True/diff-mixed:寫回正文已入索引
  ✓ 測試家寫回/True/diff-mixed:預期rc0
  ✓ 測試家現場/True/diff-split:宣告歸屬成立
  ✓ 測試家現場/True/diff-split:正式程式啟動條件成立
  ✓ 測試家現場/True/diff-split:寫回正文已入索引
  ✓ 測試家寫回/True/diff-split:預期rc1
  ✓ 測試家拒收理由/True/diff-split:命中目標規則
  ✓ 測試家現場/True/pure-test-other-home:宣告歸屬成立
  ✓ 測試家現場/True/pure-test-other-home:正式程式啟動條件成立
  ✓ 測試家現場/True/pure-test-other-home:測試變更條件成立
  ✓ 測試家現場/True/pure-test-other-home:寫回正文已入索引
  ✓ 測試家寫回/True/pure-test-other-home:預期rc0
  ✓ 測試家現場/True/diff-middle-delete:宣告歸屬成立
  ✓ 測試家現場/True/diff-middle-delete:正式程式啟動條件成立
  ✓ 測試家現場/True/diff-middle-delete:寫回正文已入索引
  ✓ 測試家現場/True/diff-middle-delete:唯一候選是中間測試
  ✓ 測試家現場/True/diff-middle-delete:中間測試已宣告家
  ✓ 測試家現場/True/diff-middle-delete:候選不在終點
  ✓ 測試家寫回/True/diff-middle-delete:預期rc0
  ✓ 測試家現場/True/diff-middle-rename:宣告歸屬成立
  ✓ 測試家現場/True/diff-middle-rename:正式程式啟動條件成立
  ✓ 測試家現場/True/diff-middle-rename:寫回正文已入索引
  ✓ 測試家現場/True/diff-middle-rename:唯一候選是中間測試
  ✓ 測試家現場/True/diff-middle-rename:中間測試已宣告家
  ✓ 測試家現場/True/diff-middle-rename:候選不在終點
  ✓ 測試家寫回/True/diff-middle-rename:預期rc0
  ✓ 測試家現場/True/diff-double-rename:宣告歸屬成立
  ✓ 測試家現場/True/diff-double-rename:正式程式啟動條件成立
  ✓ 測試家現場/True/diff-double-rename:寫回正文已入索引
  ✓ 測試家現場/True/diff-double-rename:唯一候選是中間測試
  ✓ 測試家現場/True/diff-double-rename:中間測試已宣告家
  ✓ 測試家現場/True/diff-double-rename:候選不在終點
  ✓ 測試家寫回/True/diff-double-rename:預期rc0
  ✓ 測試家現場/True/shebang-index-positive:宣告歸屬成立
  ✓ 測試家現場/True/shebang-index-positive:正式程式啟動條件成立
  ✓ 測試家現場/True/shebang-index-positive:測試變更條件成立
  ✓ 測試家現場/True/shebang-index-positive:寫回正文已入索引
  ✓ 測試家現場/True/shebang-index-positive:索引與磁碟首行相反
  ✓ 測試家寫回/True/shebang-index-positive:預期rc0
  ✓ 測試家現場/True/shebang-index-negative:宣告歸屬成立
  ✓ 測試家現場/True/shebang-index-negative:正式程式啟動條件成立
  ✓ 測試家現場/True/shebang-index-negative:測試變更條件成立
  ✓ 測試家現場/True/shebang-index-negative:寫回正文已入索引
  ✓ 測試家現場/True/shebang-index-negative:索引與磁碟首行相反
  ✓ 測試家寫回/True/shebang-index-negative:預期rc1
  ✓ 測試家拒收理由/True/shebang-index-negative:命中目標規則
  ✓ 索引ABA/False/False/False:原始索引種子成立
  ✓ 索引ABA/False/False/False:真實索引注入及還原成立
  ✓ 索引ABA/False/False/False:只借原始版本的測試證據
  ✓ 索引ABA/False/False/False:只依原始版本判斷
  ✓ 索引ABA/False/False/False:檢查後索引內容不變
  ✓ 索引ABA/False/False/True:原始索引種子成立
  ✓ 索引ABA/False/False/True:真實索引注入及還原成立
  ✓ 索引ABA/False/False/True:只借原始版本的測試證據
  ✓ 索引ABA/False/False/True:只依原始版本判斷
  ✓ 索引ABA/False/False/True:檢查後索引內容不變
  ✓ 索引ABA/False/True/True:原始索引種子成立
  ✓ 索引ABA/False/True/True:真實索引注入及還原成立
  ✓ 索引ABA/False/True/True:只借原始版本的測試證據
  ✓ 索引ABA/False/True/True:只依原始版本判斷
  ✓ 索引ABA/False/True/True:檢查後索引內容不變
  ✓ 索引ABA/True/False/False:原始索引種子成立
  ✓ 索引ABA/True/False/False:真實索引注入及還原成立
  ✓ 索引ABA/True/False/False:只借原始版本的測試證據
  ✓ 索引ABA/True/False/False:只依原始版本判斷
  ✓ 索引ABA/True/False/False:檢查後索引內容不變
  ✓ 索引ABA/True/False/True:原始索引種子成立
  ✓ 索引ABA/True/False/True:真實索引注入及還原成立
  ✓ 索引ABA/True/False/True:只借原始版本的測試證據
  ✓ 索引ABA/True/False/True:只依原始版本判斷
  ✓ 索引ABA/True/False/True:檢查後索引內容不變
  ✓ 索引ABA/True/True/True:原始索引種子成立
  ✓ 索引ABA/True/True/True:真實索引注入及還原成立
  ✓ 索引ABA/True/True/True:只借原始版本的測試證據
  ✓ 索引ABA/True/True/True:只依原始版本判斷
  ✓ 索引ABA/True/True/True:檢查後索引內容不變
  ✓ 索引證據/False/index-change:現場三項一起staged
  ✓ 索引證據/False/index-change:注入確實發生且暫存區現場符合模式
  ✓ 索引證據/False/index-change:只拒收已撤回的測試證據
  ✓ 索引證據/False/index-change:檢查未改寫暫存區
  ✓ 索引證據/False/stable:現場三項一起staged
  ✓ 索引證據/False/stable:注入確實發生且暫存區現場符合模式
  ✓ 索引證據/False/stable:只拒收已撤回的測試證據
  ✓ 索引證據/False/stable:檢查未改寫暫存區
  ✓ 索引證據/False/worktree-only:現場三項一起staged
  ✓ 索引證據/False/worktree-only:注入確實發生且暫存區現場符合模式
  ✓ 索引證據/False/worktree-only:只拒收已撤回的測試證據
  ✓ 索引證據/False/worktree-only:檢查未改寫暫存區
  ✓ 索引證據/True/index-change:現場三項一起staged
  ✓ 索引證據/True/index-change:注入確實發生且暫存區現場符合模式
  ✓ 索引證據/True/index-change:只拒收已撤回的測試證據
  ✓ 索引證據/True/index-change:檢查未改寫暫存區
  ✓ 索引證據/True/stable:現場三項一起staged
  ✓ 索引證據/True/stable:注入確實發生且暫存區現場符合模式
  ✓ 索引證據/True/stable:只拒收已撤回的測試證據
  ✓ 索引證據/True/stable:檢查未改寫暫存區
  ✓ 索引證據/True/worktree-only:現場三項一起staged
  ✓ 索引證據/True/worktree-only:注入確實發生且暫存區現場符合模式
  ✓ 索引證據/True/worktree-only:只拒收已撤回的測試證據
  ✓ 索引證據/True/worktree-only:檢查未改寫暫存區
  ✓ 索引輸入快照/False/config:程式與測試及家一起staged
  ✓ 索引輸入快照/False/config:真實索引輸入已變動並還原
  ✓ 索引輸入快照/False/config:不採信暫時輸入而誤放路由
  ✓ 索引輸入快照/False/declaration:程式與測試及家一起staged
  ✓ 索引輸入快照/False/declaration:真實索引輸入已變動並還原
  ✓ 索引輸入快照/False/declaration:不採信暫時輸入而誤放路由
  ✓ 索引輸入快照/False/file-mode:程式與測試及家一起staged
  ✓ 索引輸入快照/False/file-mode:真實索引輸入已變動並還原
  ✓ 索引輸入快照/False/file-mode:不採信暫時輸入而誤放路由
  ✓ 索引輸入快照/True/config:程式與測試及家一起staged
  ✓ 索引輸入快照/True/config:真實索引輸入已變動並還原
  ✓ 索引輸入快照/True/config:不採信暫時輸入而誤放路由
  ✓ 索引輸入快照/True/declaration:程式與測試及家一起staged
  ✓ 索引輸入快照/True/declaration:真實索引輸入已變動並還原
  ✓ 索引輸入快照/True/declaration:不採信暫時輸入而誤放路由
  ✓ 索引輸入快照/True/file-mode:程式與測試及家一起staged
  ✓ 索引輸入快照/True/file-mode:真實索引輸入已變動並還原
  ✓ 索引輸入快照/True/file-mode:不採信暫時輸入而誤放路由
  ✓ 版本競態/False/False/False:版本種子成立
  ✓ 版本競態/False/False/False:讀取前換檔確實執行
  ✓ 版本競態/False/False/False:仍依版本拒收或放行
  ✓ 版本競態/False/False/True:版本種子成立
  ✓ 版本競態/False/False/True:讀取前換檔確實執行
  ✓ 版本競態/False/False/True:仍依版本拒收或放行
  ✓ 版本競態/False/True/False:版本種子成立
  ✓ 版本競態/False/True/False:讀取前換檔確實執行
  ✓ 版本競態/False/True/False:仍依版本拒收或放行
  ✓ 版本競態/False/True/True:版本種子成立
  ✓ 版本競態/False/True/True:讀取前換檔確實執行
  ✓ 版本競態/False/True/True:仍依版本拒收或放行
  ✓ 版本競態/True/False/False:版本種子成立
  ✓ 版本競態/True/False/False:讀取前換檔確實執行
  ✓ 版本競態/True/False/False:仍依版本拒收或放行
  ✓ 版本競態/True/False/True:版本種子成立
  ✓ 版本競態/True/False/True:讀取前換檔確實執行
  ✓ 版本競態/True/False/True:仍依版本拒收或放行
  ✓ 版本競態/True/True/False:版本種子成立
  ✓ 版本競態/True/True/False:讀取前換檔確實執行
  ✓ 版本競態/True/True/False:仍依版本拒收或放行
  ✓ 版本競態/True/True/True:版本種子成立
  ✓ 版本競態/True/True/True:讀取前換檔確實執行
  ✓ 版本競態/True/True/True:仍依版本拒收或放行
  ✓ 索引捕獲失敗/False/False:合法測試確實在索引
  ✓ 索引捕獲失敗/False/False:捕獲失敗確實注入
  ✓ 索引捕獲失敗/False/False:只撤回額外測試、不改正式程式退路
  ✓ 索引捕獲失敗/False/False:索引內容不變
  ✓ 索引捕獲失敗/False/True:合法測試確實在索引
  ✓ 索引捕獲失敗/False/True:捕獲失敗確實注入
  ✓ 索引捕獲失敗/False/True:只撤回額外測試、不改正式程式退路
  ✓ 索引捕獲失敗/False/True:索引內容不變
  ✓ 索引捕獲失敗/True/False:合法測試確實在索引
  ✓ 索引捕獲失敗/True/False:捕獲失敗確實注入
  ✓ 索引捕獲失敗/True/False:只撤回額外測試、不改正式程式退路
  ✓ 索引捕獲失敗/True/False:索引內容不變
  ✓ 索引捕獲失敗/True/True:合法測試確實在索引
  ✓ 索引捕獲失敗/True/True:捕獲失敗確實注入
  ✓ 索引捕獲失敗/True/True:只撤回額外測試、不改正式程式退路
  ✓ 索引捕獲失敗/True/True:索引內容不變
t_note_shape_close_summary_untouched
  ✓ ①狀態改成收尾值、摘要沒動 → 印提醒、rc 不變
  ✓ ②含待定詞的那行排在前面
  ✓ ③摘要也改了 → 不印
  ✓ ④狀態沒改成收尾值 → 不印
  ✓ ⑤新建的筆記 → 不印
  ✓ ⑥狀態值帶引號也認得是收尾值
  ✓ ⑦改名同時結案 → 照樣提醒
  ✓ ⑧記一筆 note-shape hinted(check=close-summary)
  ✓ ⑨note_shape.close_summary=off → 不印
  ✓ ⑩開關關掉 → doctor 那一行講
  ✓ ⑪開關值寫錯 → 照 warn 提醒、並講一句看不懂
  ✓ ⑫單行摘要的筆記結案、摘要沒動 → 照樣提醒(跟 c7 同一套摘要切法)
  ✓ t_note_shape_close_summary_untouched
