lumos 測試(6 案例)
  ✓ 前置 command:恰好一筆事件
  ✓ 前置 command:隔離工作樹已清理
  ✓ 前置 command:保持回 1 與失敗
  ✓ 前置 command:收齊便宜錯誤
  ✓ 前置 command:零測試 runner 啟動
  ✓ 前置 command:明示未執行而非通過
  ✓ 前置 command:事件只記 warned
  ✓ 前置 missing:恰好一筆事件
  ✓ 前置 missing:隔離工作樹已清理
  ✓ 前置 missing:保持回 1 與失敗
  ✓ 前置 missing:收齊便宜錯誤
  ✓ 前置 missing:零測試 runner 啟動
  ✓ 前置 missing:明示未執行而非通過
  ✓ 前置 missing:事件只記 warned
  ✓ 前置 record:恰好一筆事件
  ✓ 前置 record:隔離工作樹已清理
  ✓ 留痕 record:JSON 明示兩段狀態
  ✓ 留痕 record:治理事件同樣持久保存
  ✓ 留痕 record:舊列可讀、壞型別列略過
  ✓ 留痕 record:mapper 保留新欄位而舊欄未知
  ✓ 前置 valid:恰好一筆事件
  ✓ 前置 valid:隔離工作樹已清理
  ✓ 留痕 valid:JSON 明示兩段狀態
  ✓ 留痕 valid:治理事件同樣持久保存
  ✓ 留痕 valid:舊列可讀、壞型別列略過
  ✓ 留痕 valid:mapper 保留新欄位而舊欄未知
  ✓ 前置 record:恰好一筆事件
  ✓ 前置 record:隔離工作樹已清理
  ✓ 前置 record:保持回 1 與失敗
  ✓ 前置 record:收齊便宜錯誤
  ✓ 前置 record:零測試 runner 啟動
  ✓ 前置 record:明示未執行而非通過
  ✓ 前置 record:事件只記 warned
  ✓ 前置 mixed:恰好一筆事件
  ✓ 前置 mixed:隔離工作樹已清理
  ✓ 前置 mixed:保持回 1 與失敗
  ✓ 前置 mixed:收齊便宜錯誤
  ✓ 前置 mixed:零測試 runner 啟動
  ✓ 前置 mixed:明示未執行而非通過
  ✓ 前置 mixed:事件只記 warned
  ✓ 前置 repeat:恰好一筆事件
  ✓ 前置 repeat:隔離工作樹已清理
  ✓ 前置 repeat:保持回 1 與失敗
  ✓ 前置 repeat:收齊便宜錯誤
  ✓ 前置 repeat:零測試 runner 啟動
  ✓ 前置 repeat:明示未執行而非通過
  ✓ 前置 repeat:事件只記 warned
  ✓ 前置 valid:恰好一筆事件
  ✓ 前置 valid:隔離工作樹已清理
  ✓ 有效 valid:兩段 runner 都啟動
  ✓ 有效 valid:兩段各執行自己的方法
  ✓ 有效 valid:保持綠紅判定
  ✓ 有效 valid:事件保持原判定
  ✓ 有效 valid:沒有未執行提示
  ✓ 前置 test-red:恰好一筆事件
  ✓ 前置 test-red:隔離工作樹已清理
  ✓ 有效 test-red:兩段 runner 都啟動
  ✓ 有效 test-red:兩段各執行自己的方法
  ✓ 有效 test-red:保持綠紅判定
  ✓ 有效 test-red:事件保持原判定
  ✓ 有效 test-red:沒有未執行提示
  ✓ 前置 bound-red:恰好一筆事件
  ✓ 前置 bound-red:隔離工作樹已清理
  ✓ 有效 bound-red:兩段 runner 都啟動
  ✓ 有效 bound-red:兩段各執行自己的方法
  ✓ 有效 bound-red:保持綠紅判定
  ✓ 有效 bound-red:事件保持原判定
  ✓ 有效 bound-red:沒有未執行提示

最慢 5 支(超時上限 180s;餘裕 = 上限 / 最慢):
     5.9s  t_fix_check_preflight_valid_still_runs  (餘裕 30x)
     5.5s  t_fix_check_preflight_not_run_is_durable  (餘裕 33x)
     3.2s  t_fix_check_preflight_record_stops_runners  (餘裕 56x)
     2.3s  t_fix_check_preflight_command_stops_runners  (餘裕 78x)
     2.2s  t_fix_check_preflight_repeat_stops_runners  (餘裕 81x)

────────────────────────────────────────
68 passed, 0 failed
