  ✓ 前置 command:恰好一筆事件
  ✓ 前置 command:隔離工作樹已清理
  ✓ 前置 command:保持回 1 與失敗
  ✓ 前置 command:收齊便宜錯誤
  ✓ 前置 command:零測試 runner 啟動
  ✓ 前置 command:明示未執行而非通過
  ✓ 前置 command:事件只記 warned
  ✓ 前置 missing:恰好一筆事件
  ✓ 前置 missing:隔離工作樹已清理
  ✓ 前置 missing:保持回 1 與失敗
  ✓ 前置 missing:收齊便宜錯誤
  ✓ 前置 missing:零測試 runner 啟動
  ✓ 前置 missing:明示未執行而非通過
  ✓ 前置 missing:事件只記 warned
  ✓ 前置 record:恰好一筆事件
  ✓ 前置 record:隔離工作樹已清理
  ✓ 前置 record:保持回 1 與失敗
  ✓ 前置 record:收齊便宜錯誤
  ✓ 前置 record:零測試 runner 啟動
  ✓ 前置 record:明示未執行而非通過
  ✓ 前置 record:事件只記 warned
  ✓ 前置 repeat:恰好一筆事件
  ✓ 前置 repeat:隔離工作樹已清理
  ✓ 前置 repeat:保持回 1 與失敗
  ✓ 前置 repeat:收齊便宜錯誤
  ✓ 前置 repeat:零測試 runner 啟動
  ✓ 前置 repeat:明示未執行而非通過
  ✓ 前置 repeat:事件只記 warned
  ✓ 前置 valid:恰好一筆事件
  ✓ 前置 valid:隔離工作樹已清理
  ✓ 有效 valid:兩段 runner 都啟動
  ✓ 有效 valid:兩段各執行自己的方法
  ✓ 有效 valid:保持綠紅判定
  ✓ 有效 valid:事件保持原判定
  ✓ 有效 valid:沒有未執行提示
  ✓ 前置 test-red:恰好一筆事件
  ✓ 前置 test-red:隔離工作樹已清理
  ✓ 有效 test-red:兩段 runner 都啟動
  ✓ 有效 test-red:兩段各執行自己的方法
  ✓ 有效 test-red:保持綠紅判定
  ✓ 有效 test-red:事件保持原判定
  ✓ 有效 test-red:沒有未執行提示
  ✓ 前置 bound-red:恰好一筆事件
  ✓ 前置 bound-red:隔離工作樹已清理
  ✓ 有效 bound-red:兩段 runner 都啟動
  ✓ 有效 bound-red:兩段各執行自己的方法
  ✓ 有效 bound-red:保持綠紅判定
  ✓ 有效 bound-red:事件保持原判定
  ✓ 有效 bound-red:沒有未執行提示
{"logic-F1": {"suite_failed": 0, "record_only_launches": 2}, "integration-F1": {"gate": true, "kind": true, "head_sha": true, "loop": true, "round": true, "record_sha256": true, "failed_items": true}}
