.....backlog 歸檔失敗([Errno 21] Is a directory: '/var/folders/tc/xmllmxtn4q5704lsy80wc1kw0000gn/T/tmpnl8ai46y/not-writable-dir'):live 不動、狀態不前進,明天重試——絕不無痕淘汰
.....backlog:跳過 1 行壞資料(/var/folders/tc/xmllmxtn4q5704lsy80wc1kw0000gn/T/tmpllilozsd/backlog.jsonl),已撈到 backlog.jsonl.bad 保留(新 1 行/已在檔 0 行);檔案疑似寫到一半被中斷,值得看一眼
........backlog:跳過 1 行壞資料(/var/folders/tc/xmllmxtn4q5704lsy80wc1kw0000gn/T/tmp9u1hw1fa/backlog.jsonl),已撈到 backlog.jsonl.bad 保留(新 1 行/已在檔 0 行);檔案疑似寫到一半被中斷,值得看一眼
backlog:跳過 1 行壞資料(/var/folders/tc/xmllmxtn4q5704lsy80wc1kw0000gn/T/tmp9u1hw1fa/backlog.jsonl),已撈到 backlog.jsonl.bad 保留(新 0 行/已在檔 1 行);檔案疑似寫到一半被中斷,值得看一眼
.covered:跳過 1 行壞資料(/var/folders/tc/xmllmxtn4q5704lsy80wc1kw0000gn/T/tmpvgjo191v/covered.jsonl),已撈到 covered.jsonl.bad 保留(新 1 行/已在檔 0 行)
covered:跳過 1 行壞資料(/var/folders/tc/xmllmxtn4q5704lsy80wc1kw0000gn/T/tmpvgjo191v/covered.jsonl),已撈到 covered.jsonl.bad 保留(新 0 行/已在檔 1 行)
covered:跳過 1 行壞資料(/var/folders/tc/xmllmxtn4q5704lsy80wc1kw0000gn/T/tmpvgjo191v/covered.jsonl),已撈到 covered.jsonl.bad 保留(新 0 行/已在檔 1 行)
......./opt/homebrew/Cellar/python@3.14/3.14.6/Frameworks/Python.framework/Versions/3.14/lib/python3.14/tempfile.py:484: ResourceWarning: Implicitly cleaning up <HTTPError 403: 'forbidden'>
  _warnings.warn(self.warn_message, ResourceWarning)
.............................................../opt/homebrew/Cellar/python@3.14/3.14.6/Frameworks/Python.framework/Versions/3.14/lib/python3.14/unittest/case.py:615: ResourceWarning: unclosed file <_io.TextIOWrapper name=3 encoding='UTF-8'>
  result = method()
ResourceWarning: Enable tracemalloc to get the object allocation traceback
..../opt/homebrew/Cellar/python@3.14/3.14.6/Frameworks/Python.framework/Versions/3.14/lib/python3.14/unittest/case.py:615: ResourceWarning: unclosed file <_io.TextIOWrapper name=3 encoding='UTF-8'>
  result = method()
ResourceWarning: Enable tracemalloc to get the object allocation traceback
./opt/homebrew/Cellar/python@3.14/3.14.6/Frameworks/Python.framework/Versions/3.14/lib/python3.14/unittest/case.py:615: ResourceWarning: unclosed file <_io.TextIOWrapper name=5 encoding='UTF-8'>
  result = method()
ResourceWarning: Enable tracemalloc to get the object allocation traceback
/opt/homebrew/Cellar/python@3.14/3.14.6/Frameworks/Python.framework/Versions/3.14/lib/python3.14/unittest/case.py:615: ResourceWarning: unclosed file <_io.TextIOWrapper name=3 encoding='UTF-8'>
  result = method()
ResourceWarning: Enable tracemalloc to get the object allocation traceback
...../opt/homebrew/Cellar/python@3.14/3.14.6/Frameworks/Python.framework/Versions/3.14/lib/python3.14/unittest/case.py:615: ResourceWarning: unclosed file <_io.TextIOWrapper name=3 encoding='UTF-8'>
  result = method()
ResourceWarning: Enable tracemalloc to get the object allocation traceback
..............................................................
----------------------------------------------------------------------
Ran 145 tests in 109.504s

OK
⚠ assess_spec: 剝除後餘文近空(節數<2 或字元<200),回退全文 assess(偏嚴)
⚠ assess_spec: 剝除後餘文近空(節數<2 或字元<200),回退全文 assess(偏嚴)
