lumos 測試(4 案例)
  ✓ 換檔/0/report 前置：合法材料可記帳
  ✓ 換檔/0/report 前置：確在 hash 讀取前替換
  ✓ 換檔/0/report rc2 且定位材料變動
  ✓ 換檔/0/report 不印成功、不 traceback
  ✓ 換檔/0/report canary 帳逐位元不變
  ✓ 換檔/0/snapshot 前置：合法材料可記帳
  ✓ 換檔/0/snapshot 前置：確在 hash 讀取前替換
  ✓ 換檔/0/snapshot rc2 且定位材料變動
  ✓ 換檔/0/snapshot 不印成功、不 traceback
  ✓ 換檔/0/snapshot canary 帳逐位元不變
  ✓ 換檔/1/report 前置：合法材料可記帳
  ✓ 換檔/1/report 前置：確在 hash 讀取前替換
  ✓ 換檔/1/report rc2 且定位材料變動
  ✓ 換檔/1/report 不印成功、不 traceback
  ✓ 換檔/1/report canary 帳逐位元不變
  ✓ 換檔/1/snapshot 前置：合法材料可記帳
  ✓ 換檔/1/snapshot 前置：確在 hash 讀取前替換
  ✓ 換檔/1/snapshot rc2 且定位材料變動
  ✓ 換檔/1/snapshot 不印成功、不 traceback
  ✓ 換檔/1/snapshot canary 帳逐位元不變
  ✓ 報告編碼/False 前置：非載體既有行為
  ✓ 報告編碼/False 前置：報告確經解析
  ✓ 報告編碼/False rc2、定位報告與編碼
  ✓ 報告編碼/False 沒有假成功或 traceback
  ✓ 報告編碼/False canary 帳逐位元不變
  ✓ 報告編碼/True 前置：非載體既有行為
  ✓ 報告編碼/True 前置：報告確經解析
  ✓ 報告編碼/True rc2、定位報告與編碼
  ✓ 報告編碼/True 沒有假成功或 traceback
  ✓ 報告編碼/True canary 帳逐位元不變
  ✓ 載體全錨/False/none/['--findings', '1'] 成功
  ✓ 載體全錨/False/none 前置：確實解析審查報告
  ✓ 載體全錨/False/none ID 保留原意
  ✓ 載體全錨/False/F1/[] 成功
  ✓ 載體全錨/False/F1 前置：確實解析審查報告
  ✓ 載體全錨/False/F1 ID 保留原意
  ✓ 載體全錨/False/F1,F2/['--findings', '1'] 成功
  ✓ 載體全錨/False/F1,F2 前置：確實解析審查報告
  ✓ 載體全錨/False/F1,F2 ID 保留原意
  ✓ 載體全錨/True/none/['--findings', '1'] 成功
  ✓ 載體全錨/True/none 前置：確實解析審查報告
  ✓ 載體全錨/True/none ID 保留原意
  ✓ 載體全錨/True/F1/[] 成功
  ✓ 載體全錨/True/F1 前置：確實解析審查報告
  ✓ 載體全錨/True/F1 ID 保留原意
  ✓ 載體全錨/True/F1,F2/['--findings', '1'] 成功
  ✓ 載體全錨/True/F1,F2 前置：確實解析審查報告
  ✓ 載體全錨/True/F1,F2 ID 保留原意
  ✓ 載體零引句前置：loop 審查席報告解析路徑成立
  ✓ 載體零引句/False/none/['--findings', '0'] rc2 且明確拒收
  ✓ 載體零引句/False/none/['--findings', '0'] 提示兩條復原路徑
  ✓ 載體零引句/False/none/['--findings', '0'] 不印成功、不 traceback
  ✓ 載體零引句/False/none/['--findings', '0'] canary 帳逐位元不變
  ✓ 載體零引句/False/F1/['--findings', '0'] rc2 且明確拒收
  ✓ 載體零引句/False/F1/['--findings', '0'] 提示兩條復原路徑
  ✓ 載體零引句/False/F1/['--findings', '0'] 不印成功、不 traceback
  ✓ 載體零引句/False/F1/['--findings', '0'] canary 帳逐位元不變
  ✓ 載體零引句/False/F1/['--findings', '1'] rc2 且明確拒收
  ✓ 載體零引句/False/F1/['--findings', '1'] 提示兩條復原路徑
  ✓ 載體零引句/False/F1/['--findings', '1'] 不印成功、不 traceback
  ✓ 載體零引句/False/F1/['--findings', '1'] canary 帳逐位元不變
  ✓ 載體零引句/False/F1/[] rc2 且明確拒收
  ✓ 載體零引句/False/F1/[] 提示兩條復原路徑
  ✓ 載體零引句/False/F1/[] 不印成功、不 traceback
  ✓ 載體零引句/False/F1/[] canary 帳逐位元不變
  ✓ 載體快照 IO/False rc2、不誤報零引句
  ✓ 載體快照 IO/False canary 帳逐位元不變
  ✓ 載體零引句/True/none/['--findings', '0'] rc2 且明確拒收
  ✓ 載體零引句/True/none/['--findings', '0'] 提示兩條復原路徑
  ✓ 載體零引句/True/none/['--findings', '0'] 不印成功、不 traceback
  ✓ 載體零引句/True/none/['--findings', '0'] canary 帳逐位元不變
  ✓ 載體零引句/True/F1/['--findings', '0'] rc2 且明確拒收
  ✓ 載體零引句/True/F1/['--findings', '0'] 提示兩條復原路徑
  ✓ 載體零引句/True/F1/['--findings', '0'] 不印成功、不 traceback
  ✓ 載體零引句/True/F1/['--findings', '0'] canary 帳逐位元不變
  ✓ 載體零引句/True/F1/['--findings', '1'] rc2 且明確拒收
  ✓ 載體零引句/True/F1/['--findings', '1'] 提示兩條復原路徑
  ✓ 載體零引句/True/F1/['--findings', '1'] 不印成功、不 traceback
  ✓ 載體零引句/True/F1/['--findings', '1'] canary 帳逐位元不變
  ✓ 載體零引句/True/F1/[] rc2 且明確拒收
  ✓ 載體零引句/True/F1/[] 提示兩條復原路徑
  ✓ 載體零引句/True/F1/[] 不印成功、不 traceback
  ✓ 載體零引句/True/F1/[] canary 帳逐位元不變
  ✓ 載體快照 IO/True rc2、不誤報零引句
  ✓ 載體快照 IO/True canary 帳逐位元不變

最慢 5 支(超時上限 180s;餘裕 = 上限 / 最慢):
     5.9s  t_canary_carrier_zero_quote_rejected  (餘裕 30x)
     4.1s  t_canary_carrier_evidence_changes_before_hash  (餘裕 44x)
     3.4s  t_canary_carrier_quote_positive_controls  (餘裕 53x)
     2.5s  t_canary_carrier_invalid_report_encoding  (餘裕 72x)

────────────────────────────────────────
85 passed, 0 failed
