受影響功能面(d09da5916f3fc4907a30fdb01cb5ebb6e68e10ab..HEAD;2 檔;固定席 28+top 8——審計鏡頭,人判):
   0.84 ★家★ 直接 Systems/loop-convergence-recording.md ★RISK·守衛面★ [固定]  ←scripts/lumos
   0.79 ★家★ 直接 Systems/design-loop.md ★INVARIANT★ [固定]  ←scripts/lumos,scripts/test_lumos.py
   0.74 ★家★ 直接 Systems/pitfalls-code-loop.md ★RISK·守衛面★ [固定]  ←scripts/lumos
   0.70 ★家★ hop1 Systems/bound-tests-gate.md ★INVARIANT★ [固定]  ←scripts/lumos,scripts/test_lumos.py
   0.70 ★家★ hop1 Systems/guard-kill.md ★INVARIANT★ [固定]  ←scripts/lumos,scripts/test_lumos.py
   0.70 ★家★ hop1 Systems/授權與歸屬.md ★INVARIANT★ [固定]  ←scripts/lumos
   0.70 ★家★ hop1 Systems/測試假綠形態.md ★INVARIANT★ [固定]  ←scripts/lumos,scripts/test_lumos.py
   0.67 ★家★ 直接 Systems/lumos-cli-read.md ★INVARIANT★ [固定]  ←scripts/lumos,scripts/test_lumos.py
   0.64 ★家★ 直接 Systems/lumos-cli-lifecycle.md ★INVARIANT★ [固定]  ←scripts/lumos,scripts/test_lumos.py
   0.56 ★家★ 直接 Systems/reversibility-governance-ledger.md ★RISK·守衛面★ [固定]  ←scripts/lumos
   0.48 ★家★ 直接 Systems/lumos-deinit.md ★RISK·不可逆★ [固定]  ←scripts/lumos,scripts/test_lumos.py
   0.44 ★家★ 直接 Systems/check-r-guard.md ★RISK·守衛面★ [固定]  ←scripts/lumos,scripts/test_lumos.py
   0.41 ★家★ 直接 Systems/doctor-irreversible-hint.md ★RISK·守衛面★ [固定]  ←scripts/lumos
   0.41 ★家★ 直接 Systems/節點範圍與索引守衛.md ★INVARIANT★ [固定]  ←scripts/lumos,scripts/test_lumos.py
   0.41 ★家★ 直接 Systems/check-t-sentinel.md ★RISK·守衛面★ [固定]  ←scripts/lumos
   0.40 ★家★ 直接 Systems/lumos-refcheck.md ★RISK·守衛面★ [固定]  ←scripts/lumos
   0.40 ★家★ 直接 Systems/cochange-guard.md ★RISK·守衛面★ [固定]  ←scripts/lumos,scripts/test_lumos.py
   0.91 直接 Systems/slim-uninstall-一行卸載.md ★INVARIANT★ [固定]  ←scripts/lumos,scripts/test_lumos.py
   0.77 直接 Systems/slim-install-安裝器.md ★INVARIANT★ [固定]  ←scripts/lumos,scripts/test_lumos.py
   0.70 hop1 Systems/canary-audit.md ★INVARIANT★ [固定]  ←scripts/lumos,scripts/test_lumos.py
   0.70 hop1 Systems/slim-get-一行安裝.md ★INVARIANT★ [固定]  ←scripts/lumos,scripts/test_lumos.py
   0.57 直接 Projects/規格落成可驗收條件_計劃.md ★RISK·守衛面★ [固定]  ←scripts/lumos,scripts/test_lumos.py
   0.53 直接 Projects/異常派工單回報輸入錯誤_計劃.md ★RISK·守衛面★ [固定]  ←scripts/lumos,scripts/test_lumos.py
   0.50 直接 Projects/逃逸自動記_計劃.md ★RISK·守衛面★ [固定]  ←scripts/lumos,scripts/test_lumos.py
   0.50 直接 Projects/雙向門放行_計劃.md ★RISK·守衛面★ [固定]  ←scripts/lumos
   0.49 直接 Projects/引用座標依實際換行_計劃.md ★RISK·守衛面★ [固定]  ←scripts/lumos,scripts/test_lumos.py
   0.43 直接 Systems/core-invariant-baseline.md ★RISK·守衛面★ [固定]  ←scripts/lumos
   0.43 直接 Systems/judge-severity-gate.md ★RISK·守衛面★ [固定]  ←scripts/lumos
   1.00 直接 Projects/公開精簡版_實作計畫.md  ←scripts/lumos,scripts/test_lumos.py
   0.82 直接 Projects/code側刪除傳播守衛_實作計畫.md  ←scripts/lumos,scripts/test_lumos.py
   0.79 直接 Issues/主程式讀取路徑漏接UnicodeDecodeError.md  ←scripts/lumos
   0.77 直接 Projects/test-layers軟提醒_實作計畫.md  ←scripts/lumos,scripts/test_lumos.py
   0.74 直接 Projects/design-loop重設計_實作計畫.md  ←scripts/lumos
   0.72 ★家★ 直接 Systems/lumos-cli-write.md  ←scripts/lumos,scripts/test_lumos.py
   0.70 直接 Projects/舊句檢查_計劃.md  ←scripts/lumos,scripts/test_lumos.py
   0.70 直接 Projects/收斂閘漏項敏感度v2_計劃.md  ←scripts/lumos,scripts/test_lumos.py

落成核對(這批動過 9 篇筆記):
  提醒:下面這些筆記跟改到的程式碼直接相關(家 / 合約 / 事故 / 直接相依),這批沒動:
  ⚠必看 Systems/slim-uninstall-一行卸載.md  ←scripts/lumos,scripts/test_lumos.py
  ⚠必看 Systems/loop-convergence-recording.md  ←scripts/lumos
  ⚠必看 Systems/slim-install-安裝器.md  ←scripts/lumos,scripts/test_lumos.py
  ⚠必看 Systems/bound-tests-gate.md  ←scripts/lumos,scripts/test_lumos.py
  ⚠必看 Systems/guard-kill.md  ←scripts/lumos,scripts/test_lumos.py
  ⚠必看 Systems/授權與歸屬.md  ←scripts/lumos
  ⚠必看 Systems/slim-get-一行安裝.md  ←scripts/lumos,scripts/test_lumos.py
  ⚠必看 Systems/lumos-cli-read.md  ←scripts/lumos,scripts/test_lumos.py
  … 還有 23 篇(lumos impact --diff d09da5916f3fc4907a30fdb01cb5ebb6e68e10ab..HEAD --sync-check --json 看全部)
  確定不受影響就略過;受影響的現在補。這裡只提醒不擋。
