lumos 測試(2 案例)
  ✓ 載體全錨/False/none/['--findings', '1'] 成功
  ✓ 載體全錨/False/none 前置：確實解析審查報告
  ✓ 載體全錨/False/none ID 保留原意
  ✓ 載體全錨/False/F1/[] 成功
  ✓ 載體全錨/False/F1 前置：確實解析審查報告
  ✓ 載體全錨/False/F1 ID 保留原意
  ✓ 載體全錨/False/F1,F2/['--findings', '1'] 成功
  ✓ 載體全錨/False/F1,F2 前置：確實解析審查報告
  ✓ 載體全錨/False/F1,F2 ID 保留原意
  ✓ 載體全錨/True/none/['--findings', '1'] 成功
  ✓ 載體全錨/True/none 前置：確實解析審查報告
  ✓ 載體全錨/True/none ID 保留原意
  ✓ 載體全錨/True/F1/[] 成功
  ✓ 載體全錨/True/F1 前置：確實解析審查報告
  ✓ 載體全錨/True/F1 ID 保留原意
  ✓ 載體全錨/True/F1,F2/['--findings', '1'] 成功
  ✓ 載體全錨/True/F1,F2 前置：確實解析審查報告
  ✓ 載體全錨/True/F1,F2 ID 保留原意
  ✗ t_canary_carrier_zero_quote_rejected EXCEPTION: rc=2 預期 0

擋下:代碼審(code-zq-prefix-1b2e70)的每一筆記帳都要帶 --snapshot——現在不擋的話,要到問處置閘才會發現,而那時帳本已經不能撤銷,只能整輪換編號重記
  --report <這一席的報告>  --snapshot <這一輪凍結的 patch>


最慢 5 支(超時上限 180s;餘裕 = 上限 / 最慢):
     4.3s  t_canary_carrier_quote_positive_controls  (餘裕 42x)

────────────────────────────────────────
18 passed, 1 failed
  這一輪的暫存現場留著沒刪(有紅或 --keep-tmp):/var/folders/tc/xmllmxtn4q5704lsy80wc1kw0000gn/T/gctl-run-64ai6qks
