lumos 測試(1 案例)
  ✓ 索引輸入快照/False/config:程式與測試及家一起staged
  ✓ 索引輸入快照/False/config:真實索引輸入已變動並還原
  ✗ 索引輸入快照/False/config:不採信暫時輸入而誤放路由  提醒:src/a.py 改了,它的家 Systems/Production 這次沒動——行為有變的話說明要寫進去。
SNAPSHOT:[{"restored": true, "seen_transient": true}]

  ✓ 索引輸入快照/False/declaration:程式與測試及家一起staged
  ✓ 索引輸入快照/False/declaration:真實索引輸入已變動並還原
  ✗ 索引輸入快照/False/declaration:不採信暫時輸入而誤放路由  提醒:src/a.py 改了,它的家 Systems/Production 這次沒動——行為有變的話說明要寫進去。
提醒:Systems/TestHome 這次多管了 tests/check.py,可是它的摘要和正文連這個檔名都沒提到——改這支檔的時候會把這篇推到看的人眼前,推錯篇比沒推更花時間。
  在那篇寫一句它負責 tests/check.py 的什麼;或改掛到真的在講它的那篇:
    lumos remove Systems/TestHome about_code tests/check.py
SNAPSHOT:[{"restored": true, "seen_transient": true}]

  ✓ 索引輸入快照/False/file-mode:程式與測試及家一起staged
  ✓ 索引輸入快照/False/file-mode:真實索引輸入已變動並還原
  ✗ 索引輸入快照/False/file-mode:不採信暫時輸入而誤放路由  提醒:src/a.py 改了,它的家 Systems/Production 這次沒動——行為有變的話說明要寫進去。
SNAPSHOT:[{"restored": true, "seen_transient": true}]

  ✓ 索引輸入快照/True/config:程式與測試及家一起staged
  ✓ 索引輸入快照/True/config:真實索引輸入已變動並還原
  ✗ 索引輸入快照/True/config:不採信暫時輸入而誤放路由  提醒:src/a.py 改了,它的家 Systems/Production 這次沒動——行為有變的話說明要寫進去。
SNAPSHOT:[{"restored": true, "seen_transient": true}]

  ✓ 索引輸入快照/True/declaration:程式與測試及家一起staged
  ✓ 索引輸入快照/True/declaration:真實索引輸入已變動並還原
  ✗ 索引輸入快照/True/declaration:不採信暫時輸入而誤放路由  提醒:src/a.py 改了,它的家 Systems/Production 這次沒動——行為有變的話說明要寫進去。
提醒:Systems/TestHome 這次多管了 tests/check.py,可是它的摘要和正文連這個檔名都沒提到——改這支檔的時候會把這篇推到看的人眼前,推錯篇比沒推更花時間。
  在那篇寫一句它負責 tests/check.py 的什麼;或改掛到真的在講它的那篇:
    lumos remove Systems/TestHome about_code tests/check.py
SNAPSHOT:[{"restored": true, "seen_transient": true}]

  ✓ 索引輸入快照/True/file-mode:程式與測試及家一起staged
  ✓ 索引輸入快照/True/file-mode:真實索引輸入已變動並還原
  ✗ 索引輸入快照/True/file-mode:不採信暫時輸入而誤放路由  提醒:src/a.py 改了,它的家 Systems/Production 這次沒動——行為有變的話說明要寫進去。
SNAPSHOT:[{"restored": true, "seen_transient": true}]

  ✗ FAILED t_nodehome_optional_test_input_snapshots(6 條斷言)

最慢 5 支(超時上限 180s;餘裕 = 上限 / 最慢):
    22.6s  t_nodehome_optional_test_input_snapshots  (餘裕 8x)

────────────────────────────────────────
12 passed, 6 failed
  這一輪的暫存現場留著沒刪(有紅或 --keep-tmp):/var/folders/tc/xmllmxtn4q5704lsy80wc1kw0000gn/T/gctl-run-zp8_2oj_
