lumos 測試(1 案例)
  ✓ 索引輸入快照/False/config:程式與測試及家一起staged
  ✓ 索引輸入快照/False/config:真實索引輸入已變動並還原
  ✓ 索引輸入快照/False/config:不採信暫時輸入而誤放路由
  ✓ 索引輸入快照/False/declaration:程式與測試及家一起staged
  ✓ 索引輸入快照/False/declaration:真實索引輸入已變動並還原
  ✓ 索引輸入快照/False/declaration:不採信暫時輸入而誤放路由
  ✓ 索引輸入快照/False/file-mode:程式與測試及家一起staged
  ✓ 索引輸入快照/False/file-mode:真實索引輸入已變動並還原
  ✓ 索引輸入快照/False/file-mode:不採信暫時輸入而誤放路由
  ✓ 索引輸入快照/True/config:程式與測試及家一起staged
  ✓ 索引輸入快照/True/config:真實索引輸入已變動並還原
  ✓ 索引輸入快照/True/config:不採信暫時輸入而誤放路由
  ✓ 索引輸入快照/True/declaration:程式與測試及家一起staged
  ✓ 索引輸入快照/True/declaration:真實索引輸入已變動並還原
  ✓ 索引輸入快照/True/declaration:不採信暫時輸入而誤放路由
  ✓ 索引輸入快照/True/file-mode:程式與測試及家一起staged
  ✓ 索引輸入快照/True/file-mode:真實索引輸入已變動並還原
  ✓ 索引輸入快照/True/file-mode:不採信暫時輸入而誤放路由

最慢 5 支(超時上限 180s;餘裕 = 上限 / 最慢):
    25.8s  t_nodehome_optional_test_input_snapshots  (餘裕 7x)

────────────────────────────────────────
18 passed, 0 failed
