lumos 測試(7 案例)
  ✓ 清單快取/4:每提交皆有獨立測試與程式變更
  ✓ 清單快取/4:所有候選仍被辨識
  ✓ 清單快取/4:存活版本有界且返回釋放
  ✓ 清單快取/4:線性相鄰版本只讀一次
  ✓ 清單快取/12:每提交皆有獨立測試與程式變更
  ✓ 清單快取/12:所有候選仍被辨識
  ✓ 清單快取/12:存活版本有界且返回釋放
  ✓ 清單快取/12:線性相鄰版本只讀一次
  ✓ 分組失敗:測試只在前一提交變更
  ✓ 分組失敗/False:故障入口確實執行
  ✓ 分組失敗/False:不跨提交借測試
  ✓ 分組失敗/True:故障入口確實執行
  ✓ 分組失敗/True:不跨提交借測試
  ✓ 測試家現場/False/mixed:宣告歸屬成立
  ✓ 測試家現場/False/mixed:正式程式啟動條件成立
  ✓ 測試家現場/False/mixed:測試變更條件成立
  ✓ 測試家現場/False/mixed:寫回正文已入索引
  ✓ 測試家寫回/False/mixed:預期rc0
  ✓ 測試家現場/False/test-only:宣告歸屬成立
  ✓ 測試家現場/False/test-only:正式程式啟動條件成立
  ✓ 測試家現場/False/test-only:測試變更條件成立
  ✓ 測試家現場/False/test-only:寫回正文已入索引
  ✓ 測試家寫回/False/test-only:預期rc0
  ✓ 測試家現場/False/untouched-test:宣告歸屬成立
  ✓ 測試家現場/False/untouched-test:正式程式啟動條件成立
  ✓ 測試家現場/False/untouched-test:測試變更條件成立
  ✓ 測試家現場/False/untouched-test:寫回正文已入索引
  ✓ 測試家寫回/False/untouched-test:預期rc1
  ✓ 測試家拒收理由/False/untouched-test:命中目標規則
  ✓ 測試家現場/False/unowned-test:宣告歸屬成立
  ✓ 測試家現場/False/unowned-test:正式程式啟動條件成立
  ✓ 測試家現場/False/unowned-test:測試變更條件成立
  ✓ 測試家現場/False/unowned-test:寫回正文已入索引
  ✓ 測試家寫回/False/unowned-test:預期rc0
  ✓ 測試家現場/False/ignored-test:宣告歸屬成立
  ✓ 測試家現場/False/ignored-test:正式程式啟動條件成立
  ✓ 測試家現場/False/ignored-test:測試變更條件成立
  ✓ 測試家現場/False/ignored-test:索引排除設定成立
  ✓ 測試家現場/False/ignored-test:寫回正文已入索引
  ✓ 測試家寫回/False/ignored-test:預期rc1
  ✓ 測試家拒收理由/False/ignored-test:命中目標規則
  ✓ 測試家現場/False/symlink-test:宣告歸屬成立
  ✓ 測試家現場/False/symlink-test:正式程式啟動條件成立
  ✓ 測試家現場/False/symlink-test:測試變更條件成立
  ✓ 測試家現場/False/symlink-test:索引為連結不是一般檔
  ✓ 測試家現場/False/symlink-test:寫回正文已入索引
  ✓ 測試家寫回/False/symlink-test:預期rc1
  ✓ 測試家拒收理由/False/symlink-test:命中目標規則
  ✓ 測試家現場/False/deleted-test:宣告歸屬成立
  ✓ 測試家現場/False/deleted-test:正式程式啟動條件成立
  ✓ 測試家現場/False/deleted-test:測試變更條件成立
  ✓ 測試家現場/False/deleted-test:寫回正文已入索引
  ✓ 測試家寫回/False/deleted-test:預期rc0
  ✓ 測試家現場/False/renamed-test:宣告歸屬成立
  ✓ 測試家現場/False/renamed-test:正式程式啟動條件成立
  ✓ 測試家現場/False/renamed-test:測試變更條件成立
  ✓ 測試家現場/False/renamed-test:寫回正文已入索引
  ✓ 測試家寫回/False/renamed-test:預期rc0
  ✓ 測試家現場/False/json-home:宣告歸屬成立
  ✓ 測試家現場/False/json-home:正式程式啟動條件成立
  ✓ 測試家現場/False/json-home:測試變更條件成立
  ✓ 測試家現場/False/json-home:寫回正文已入索引
  ✓ 測試家寫回/False/json-home:預期rc1
  ✓ 測試家拒收理由/False/json-home:命中目標規則
  ✓ 測試家現場/False/new-homeless:宣告歸屬成立
  ✓ 測試家現場/False/new-homeless:正式程式啟動條件成立
  ✓ 測試家現場/False/new-homeless:測試變更條件成立
  ✓ 測試家現場/False/new-homeless:寫回正文已入索引
  ✓ 測試家寫回/False/new-homeless:預期rc1
  ✓ 測試家拒收理由/False/new-homeless:命中目標規則
  ✓ 測試家現場/False/diff-mixed:宣告歸屬成立
  ✓ 測試家現場/False/diff-mixed:正式程式啟動條件成立
  ✓ 測試家現場/False/diff-mixed:測試變更條件成立
  ✓ 測試家現場/False/diff-mixed:寫回正文已入索引
  ✓ 測試家寫回/False/diff-mixed:預期rc0
  ✓ 測試家現場/False/diff-split:宣告歸屬成立
  ✓ 測試家現場/False/diff-split:正式程式啟動條件成立
  ✓ 測試家現場/False/diff-split:寫回正文已入索引
  ✓ 測試家寫回/False/diff-split:預期rc1
  ✓ 測試家拒收理由/False/diff-split:命中目標規則
  ✓ 測試家現場/False/pure-test-other-home:宣告歸屬成立
  ✓ 測試家現場/False/pure-test-other-home:正式程式啟動條件成立
  ✓ 測試家現場/False/pure-test-other-home:測試變更條件成立
  ✓ 測試家現場/False/pure-test-other-home:寫回正文已入索引
  ✓ 測試家寫回/False/pure-test-other-home:預期rc0
  ✓ 測試家現場/False/diff-middle-delete:宣告歸屬成立
  ✓ 測試家現場/False/diff-middle-delete:正式程式啟動條件成立
  ✓ 測試家現場/False/diff-middle-delete:寫回正文已入索引
  ✓ 測試家現場/False/diff-middle-delete:唯一候選是中間測試
  ✓ 測試家現場/False/diff-middle-delete:中間測試已宣告家
  ✓ 測試家現場/False/diff-middle-delete:候選不在終點
  ✓ 測試家寫回/False/diff-middle-delete:預期rc0
  ✓ 測試家現場/False/diff-middle-rename:宣告歸屬成立
  ✓ 測試家現場/False/diff-middle-rename:正式程式啟動條件成立
  ✓ 測試家現場/False/diff-middle-rename:寫回正文已入索引
  ✓ 測試家現場/False/diff-middle-rename:唯一候選是中間測試
  ✓ 測試家現場/False/diff-middle-rename:中間測試已宣告家
  ✓ 測試家現場/False/diff-middle-rename:候選不在終點
  ✓ 測試家寫回/False/diff-middle-rename:預期rc0
  ✓ 測試家現場/False/diff-double-rename:宣告歸屬成立
  ✓ 測試家現場/False/diff-double-rename:正式程式啟動條件成立
  ✓ 測試家現場/False/diff-double-rename:寫回正文已入索引
  ✓ 測試家現場/False/diff-double-rename:唯一候選是中間測試
  ✓ 測試家現場/False/diff-double-rename:中間測試已宣告家
  ✓ 測試家現場/False/diff-double-rename:候選不在終點
  ✓ 測試家寫回/False/diff-double-rename:預期rc0
  ✓ 測試家現場/False/shebang-index-positive:宣告歸屬成立
  ✓ 測試家現場/False/shebang-index-positive:正式程式啟動條件成立
  ✓ 測試家現場/False/shebang-index-positive:測試變更條件成立
  ✓ 測試家現場/False/shebang-index-positive:寫回正文已入索引
  ✓ 測試家現場/False/shebang-index-positive:索引與磁碟首行相反
  ✓ 測試家寫回/False/shebang-index-positive:預期rc0
  ✓ 測試家現場/False/shebang-index-negative:宣告歸屬成立
  ✓ 測試家現場/False/shebang-index-negative:正式程式啟動條件成立
  ✓ 測試家現場/False/shebang-index-negative:測試變更條件成立
  ✓ 測試家現場/False/shebang-index-negative:寫回正文已入索引
  ✓ 測試家現場/False/shebang-index-negative:索引與磁碟首行相反
  ✓ 測試家寫回/False/shebang-index-negative:預期rc1
  ✓ 測試家拒收理由/False/shebang-index-negative:命中目標規則
  ✓ 測試家現場/True/mixed:宣告歸屬成立
  ✓ 測試家現場/True/mixed:正式程式啟動條件成立
  ✓ 測試家現場/True/mixed:測試變更條件成立
  ✓ 測試家現場/True/mixed:寫回正文已入索引
  ✓ 測試家寫回/True/mixed:預期rc0
  ✓ 測試家現場/True/test-only:宣告歸屬成立
  ✓ 測試家現場/True/test-only:正式程式啟動條件成立
  ✓ 測試家現場/True/test-only:測試變更條件成立
  ✓ 測試家現場/True/test-only:寫回正文已入索引
  ✓ 測試家寫回/True/test-only:預期rc0
  ✓ 測試家現場/True/untouched-test:宣告歸屬成立
  ✓ 測試家現場/True/untouched-test:正式程式啟動條件成立
  ✓ 測試家現場/True/untouched-test:測試變更條件成立
  ✓ 測試家現場/True/untouched-test:寫回正文已入索引
  ✓ 測試家寫回/True/untouched-test:預期rc1
  ✓ 測試家拒收理由/True/untouched-test:命中目標規則
  ✓ 測試家現場/True/unowned-test:宣告歸屬成立
  ✓ 測試家現場/True/unowned-test:正式程式啟動條件成立
  ✓ 測試家現場/True/unowned-test:測試變更條件成立
  ✓ 測試家現場/True/unowned-test:寫回正文已入索引
  ✓ 測試家寫回/True/unowned-test:預期rc0
  ✓ 測試家現場/True/ignored-test:宣告歸屬成立
  ✓ 測試家現場/True/ignored-test:正式程式啟動條件成立
  ✓ 測試家現場/True/ignored-test:測試變更條件成立
  ✓ 測試家現場/True/ignored-test:索引排除設定成立
  ✓ 測試家現場/True/ignored-test:寫回正文已入索引
  ✓ 測試家寫回/True/ignored-test:預期rc1
  ✓ 測試家拒收理由/True/ignored-test:命中目標規則
  ✓ 測試家現場/True/symlink-test:宣告歸屬成立
  ✓ 測試家現場/True/symlink-test:正式程式啟動條件成立
  ✓ 測試家現場/True/symlink-test:測試變更條件成立
  ✓ 測試家現場/True/symlink-test:索引為連結不是一般檔
  ✓ 測試家現場/True/symlink-test:寫回正文已入索引
  ✓ 測試家寫回/True/symlink-test:預期rc1
  ✓ 測試家拒收理由/True/symlink-test:命中目標規則
  ✓ 測試家現場/True/deleted-test:宣告歸屬成立
  ✓ 測試家現場/True/deleted-test:正式程式啟動條件成立
  ✓ 測試家現場/True/deleted-test:測試變更條件成立
  ✓ 測試家現場/True/deleted-test:寫回正文已入索引
  ✓ 測試家寫回/True/deleted-test:預期rc0
  ✓ 測試家現場/True/renamed-test:宣告歸屬成立
  ✓ 測試家現場/True/renamed-test:正式程式啟動條件成立
  ✓ 測試家現場/True/renamed-test:測試變更條件成立
  ✓ 測試家現場/True/renamed-test:寫回正文已入索引
  ✓ 測試家寫回/True/renamed-test:預期rc0
  ✓ 測試家現場/True/json-home:宣告歸屬成立
  ✓ 測試家現場/True/json-home:正式程式啟動條件成立
  ✓ 測試家現場/True/json-home:測試變更條件成立
  ✓ 測試家現場/True/json-home:寫回正文已入索引
  ✓ 測試家寫回/True/json-home:預期rc1
  ✓ 測試家拒收理由/True/json-home:命中目標規則
  ✓ 測試家現場/True/new-homeless:宣告歸屬成立
  ✓ 測試家現場/True/new-homeless:正式程式啟動條件成立
  ✓ 測試家現場/True/new-homeless:測試變更條件成立
  ✓ 測試家現場/True/new-homeless:寫回正文已入索引
  ✓ 測試家寫回/True/new-homeless:預期rc1
  ✓ 測試家拒收理由/True/new-homeless:命中目標規則
  ✓ 測試家現場/True/diff-mixed:宣告歸屬成立
  ✓ 測試家現場/True/diff-mixed:正式程式啟動條件成立
  ✓ 測試家現場/True/diff-mixed:測試變更條件成立
  ✓ 測試家現場/True/diff-mixed:寫回正文已入索引
  ✓ 測試家寫回/True/diff-mixed:預期rc0
  ✓ 測試家現場/True/diff-split:宣告歸屬成立
  ✓ 測試家現場/True/diff-split:正式程式啟動條件成立
  ✓ 測試家現場/True/diff-split:寫回正文已入索引
  ✓ 測試家寫回/True/diff-split:預期rc1
  ✓ 測試家拒收理由/True/diff-split:命中目標規則
  ✓ 測試家現場/True/pure-test-other-home:宣告歸屬成立
  ✓ 測試家現場/True/pure-test-other-home:正式程式啟動條件成立
  ✓ 測試家現場/True/pure-test-other-home:測試變更條件成立
  ✓ 測試家現場/True/pure-test-other-home:寫回正文已入索引
  ✓ 測試家寫回/True/pure-test-other-home:預期rc0
  ✓ 測試家現場/True/diff-middle-delete:宣告歸屬成立
  ✓ 測試家現場/True/diff-middle-delete:正式程式啟動條件成立
  ✓ 測試家現場/True/diff-middle-delete:寫回正文已入索引
  ✓ 測試家現場/True/diff-middle-delete:唯一候選是中間測試
  ✓ 測試家現場/True/diff-middle-delete:中間測試已宣告家
  ✓ 測試家現場/True/diff-middle-delete:候選不在終點
  ✓ 測試家寫回/True/diff-middle-delete:預期rc0
  ✓ 測試家現場/True/diff-middle-rename:宣告歸屬成立
  ✓ 測試家現場/True/diff-middle-rename:正式程式啟動條件成立
  ✓ 測試家現場/True/diff-middle-rename:寫回正文已入索引
  ✓ 測試家現場/True/diff-middle-rename:唯一候選是中間測試
  ✓ 測試家現場/True/diff-middle-rename:中間測試已宣告家
  ✓ 測試家現場/True/diff-middle-rename:候選不在終點
  ✓ 測試家寫回/True/diff-middle-rename:預期rc0
  ✓ 測試家現場/True/diff-double-rename:宣告歸屬成立
  ✓ 測試家現場/True/diff-double-rename:正式程式啟動條件成立
  ✓ 測試家現場/True/diff-double-rename:寫回正文已入索引
  ✓ 測試家現場/True/diff-double-rename:唯一候選是中間測試
  ✓ 測試家現場/True/diff-double-rename:中間測試已宣告家
  ✓ 測試家現場/True/diff-double-rename:候選不在終點
  ✓ 測試家寫回/True/diff-double-rename:預期rc0
  ✓ 測試家現場/True/shebang-index-positive:宣告歸屬成立
  ✓ 測試家現場/True/shebang-index-positive:正式程式啟動條件成立
  ✓ 測試家現場/True/shebang-index-positive:測試變更條件成立
  ✓ 測試家現場/True/shebang-index-positive:寫回正文已入索引
  ✓ 測試家現場/True/shebang-index-positive:索引與磁碟首行相反
  ✓ 測試家寫回/True/shebang-index-positive:預期rc0
  ✓ 測試家現場/True/shebang-index-negative:宣告歸屬成立
  ✓ 測試家現場/True/shebang-index-negative:正式程式啟動條件成立
  ✓ 測試家現場/True/shebang-index-negative:測試變更條件成立
  ✓ 測試家現場/True/shebang-index-negative:寫回正文已入索引
  ✓ 測試家現場/True/shebang-index-negative:索引與磁碟首行相反
  ✓ 測試家寫回/True/shebang-index-negative:預期rc1
  ✓ 測試家拒收理由/True/shebang-index-negative:命中目標規則
  ✓ 索引ABA/False/False/False:原始索引種子成立
  ✓ 索引ABA/False/False/False:真實索引注入及還原成立
  ✓ 索引ABA/False/False/False:只借原始版本的測試證據
  ✓ 索引ABA/False/False/False:只依原始版本判斷
  ✓ 索引ABA/False/False/False:檢查後索引內容不變
  ✓ 索引ABA/False/False/True:原始索引種子成立
  ✓ 索引ABA/False/False/True:真實索引注入及還原成立
  ✓ 索引ABA/False/False/True:只借原始版本的測試證據
  ✓ 索引ABA/False/False/True:只依原始版本判斷
  ✓ 索引ABA/False/False/True:檢查後索引內容不變
  ✓ 索引ABA/False/True/True:原始索引種子成立
  ✓ 索引ABA/False/True/True:真實索引注入及還原成立
  ✓ 索引ABA/False/True/True:只借原始版本的測試證據
  ✓ 索引ABA/False/True/True:只依原始版本判斷
  ✓ 索引ABA/False/True/True:檢查後索引內容不變
  ✓ 索引ABA/True/False/False:原始索引種子成立
  ✓ 索引ABA/True/False/False:真實索引注入及還原成立
  ✓ 索引ABA/True/False/False:只借原始版本的測試證據
  ✓ 索引ABA/True/False/False:只依原始版本判斷
  ✓ 索引ABA/True/False/False:檢查後索引內容不變
  ✓ 索引ABA/True/False/True:原始索引種子成立
  ✓ 索引ABA/True/False/True:真實索引注入及還原成立
  ✓ 索引ABA/True/False/True:只借原始版本的測試證據
  ✓ 索引ABA/True/False/True:只依原始版本判斷
  ✓ 索引ABA/True/False/True:檢查後索引內容不變
  ✓ 索引ABA/True/True/True:原始索引種子成立
  ✓ 索引ABA/True/True/True:真實索引注入及還原成立
  ✓ 索引ABA/True/True/True:只借原始版本的測試證據
  ✓ 索引ABA/True/True/True:只依原始版本判斷
  ✓ 索引ABA/True/True/True:檢查後索引內容不變
  ✓ 索引證據/False/index-change:現場三項一起staged
  ✓ 索引證據/False/index-change:注入確實發生且暫存區現場符合模式
  ✓ 索引證據/False/index-change:只拒收已撤回的測試證據
  ✓ 索引證據/False/index-change:檢查未改寫暫存區
  ✓ 索引證據/False/stable:現場三項一起staged
  ✓ 索引證據/False/stable:注入確實發生且暫存區現場符合模式
  ✓ 索引證據/False/stable:只拒收已撤回的測試證據
  ✓ 索引證據/False/stable:檢查未改寫暫存區
  ✓ 索引證據/False/worktree-only:現場三項一起staged
  ✓ 索引證據/False/worktree-only:注入確實發生且暫存區現場符合模式
  ✓ 索引證據/False/worktree-only:只拒收已撤回的測試證據
  ✓ 索引證據/False/worktree-only:檢查未改寫暫存區
  ✓ 索引證據/True/index-change:現場三項一起staged
  ✓ 索引證據/True/index-change:注入確實發生且暫存區現場符合模式
  ✓ 索引證據/True/index-change:只拒收已撤回的測試證據
  ✓ 索引證據/True/index-change:檢查未改寫暫存區
  ✓ 索引證據/True/stable:現場三項一起staged
  ✓ 索引證據/True/stable:注入確實發生且暫存區現場符合模式
  ✓ 索引證據/True/stable:只拒收已撤回的測試證據
  ✓ 索引證據/True/stable:檢查未改寫暫存區
  ✓ 索引證據/True/worktree-only:現場三項一起staged
  ✓ 索引證據/True/worktree-only:注入確實發生且暫存區現場符合模式
  ✓ 索引證據/True/worktree-only:只拒收已撤回的測試證據
  ✓ 索引證據/True/worktree-only:檢查未改寫暫存區
  ✓ 版本競態/False/False/False:版本種子成立
  ✓ 版本競態/False/False/False:讀取前換檔確實執行
  ✓ 版本競態/False/False/False:仍依版本拒收或放行
  ✓ 版本競態/False/False/True:版本種子成立
  ✓ 版本競態/False/False/True:讀取前換檔確實執行
  ✓ 版本競態/False/False/True:仍依版本拒收或放行
  ✓ 版本競態/False/True/False:版本種子成立
  ✓ 版本競態/False/True/False:讀取前換檔確實執行
  ✓ 版本競態/False/True/False:仍依版本拒收或放行
  ✓ 版本競態/False/True/True:版本種子成立
  ✓ 版本競態/False/True/True:讀取前換檔確實執行
  ✓ 版本競態/False/True/True:仍依版本拒收或放行
  ✓ 版本競態/True/False/False:版本種子成立
  ✓ 版本競態/True/False/False:讀取前換檔確實執行
  ✓ 版本競態/True/False/False:仍依版本拒收或放行
  ✓ 版本競態/True/False/True:版本種子成立
  ✓ 版本競態/True/False/True:讀取前換檔確實執行
  ✓ 版本競態/True/False/True:仍依版本拒收或放行
  ✓ 版本競態/True/True/False:版本種子成立
  ✓ 版本競態/True/True/False:讀取前換檔確實執行
  ✓ 版本競態/True/True/False:仍依版本拒收或放行
  ✓ 版本競態/True/True/True:版本種子成立
  ✓ 版本競態/True/True/True:讀取前換檔確實執行
  ✓ 版本競態/True/True/True:仍依版本拒收或放行
  ✓ 索引捕獲失敗/False/False:合法測試確實在索引
  ✓ 索引捕獲失敗/False/False:捕獲失敗確實注入
  ✓ 索引捕獲失敗/False/False:只撤回額外測試、不改正式程式退路
  ✓ 索引捕獲失敗/False/False:索引內容不變
  ✓ 索引捕獲失敗/False/True:合法測試確實在索引
  ✓ 索引捕獲失敗/False/True:捕獲失敗確實注入
  ✓ 索引捕獲失敗/False/True:只撤回額外測試、不改正式程式退路
  ✓ 索引捕獲失敗/False/True:索引內容不變
  ✓ 索引捕獲失敗/True/False:合法測試確實在索引
  ✓ 索引捕獲失敗/True/False:捕獲失敗確實注入
  ✓ 索引捕獲失敗/True/False:只撤回額外測試、不改正式程式退路
  ✓ 索引捕獲失敗/True/False:索引內容不變
  ✓ 索引捕獲失敗/True/True:合法測試確實在索引
  ✓ 索引捕獲失敗/True/True:捕獲失敗確實注入
  ✓ 索引捕獲失敗/True/True:只撤回額外測試、不改正式程式退路
  ✓ 索引捕獲失敗/True/True:索引內容不變

最慢 5 支(超時上限 180s;餘裕 = 上限 / 最慢):
    84.6s  t_nodehome_optional_test_home_writeback  (餘裕 2x)  ⚠ 餘裕不足 3 倍
    28.1s  t_nodehome_optional_test_snapshot_race  (餘裕 6x)
    22.8s  t_nodehome_optional_test_index_aba  (餘裕 8x)
    21.9s  t_nodehome_optional_test_index_changed  (餘裕 8x)
    11.9s  t_nodehome_optional_test_tree_capture_failure  (餘裕 15x)

────────────────────────────────────────
319 passed, 0 failed
