report-normalize governance/review-reports/高風險修補測試有效性/r1-通才.md --write
✓ governance/review-reports/高風險修補測試有效性/r1-通才.md 已是正規化格式(檔級行在檔首、每條 finding 一行 severity),不用改

quote-check governance/review-reports/高風險修補測試有效性/r1-通才.md --spec governance/review-reports/高風險修補測試有效性/r1-snapshot.md
  ✓ #1 「留原文／改文、指紋、命令與輸出，確認錯誤真的被載入」
✅ 全數錨定:報告裡每句引言都能在凍結快照找到原文(比對時忽略粗體、反引號和空白差異;比對對象應該是派工當下的凍結快照)

refcheck governance/review-reports/高風險修補測試有效性/r1-通才.md --repo .
refcheck governance/review-reports/高風險修補測試有效性/r1-通才.md(對照的程式碼在 .)
  ✓ ok                governance/review-reports/高風險修補測試有效性/r1-snapshot.md:26 | 先固定當前完整產品版、實際載入來源及測試來源，基線須實際跑到目標案例且成功。只在無對外副作用的隔離副本修改一處相關行為，留原文／改文、指紋、命令與輸出，確認錯誤真的被載入。基線與挑戰沿用相同案例、預期與相關環境。有效偵測須是目標行為斷言因該錯誤失敗；語法錯、載入／收集失敗、超時、未執行或不穩定均未判定，不能把非零退出當成功。
統計: 對得上 ok 1 / 檔案不存在 missing 0 / 行號超出檔案長度 out_of_range 0

seat-check governance/review-reports/高風險修補測試有效性/r1-通才.md --dispatch governance/review-reports/高風險修補測試有效性/r1-dispatch.json
seat-check r1-通才.md: 派工要查但報告沒碰 unreported 0 / 引句超出派工範圍 out_of_scope 0(派工材料 2 份;只觀測不擋)
  (這項只觀測不擋:看的是報告有沒有照派工單走,不評審查角度;引 file:line 當證據一律算合法)

report-normalize governance/review-reports/高風險修補測試有效性/r1-證據品質.md --write
✓ governance/review-reports/高風險修補測試有效性/r1-證據品質.md 已是正規化格式(檔級行在檔首、每條 finding 一行 severity),不用改

quote-check governance/review-reports/高風險修補測試有效性/r1-證據品質.md --spec governance/review-reports/高風險修補測試有效性/r1-snapshot.md
  ✓ #1 「每條讀結果狀態、弱證據與實際失敗內容，總退出碼不能代替逐條判讀」
  ✓ #2 「判定killed也仍須檢視真正斷言，輸出文字歸因不保證語法、收集或載入成功」
✅ 全數錨定:報告裡每句引言都能在凍結快照找到原文(比對時忽略粗體、反引號和空白差異;比對對象應該是派工當下的凍結快照)

refcheck governance/review-reports/高風險修補測試有效性/r1-證據品質.md --repo .
refcheck governance/review-reports/高風險修補測試有效性/r1-證據品質.md(對照的程式碼在 .)
  ✓ ok                governance/review-reports/高風險修補測試有效性/r1-snapshot.md
  ✓ ok                governance/review-reports/高風險修補測試有效性/r1-snapshot.md:30 | 有真實既有合約與配方時使用既有指令入口 [[Systems/guard-kill]] ，每條讀結果狀態、弱證據與實際失敗內容，總退出碼不能代替逐條判讀；判定killed也仍須檢視真正斷言，輸出文字歸因不保證語法、收集或載入成功；既有弱試跑不能當正式背書，人工未綁定實驗不能冒充合約背書。不為使用命令從程式碼反推新合約。本規劃不改任何背書算法或門檻。
  ✓ ok                scripts/lumos:16037 |     # 背書欄位蓋章:head_sha(建沙盒前出錯的已先記空字串)、recipe_id、covers、weak
  ✓ ok                scripts/lumos:16086-16108
  ✓ ok                scripts/lumos:15789 | def _kill_attribute(out, method):
  ✓ ok                scripts/lumos:16011-16015
統計: 對得上 ok 6 / 檔案不存在 missing 0 / 行號超出檔案長度 out_of_range 0

seat-check governance/review-reports/高風險修補測試有效性/r1-證據品質.md --dispatch governance/review-reports/高風險修補測試有效性/r1-dispatch.json
seat-check r1-證據品質.md: 派工要查但報告沒碰 unreported 0 / 引句超出派工範圍 out_of_scope 0(派工材料 2 份;只觀測不擋)
  (這項只觀測不擋:看的是報告有沒有照派工單走,不評審查角度;引 file:line 當證據一律算合法)

report-normalize governance/review-reports/高風險修補測試有效性/r1-可執行性.md --write
✓ governance/review-reports/高風險修補測試有效性/r1-可執行性.md 已是正規化格式(檔級行在檔首、每條 finding 一行 severity),不用改

quote-check governance/review-reports/高風險修補測試有效性/r1-可執行性.md --spec governance/review-reports/高風險修補測試有效性/r1-snapshot.md
  ✓ #1 「只在無對外副作用的隔離副本修改一處相關行為，留原文／改文、指紋、命令與輸出，確認錯誤真的被載入。」
  ✓ #2 「有效偵測須是目標行為斷言因該錯誤失敗；語法錯、載入／收集失敗、超時、未執行或不穩定均未判定，不能把非零退出當成功。」
✅ 全數錨定:報告裡每句引言都能在凍結快照找到原文(比對時忽略粗體、反引號和空白差異;比對對象應該是派工當下的凍結快照)

refcheck governance/review-reports/高風險修補測試有效性/r1-可執行性.md --repo .
refcheck governance/review-reports/高風險修補測試有效性/r1-可執行性.md(對照的程式碼在 .)
統計: 對得上 ok 0 / 檔案不存在 missing 0 / 行號超出檔案長度 out_of_range 0

seat-check governance/review-reports/高風險修補測試有效性/r1-可執行性.md --dispatch governance/review-reports/高風險修補測試有效性/r1-dispatch.json
seat-check r1-可執行性.md: 派工要查但報告沒碰 unreported 0 / 引句超出派工範圍 out_of_scope 0(派工材料 2 份;只觀測不擋)
  (這項只觀測不擋:看的是報告有沒有照派工單走,不評審查角度;引 file:line 當證據一律算合法)

report-normalize governance/review-reports/高風險修補測試有效性/r1-架構對齊.md --write
✓ governance/review-reports/高風險修補測試有效性/r1-架構對齊.md 已是正規化格式(檔級行在檔首、每條 finding 一行 severity),不用改

quote-check governance/review-reports/高風險修補測試有效性/r1-架構對齊.md --spec governance/review-reports/高風險修補測試有效性/r1-snapshot.md
  ✓ #1 「每條讀結果狀態、弱證據與實際失敗內容，總退出碼不能代替逐條判讀」
✅ 全數錨定:報告裡每句引言都能在凍結快照找到原文(比對時忽略粗體、反引號和空白差異;比對對象應該是派工當下的凍結快照)

refcheck governance/review-reports/高風險修補測試有效性/r1-架構對齊.md --repo .
refcheck governance/review-reports/高風險修補測試有效性/r1-架構對齊.md(對照的程式碼在 .)
統計: 對得上 ok 0 / 檔案不存在 missing 0 / 行號超出檔案長度 out_of_range 0

seat-check governance/review-reports/高風險修補測試有效性/r1-架構對齊.md --dispatch governance/review-reports/高風險修補測試有效性/r1-dispatch.json
seat-check r1-架構對齊.md: 派工要查但報告沒碰 unreported 0 / 引句超出派工範圍 out_of_scope 0(派工材料 2 份;只觀測不擋)
  (這項只觀測不擋:看的是報告有沒有照派工單走,不評審查角度;引 file:line 當證據一律算合法)
