lumos 測試(17 案例)
  ✓ ①非 code- 迴圈 rc2
  ✓ ②輪次 'r1/x' rc2
  ✓ ②輪次 '..' rc2
  ✓ ②輪次 'r1\x01' rc2
  ✓ ②迴圈編號含 / rc2
  ✓ ②紀錄含空字元 rc2(不是當掉)
  ✓ ②紀錄含空字元 rc2(不是當掉)
  ✓ ②紀錄含孤立代理字元 rc2(不是當掉)
  ✓ ③紀錄不是合法 JSON rc2
  ✓ ④測試名超過上限 rc2
  ✓ ⑤base 'nosuchrev' rc2
  ✓ ⑤base '-x' rc2
  ✓ ⑤base '' rc2
  ✓ ⑥回 2 都不寫事件
  ✓ ⑥b note 裡寫字面的反斜線 u0000 不算空字元
  ✓ ⑦預設平台不在清單 → 樹裡設定讀不懂 rc2
  ✓ ⑧沒進版控的平台只印「釘不住版本」、照常驗
  ✓ ⑨主工作目錄沒提交的改動照常驗並列出
  ✓ ⑩樹裡的設定檔不被改寫(提交裡那份沒變)
  ✓ ⑪絕對路徑的平台根:釘不住版本,紀錄用到 → 第 3 項判不過
  ✓ ⑫子模組當平台根:釘不住版本
  ✓ ①合約測試紅 → 回 1 寫出名字
  ✓ ②合約測試綠 → 過
  ✓ ③有程式檔改名只印提醒
  ✓ ④LUMOS_SKIP_BOUND_TESTS=1 判不過
  ✓ ⑥合約測試閘回 green 但有平台沒設 run_cmd 沒跑 → 判不過
  ✓ ⑤設定壞(沒有預設平台)在先決條件就回 2
  ✓ ①過了寫一筆 passed
  ✓ ②欄位齊
  ✓ ③同提交連跑兩次 gov 讀出兩筆(去重鍵帶事件隨機碼)
  ✓ ④LUMOS_SKIP_FIX_CHECK=1 回 0 記 skipped-env
  ✓ ⑤沒過寫 warned
  ✓ ⑥不用跑(只有 spec 類折入)回 0、不寫事件
  ✓ ⑦回 2 不寫事件
  ✓ ⑦b 加了新欄位型別之後,本 repo 各本帳型別對的行數不變
  ✓ ⑧寫不進帳時印「這次結果沒記到帳」
  ✓ ①回 1
  ✓ ②紅的寫出名字
  ✓ ③撞名附篩選匹配到
  ✓ ④綠的不報
  ✓ ⑤第 3 項不存在先回報、不啟動其餘測試
  ✓ ⑥沒有殘留工作樹
  ✓ ⑦主工作目錄除了治理帳之外不變
  ✓ ⑧全綠時過(一支宣告、三個案例的參數化測試不算撞名)
  ✓ ⑨run_cmd 沒有 {method} 判不過
  ✓ ⑩多平台(平台根是子資料夾)全綠時過
  ✓ 前置 command:恰好一筆事件
  ✓ 前置 command:隔離工作樹已清理
  ✓ 前置 command:保持回 1 與失敗
  ✓ 前置 command:收齊便宜錯誤
  ✓ 前置 command:零測試 runner 啟動
  ✓ 前置 command:明示未執行而非通過
  ✓ 前置 command:事件只記 warned
  ✓ 前置 missing:恰好一筆事件
  ✓ 前置 missing:隔離工作樹已清理
  ✓ 前置 missing:保持回 1 與失敗
  ✓ 前置 missing:收齊便宜錯誤
  ✓ 前置 missing:零測試 runner 啟動
  ✓ 前置 missing:明示未執行而非通過
  ✓ 前置 missing:事件只記 warned
  ✓ 前置 record:恰好一筆事件
  ✓ 前置 record:隔離工作樹已清理
  ✓ 留痕 record:JSON 明示兩段狀態
  ✓ 留痕 record:治理事件同樣持久保存
  ✓ 留痕 record:舊列可讀、壞型別列略過
  ✓ 留痕 record:mapper 保留新欄位而舊欄未知
  ✓ 前置 valid:恰好一筆事件
  ✓ 前置 valid:隔離工作樹已清理
  ✓ 留痕 valid:JSON 明示兩段狀態
  ✓ 留痕 valid:治理事件同樣持久保存
  ✓ 留痕 valid:舊列可讀、壞型別列略過
  ✓ 留痕 valid:mapper 保留新欄位而舊欄未知
  ✓ 前置 record:恰好一筆事件
  ✓ 前置 record:隔離工作樹已清理
  ✓ 前置 record:保持回 1 與失敗
  ✓ 前置 record:收齊便宜錯誤
  ✓ 前置 record:零測試 runner 啟動
  ✓ 前置 record:明示未執行而非通過
  ✓ 前置 record:事件只記 warned
  ✓ 前置 mixed:恰好一筆事件
  ✓ 前置 mixed:隔離工作樹已清理
  ✓ 前置 mixed:保持回 1 與失敗
  ✓ 前置 mixed:收齊便宜錯誤
  ✓ 前置 mixed:零測試 runner 啟動
  ✓ 前置 mixed:明示未執行而非通過
  ✓ 前置 mixed:事件只記 warned
  ✓ 前置 repeat:恰好一筆事件
  ✓ 前置 repeat:隔離工作樹已清理
  ✓ 前置 repeat:保持回 1 與失敗
  ✓ 前置 repeat:收齊便宜錯誤
  ✓ 前置 repeat:零測試 runner 啟動
  ✓ 前置 repeat:明示未執行而非通過
  ✓ 前置 repeat:事件只記 warned
  ✓ 前置 valid:恰好一筆事件
  ✓ 前置 valid:隔離工作樹已清理
  ✓ 有效 valid:兩段 runner 都啟動
  ✓ 有效 valid:兩段各執行自己的方法
  ✓ 有效 valid:保持綠紅判定
  ✓ 有效 valid:事件保持原判定
  ✓ 有效 valid:沒有未執行提示
  ✓ 前置 test-red:恰好一筆事件
  ✓ 前置 test-red:隔離工作樹已清理
  ✓ 有效 test-red:兩段 runner 都啟動
  ✓ 有效 test-red:兩段各執行自己的方法
  ✓ 有效 test-red:保持綠紅判定
  ✓ 有效 test-red:事件保持原判定
  ✓ 有效 test-red:沒有未執行提示
  ✓ 前置 bound-red:恰好一筆事件
  ✓ 前置 bound-red:隔離工作樹已清理
  ✓ 有效 bound-red:兩段 runner 都啟動
  ✓ 有效 bound-red:兩段各執行自己的方法
  ✓ 有效 bound-red:保持綠紅判定
  ✓ 有效 bound-red:事件保持原判定
  ✓ 有效 bound-red:沒有未執行提示
  ✓ ①改到配方指著的檔 → 印說明與重跑指令、過不過不受影響
  ✓ ②沒改到的檔(run.py)的配方不印
  ✓ ③平台不在設定(ext)的配方不收
  ✓ ③b 工作目錄的筆記沒提交的改動不算:照提交裡的配方提醒
  ✓ ③c 知識庫在 repo 外 → 一行說明、不靜默
  ✓ ④--json 的 notes 陣列也有
  ✓ ⑤平台根在樹外(別的 repo)→ 不收;同 repo 的照收
  ✓ ①回 1
  ✓ ②漏收 f2 寫出 id
  ✓ ③spec 類 f3 不要求落在組裡
  ✓ ④類別不在清單
  ✓ ⑤fixed 沒測試
  ✓ ⑥unaffected 沒理由
  ✓ ⑦函式段空
  ✓ ⑧fixed 的檔沒改過
  ✓ ⑨at 是資料夾
  ✓ ⑩含 ..
  ✓ ⑪測試名含 ] 與 ,
  ✓ ⑫找不到函式段
  ✓ ⑬已刪掉的 fixed 檔不驗函式段
  ✓ ⑮at 是符號連結判不過
  ✓ ⑭中文檔名認得改動、web:t_x 與空白名過格式
  ✓ ①stdout 是骨架 JSON、base 帶入
  ✓ ②每條 code 類折入一組、process 類不列
  ✓ ③提示在標準錯誤
  ✓ ④不寫檔
  ✓ ⑤派工單壞掉 → base 留空並說明
  ✓ ①同類連兩輪、major、沒寫 prior → 回 1
  ✓ ①b prior 兩欄不到十個字 → 仍回 1
  ✓ ②寫了 prior → 這項過
  ✓ ③這輪最高只到 minor → 不要求
  ✓ ④兩組都是 other → 不要求
  ✓ ①回 1
  ✓ ②寫出找不到的那支
  ✓ ③只在文字裡出現的也算不過
  ✓ ④存在的那支不報
  ✓ ①預設連依賴資料夾(樹裡是連結)
  ✓ ②link_deps=false 時不連
  ✓ ③主工作目錄設定有沒提交改動 → 用提交裡那份並說明
  ✓ ③b 提交裡那份不連依賴 → 主工作目錄不乾淨也不印「可能被載到」
  ✓ ④a 主工作目錄乾淨又連了依賴 → 不印那句警告
  ✓ ④主工作目錄不乾淨又連了依賴 → 警告
  ✓ ④c 只有簿記檔(治理帳)沒提交 → 不列成「沒提交的改動」
  ✓ ④d 主工作目錄沒有任何依賴資料夾 → 不印「可能被載到」(沒連到東西)
  ✓ ④e 依賴資料夾進了版控(樹裡本來就有、沒建連結)→ 不印「可能被載到」
  ✓ ⑤設定檔沒進版控 → 複製進樹並說明、照常驗
  ✓ ①沒有修正紀錄 → needed 附 --record-template
  ✓ ②還沒驗 → 文字模式印提醒與指令
  ✓ ③通過後 status=passed
  ✓ ④通過後文字模式不印提醒、rc 不變
  ✓ ⑤之後只提交了帳本 → 仍 passed
  ✓ ⑥之後提交了程式 → needed
  ✓ ⑦紀錄改過 → needed
  ✓ ⑧最後一筆是 warned → needed
  ✓ ⑧b 最後一筆 passed 但 head_sha 型別不對 → needed(不當掉)
  ✓ ⑨skipped-env → skipped
  ✓ ⑩文字模式印「已跳過」
  ✓ ⑪設計審迴圈不出 fix_check
  ✓ ⑫第 2 輪範本含 --regression-set
  ✓ ⑬第 2 輪範本填 none 真跑成功

最慢 5 支(超時上限 180s;餘裕 = 上限 / 最慢):
    20.1s  t_fix_check_bad_input  (餘裕 9x)
    16.4s  t_loop_next_fix_check_reminder  (餘裕 11x)
    15.1s  t_fix_check_tree_setup  (餘裕 12x)
    11.7s  t_fix_check_gov_event  (餘裕 15x)
     9.6s  t_fix_check_repeat_category_needs_why  (餘裕 19x)

────────────────────────────────────────
174 passed, 0 failed
